widgets-live: proof database maya_widget_gate_proof_reviewsperiod_d7a35a8422c2 on 127.0.0.1:60833 (local)
[31m[Nest] 26168  - [39m10/09/2026, 5:15:03 PM [31m  ERROR[39m [38;5;3m[CrmAdapterFactory] [39m[31mYCLIENTS_PARTNER_TOKEN не задан: подключение YClients и Altegio будет отклоняться для ВСЕХ салонов. Внутренний календарь при этом работает.[39m
[31m[Nest] 26168  - [39m10/09/2026, 5:15:03 PM [31m  ERROR[39m [38;5;3m[CrmAdapterFactory] [39m[31mYCLIENTS_PARTNER_TOKEN не задан: подключение YClients и Altegio будет отклоняться для ВСЕХ салонов. Внутренний календарь при этом работает.[39m
FAIL test/widgets-live/reviews-period-read-restart.probe-spec.ts (5.795 s)
  reviews exact calendar HTTP/auth/parser/C9 READ [SCRIPTED MODEL, SYNTHETIC CANONICAL FACTS]
    ✕ reads the exact calendar scope without private review text and preserves receipts across restart (1548 ms)

  ● reviews exact calendar HTTP/auth/parser/C9 READ [SCRIPTED MODEL, SYNTHETIC CANONICAL FACTS] › reads the exact calendar scope without private review text and preserves receipts across restart

    expect(received).toBe(expected) // Object.is equality

    Expected: "2026-09"
    Received: "last_month"

      637 |     assert.ok(task);
      638 |     expect(task.intent).toBe('reviews.list_recent');
    > 639 |     expect(task.entities.period).toBe(window.month);
          |                                  ^
      640 |     assertPrivateAbsent(answer.body);
      641 |   }
      642 |   async function evidence(

      at assertClarification (widgets-live/reviews-period-read-restart.probe-spec.ts:639:34)
      at Object.<anonymous> (widgets-live/reviews-period-read-restart.probe-spec.ts:897:9)

Test Suites: 1 failed, 1 total
Tests:       1 failed, 1 total
Snapshots:   0 total
Time:        5.818 s
Ran all test suites within paths "test/widgets-live/reviews-period-read-restart.probe-spec.ts".
Test results written to: ../../../../../../../../private/tmp/maya-reviews-period-http-20261009-r1/prepare-jest.json
