widgets-live: proof database maya_widget_gate_proof_bookingconfirmation_40c58eede4cf on 127.0.0.1:61306 (local)
[31m[Nest] 51200  - [39m10/07/2026, 12:01:53 AM [31m  ERROR[39m [38;5;3m[CrmAdapterFactory] [39m[31mYCLIENTS_PARTNER_TOKEN не задан: подключение YClients и Altegio будет отклоняться для ВСЕХ салонов. Внутренний календарь при этом работает.[39m
[31m[Nest] 51200  - [39m10/07/2026, 12:01:54 AM [31m  ERROR[39m [38;5;3m[CrmAdapterFactory] [39m[31mYCLIENTS_PARTNER_TOKEN не задан: подключение YClients и Altegio будет отклоняться для ВСЕХ салонов. Внутренний календарь при этом работает.[39m
FAIL test/widgets-live/booking-confirmation-react.probe-spec.ts (16.566 s)
  Current React canonical booking confirmation [SCRIPTED MODEL / SYNTHETIC A18 / OWN LOCAL PROVIDER]
    ✕ shows current names before explicit COMMIT; success once, revoked link refused, natural UNKNOWN persists on reload (15736 ms)

  ● Current React canonical booking confirmation [SCRIPTED MODEL / SYNTHETIC A18 / OWN LOCAL PROVIDER] › shows current names before explicit COMMIT; success once, revoked link refused, natural UNKNOWN persists on reload

    Browser 1: Timed out: real widget intent

      412 |             : code === 0
      413 |               ? resolve()
    > 414 |               : reject(new Error(`Browser ${code}: ${stderr.slice(-2000)}`)),
          |                        ^
      415 |         );
      416 |       });
      417 |     });

      at widgets-live/booking-confirmation-react.probe-spec.ts:414:24

Test Suites: 1 failed, 1 total
Tests:       1 failed, 1 total
Snapshots:   0 total
Time:        16.582 s
Ran all test suites within paths "test/widgets-live/booking-confirmation-react.probe-spec.ts".
Test results written to: ../../../../../../../../tmp/maya-booking-confirmation-http-react-20261006-r3/browser-jest.json
