widgets-live: proof database maya_widget_gate_proof_staffservices_49e77e6b1ce8 on 127.0.0.1:55640 (local)
FAIL test/widgets-live/staff-services-read-restart.probe-spec.ts (6.217 s)
  staff services actual HTTP/auth/parser/C9/native READ [SCRIPTED MODEL, SYNTHETIC CRM]
    ✕ keeps employee-specific facts and exact evidence through application/PG restart (1767 ms)

  ● staff services actual HTTP/auth/parser/C9/native READ [SCRIPTED MODEL, SYNTHETIC CRM] › keeps employee-specific facts and exact evidence through application/PG restart

    expect(received).toEqual(expected) // deep equality

    - Expected  - 4
    + Received  + 0

      Array [
        Array [
    -     "staff",
    -     null,
    -   ],
    -   Array [
          "services",
          "71",
        ],
      ]

      925 |         expect(
      926 |           transport.slice(n).map((row) => [row.resource, row.staffId ?? null]),
    > 927 |         ).toEqual([
          |           ^
      928 |           ['staff', null],
      929 |           ['services', staffId],
      930 |         ]);

      at Object.<anonymous> (widgets-live/staff-services-read-restart.probe-spec.ts:927:11)

Test Suites: 1 failed, 1 total
Tests:       1 failed, 1 total
Snapshots:   0 total
Time:        6.236 s
Ran all test suites within paths "test/widgets-live/staff-services-read-restart.probe-spec.ts".
Test results written to: ../../../../../../../../private/tmp/maya-staff-services-http-20261009-r1/prepare-jest.json
