✔ exact fractional receipt renders current React wording, freezes controls, and never rewrites sealed facts (16.051875ms)
✔ mismatched company_id never confirms an accepted receipt (1.711458ms)
✔ mismatched goods_id never confirms an accepted receipt (1.262542ms)
✔ mismatched store_id never confirms an accepted receipt (1.397959ms)
✔ mismatched quantity never confirms an accepted receipt (1.521833ms)
✔ mismatched unit_id never confirms an accepted receipt (1.053583ms)
✔ mismatched unit_cost never confirms an accepted receipt (1.113875ms)
✔ mismatched currency never confirms an accepted receipt (1.270791ms)
✔ mismatched line_total never confirms an accepted receipt (0.964209ms)
✔ mismatched received_at never confirms an accepted receipt (1.04475ms)
✔ unknown stays unconfirmed without another submission (1.186791ms)
✔ accepted only stays unconfirmed without another submission (1.136166ms)
✔ no AE stays unconfirmed without another submission (0.861084ms)
✔ no receipt stays unconfirmed without another submission (0.864042ms)
✔ wrong provider stays unconfirmed without another submission (1.157334ms)
✔ not verified stays unconfirmed without another submission (0.812041ms)
✔ sale price requested stays unconfirmed without another submission (0.798166ms)
✔ absolute stock requested stays unconfirmed without another submission (0.823417ms)
✔ wrong operation stays unconfirmed without another submission (1.086166ms)
✔ no_connection cannot offer retry (0.679042ms)
✔ server_error cannot offer retry (0.520083ms)
✔ unexpected_response cannot offer retry (0.477416ms)
✔ only rejection control can claim a rejected receipt (1.363625ms)
✔ duplicate or missing preview field cannot borrow readback (1.754875ms)
✔ projection ignores getters and undeclared provider data (0.075791ms)
✔ allowlisted owner projection copies only own data properties, never accessors or extra payload (1.23075ms)
✔ exact approved diff plus verified owner readback shows confirmation through the standard gateway (14.610083ms)
✔ UNKNOWN never confirms an ACCEPTED pricing button (1.619916ms)
✔ incomplete status never confirms an ACCEPTED pricing button (1.126333ms)
✔ wrong decision never confirms an ACCEPTED pricing button (1.106875ms)
✔ unverified never confirms an ACCEPTED pricing button (1.403875ms)
✔ truthy verification never confirms an ACCEPTED pricing button (1.072416ms)
✔ different provider never confirms an ACCEPTED pricing button (1.067291ms)
✔ different currency never confirms an ACCEPTED pricing button (0.970541ms)
✔ different service never confirms an ACCEPTED pricing button (1.305208ms)
✔ different price never confirms an ACCEPTED pricing button (1.051292ms)
✔ string price never confirms an ACCEPTED pricing button (0.809042ms)
✔ nonfinite price never confirms an ACCEPTED pricing button (1.023334ms)
✔ missing AE receipt never confirms an ACCEPTED pricing button (0.976875ms)
✔ empty AE receipt never confirms an ACCEPTED pricing button (0.883ms)
✔ blank AE receipt never confirms an ACCEPTED pricing button (0.804458ms)
✔ missing outcome never confirms an ACCEPTED pricing button (1.163ms)
✔ missing service row cannot borrow a different diff's owner receipt (1.149292ms)
✔ duplicate service rows cannot borrow a different diff's owner receipt (1.173375ms)
✔ different proposed amount cannot borrow a different diff's owner receipt (1.408375ms)
✔ different proposed currency cannot borrow a different diff's owner receipt (0.76675ms)
✔ ACCEPTED alone and even an unrelated terminal line cannot claim a provider price change (0.587791ms)
✔ canonical rejected decision is shown only for the rejection control (1.185792ms)
✔ successful owner data on a refused gateway response is never confirmation (0.697ms)
✔ lost response says unconfirmed and never automatically sends a second mutation (5.422917ms)
✔ a late result cannot confirm a superseding price proposal (2.486334ms)
✔ unrelated APPROVAL retains its existing ACCEPTED behavior (0.918583ms)
✔ a different WidgetSource cannot borrow pricing wording from an extra capability property (1.098917ms)
✔ React and DOM carriers use the same honest pricing sentences (0.107ms)
✔ confirmed becomes a static diff; repeated callbacks and accessibility redraw preserve its receipt (1.234042ms)
✔ rejected becomes a static diff; repeated callbacks and accessibility redraw preserve its receipt (0.930125ms)
✔ UNKNOWN becomes a static diff; repeated callbacks and accessibility redraw preserve its receipt (0.859333ms)
✔ lost mutation response freezes the preview and explicit repeated click cannot resend or replace UNKNOWN (0.797667ms)
✔ a newly loaded runtime carries no old pricing result or enabled confirmation from history alone (4.302708ms)
✔ receipt preserves colliding exact service labels (PENDING, textOnly=false) (1.061042ms)
✔ receipt preserves colliding exact service labels (Подтвердить цену, textOnly=false) (0.714958ms)
✔ receipt preserves colliding exact service labels (PENDING, textOnly=true) (1.036083ms)
✔ receipt preserves colliding exact service labels (Подтвердить цену, textOnly=true) (0.62475ms)
✔ a corrected proposal supersedes a frozen UNKNOWN card and needs its own authoritative receipt (1.147125ms)
✔ a SUCCEEDED decision from detail freezes its exact parent preview (2.143ms)
✔ a UNKNOWN decision from detail freezes its exact parent preview (1.49775ms)
ℹ tests 66
ℹ suites 0
ℹ pass 66
ℹ fail 0
ℹ cancelled 0
ℹ skipped 0
ℹ todo 0
ℹ duration_ms 180.041167
