widgets-live: proof database maya_widget_gate_proof_c9occ_978e2ae8acf3 on 127.0.0.1:51637 (local)
[31m[Nest] 19450  - [39m10/07/2026, 11:36:44 PM [31m  ERROR[39m [38;5;3m[CrmAdapterFactory] [39m[31mYCLIENTS_PARTNER_TOKEN не задан: подключение YClients и Altegio будет отклоняться для ВСЕХ салонов. Внутренний календарь при этом работает.[39m
FAIL test/widgets-live/history-erasure-react.probe-spec.ts (26.935 s)
  history erasure current React and separate compiled entry restart [synthetic]
    ✕ proves current React erasure and immutable replay across process/PG restart (22717 ms)

  ● history erasure current React and separate compiled entry restart [synthetic] › proves current React erasure and immutable replay across process/PG restart

    browser proof exited 1; inspect browser log

      403 |             ? resolve()
      404 |             : reject(
    > 405 |                 new Error(
          |                 ^
      406 |                   `browser proof exited ${String(code)}; inspect browser log`,
      407 |                 ),
      408 |               ),

      at ChildProcess.<anonymous> (widgets-live/history-erasure-react.probe-spec.ts:405:17)

Test Suites: 1 failed, 1 total
Tests:       1 failed, 1 total
Snapshots:   0 total
Time:        26.957 s
Ran all test suites within paths "test/widgets-live/history-erasure-react.probe-spec.ts".
Test results written to: ../../../../../../../../tmp/maya-history-erasure-ui-20261007-pg-02/prepare-jest.json
