src/analytics/operations-analytics.journal-source.spec.ts(212,12): error TS18047: 'result.attendance' is possibly 'null'.
src/analytics/operations-analytics.journal-source.spec.ts(215,12): error TS18047: 'result.attendance' is possibly 'null'.
src/crm/adapters/yclients-crm.adapter.spec.ts(752,20): error TS2322: Type 'Mock<{ (input: URL | RequestInfo, init?: RequestInit | undefined): Promise<Response>; (input: string | URL | Request, init?: RequestInit | undefined): Promise<...>; }, any[], any>' is not assignable to type '{ (input: URL | RequestInfo, init?: RequestInit | undefined): Promise<Response>; (input: string | URL | Request, init?: RequestInit | undefined): Promise<...>; }'.
  Type '{ (input: URL | RequestInfo, init?: RequestInit | undefined): Promise<Response>; (input: string | URL | Request, init?: RequestInit | undefined): Promise<...>; }' is not assignable to type 'Promise<Response>'.
src/crm/adapters/yclients-crm.adapter.spec.ts(752,28): error TS2743: No overload expects 1 type arguments, but overloads do exist that expect either 0 or 2 type arguments.
src/crm/adapters/yclients-crm.adapter.spec.ts(834,31): error TS2743: No overload expects 1 type arguments, but overloads do exist that expect either 0 or 2 type arguments.
src/crm/adapters/yclients-crm.adapter.spec.ts(859,20): error TS2322: Type 'Mock<{ (input: URL | RequestInfo, init?: RequestInit | undefined): Promise<Response>; (input: string | URL | Request, init?: RequestInit | undefined): Promise<...>; }, any[], any>' is not assignable to type '{ (input: URL | RequestInfo, init?: RequestInit | undefined): Promise<Response>; (input: string | URL | Request, init?: RequestInit | undefined): Promise<...>; }'.
  Type '{ (input: URL | RequestInfo, init?: RequestInit | undefined): Promise<Response>; (input: string | URL | Request, init?: RequestInit | undefined): Promise<...>; }' is not assignable to type 'Promise<Response>'.
src/crm/adapters/yclients-crm.adapter.spec.ts(958,20): error TS2322: Type 'Mock<{ (input: URL | RequestInfo, init?: RequestInit | undefined): Promise<Response>; (input: string | URL | Request, init?: RequestInit | undefined): Promise<...>; }, any[], any>' is not assignable to type '{ (input: URL | RequestInfo, init?: RequestInit | undefined): Promise<Response>; (input: string | URL | Request, init?: RequestInit | undefined): Promise<...>; }'.
  Type '{ (input: URL | RequestInfo, init?: RequestInit | undefined): Promise<Response>; (input: string | URL | Request, init?: RequestInit | undefined): Promise<...>; }' is not assignable to type 'Promise<Response>'.
src/crm/adapters/yclients-crm.adapter.spec.ts(958,28): error TS2743: No overload expects 1 type arguments, but overloads do exist that expect either 0 or 2 type arguments.
src/crm/adapters/yclients-crm.adapter.spec.ts(1004,28): error TS2743: No overload expects 1 type arguments, but overloads do exist that expect either 0 or 2 type arguments.
src/crm/adapters/yclients-crm.adapter.spec.ts(1033,11): error TS2743: No overload expects 1 type arguments, but overloads do exist that expect either 0 or 2 type arguments.
src/crm/adapters/yclients-crm.adapter.spec.ts(1075,30): error TS2743: No overload expects 1 type arguments, but overloads do exist that expect either 0 or 2 type arguments.
src/crm/adapters/yclients-crm.adapter.spec.ts(1092,31): error TS2743: No overload expects 1 type arguments, but overloads do exist that expect either 0 or 2 type arguments.
src/crm/adapters/yclients-crm.adapter.spec.ts(1115,20): error TS2322: Type 'Mock<{ (input: URL | RequestInfo, init?: RequestInit | undefined): Promise<Response>; (input: string | URL | Request, init?: RequestInit | undefined): Promise<...>; }, any[], any>' is not assignable to type '{ (input: URL | RequestInfo, init?: RequestInit | undefined): Promise<Response>; (input: string | URL | Request, init?: RequestInit | undefined): Promise<...>; }'.
  Type '{ (input: URL | RequestInfo, init?: RequestInit | undefined): Promise<Response>; (input: string | URL | Request, init?: RequestInit | undefined): Promise<...>; }' is not assignable to type 'Promise<Response>'.
src/crm/adapters/yclients-crm.adapter.spec.ts(1130,20): error TS2322: Type 'Mock<{ (input: URL | RequestInfo, init?: RequestInit | undefined): Promise<Response>; (input: string | URL | Request, init?: RequestInit | undefined): Promise<...>; }, any[], any>' is not assignable to type '{ (input: URL | RequestInfo, init?: RequestInit | undefined): Promise<Response>; (input: string | URL | Request, init?: RequestInit | undefined): Promise<...>; }'.
  Type '{ (input: URL | RequestInfo, init?: RequestInit | undefined): Promise<Response>; (input: string | URL | Request, init?: RequestInit | undefined): Promise<...>; }' is not assignable to type 'Promise<Response>'.
src/crm/adapters/yclients-crm.adapter.spec.ts(1130,28): error TS2743: No overload expects 1 type arguments, but overloads do exist that expect either 0 or 2 type arguments.
src/crm/adapters/yclients-crm.adapter.spec.ts(1897,20): error TS2322: Type 'Mock<{ (input: URL | RequestInfo, init?: RequestInit | undefined): Promise<Response>; (input: string | URL | Request, init?: RequestInit | undefined): Promise<...>; }, any[], any>' is not assignable to type '{ (input: URL | RequestInfo, init?: RequestInit | undefined): Promise<Response>; (input: string | URL | Request, init?: RequestInit | undefined): Promise<...>; }'.
  Type '{ (input: URL | RequestInfo, init?: RequestInit | undefined): Promise<Response>; (input: string | URL | Request, init?: RequestInit | undefined): Promise<...>; }' is not assignable to type 'Promise<Response>'.
src/crm/adapters/yclients-crm.adapter.spec.ts(1897,28): error TS2743: No overload expects 1 type arguments, but overloads do exist that expect either 0 or 2 type arguments.
src/crm/adapters/yclients-crm.adapter.spec.ts(2133,20): error TS2322: Type 'Mock<{ (input: URL | RequestInfo, init?: RequestInit | undefined): Promise<Response>; (input: string | URL | Request, init?: RequestInit | undefined): Promise<...>; }, any[], any>' is not assignable to type '{ (input: URL | RequestInfo, init?: RequestInit | undefined): Promise<Response>; (input: string | URL | Request, init?: RequestInit | undefined): Promise<...>; }'.
  Type '{ (input: URL | RequestInfo, init?: RequestInit | undefined): Promise<Response>; (input: string | URL | Request, init?: RequestInit | undefined): Promise<...>; }' is not assignable to type 'Promise<Response>'.
src/crm/adapters/yclients-crm.adapter.spec.ts(2133,28): error TS2743: No overload expects 1 type arguments, but overloads do exist that expect either 0 or 2 type arguments.
src/crm/adapters/yclients-crm.adapter.spec.ts(2277,20): error TS2322: Type 'Mock<{ (input: URL | RequestInfo, init?: RequestInit | undefined): Promise<Response>; (input: string | URL | Request, init?: RequestInit | undefined): Promise<...>; }, any[], any>' is not assignable to type '{ (input: URL | RequestInfo, init?: RequestInit | undefined): Promise<Response>; (input: string | URL | Request, init?: RequestInit | undefined): Promise<...>; }'.
  Type '{ (input: URL | RequestInfo, init?: RequestInit | undefined): Promise<Response>; (input: string | URL | Request, init?: RequestInit | undefined): Promise<...>; }' is not assignable to type 'Promise<Response>'.
src/crm/adapters/yclients-crm.adapter.spec.ts(2277,28): error TS2743: No overload expects 1 type arguments, but overloads do exist that expect either 0 or 2 type arguments.
src/crm/adapters/yclients-crm.adapter.spec.ts(2485,20): error TS2322: Type 'Mock<{ (input: URL | RequestInfo, init?: RequestInit | undefined): Promise<Response>; (input: string | URL | Request, init?: RequestInit | undefined): Promise<...>; }, any[], any>' is not assignable to type '{ (input: URL | RequestInfo, init?: RequestInit | undefined): Promise<Response>; (input: string | URL | Request, init?: RequestInit | undefined): Promise<...>; }'.
  Type '{ (input: URL | RequestInfo, init?: RequestInit | undefined): Promise<Response>; (input: string | URL | Request, init?: RequestInit | undefined): Promise<...>; }' is not assignable to type 'Promise<Response>'.
src/crm/adapters/yclients-crm.adapter.spec.ts(2485,28): error TS2743: No overload expects 1 type arguments, but overloads do exist that expect either 0 or 2 type arguments.
src/crm/adapters/yclients-crm.adapter.spec.ts(2575,20): error TS2322: Type 'Mock<{ (input: URL | RequestInfo, init?: RequestInit | undefined): Promise<Response>; (input: string | URL | Request, init?: RequestInit | undefined): Promise<...>; }, any[], any>' is not assignable to type '{ (input: URL | RequestInfo, init?: RequestInit | undefined): Promise<Response>; (input: string | URL | Request, init?: RequestInit | undefined): Promise<...>; }'.
  Type '{ (input: URL | RequestInfo, init?: RequestInit | undefined): Promise<Response>; (input: string | URL | Request, init?: RequestInit | undefined): Promise<...>; }' is not assignable to type 'Promise<Response>'.
src/crm/adapters/yclients-crm.adapter.spec.ts(2575,28): error TS2743: No overload expects 1 type arguments, but overloads do exist that expect either 0 or 2 type arguments.
src/crm/adapters/yclients-crm.adapter.spec.ts(2797,20): error TS2322: Type 'Mock<{ (input: URL | RequestInfo, init?: RequestInit | undefined): Promise<Response>; (input: string | URL | Request, init?: RequestInit | undefined): Promise<...>; }, any[], any>' is not assignable to type '{ (input: URL | RequestInfo, init?: RequestInit | undefined): Promise<Response>; (input: string | URL | Request, init?: RequestInit | undefined): Promise<...>; }'.
  Type '{ (input: URL | RequestInfo, init?: RequestInit | undefined): Promise<Response>; (input: string | URL | Request, init?: RequestInit | undefined): Promise<...>; }' is not assignable to type 'Promise<Response>'.
src/crm/adapters/yclients-crm.adapter.spec.ts(2797,28): error TS2743: No overload expects 1 type arguments, but overloads do exist that expect either 0 or 2 type arguments.
src/crm/adapters/yclients-crm.adapter.spec.ts(2845,20): error TS2322: Type 'Mock<{ (input: URL | RequestInfo, init?: RequestInit | undefined): Promise<Response>; (input: string | URL | Request, init?: RequestInit | undefined): Promise<...>; }, any[], any>' is not assignable to type '{ (input: URL | RequestInfo, init?: RequestInit | undefined): Promise<Response>; (input: string | URL | Request, init?: RequestInit | undefined): Promise<...>; }'.
  Type '{ (input: URL | RequestInfo, init?: RequestInit | undefined): Promise<Response>; (input: string | URL | Request, init?: RequestInit | undefined): Promise<...>; }' is not assignable to type 'Promise<Response>'.
src/crm/adapters/yclients-crm.adapter.spec.ts(2845,28): error TS2743: No overload expects 1 type arguments, but overloads do exist that expect either 0 or 2 type arguments.
src/crm/adapters/yclients-crm.adapter.spec.ts(2984,11): error TS2743: No overload expects 1 type arguments, but overloads do exist that expect either 0 or 2 type arguments.
src/crm/adapters/yclients-crm.adapter.spec.ts(3006,30): error TS2743: No overload expects 1 type arguments, but overloads do exist that expect either 0 or 2 type arguments.
src/crm/adapters/yclients-crm.adapter.spec.ts(3036,20): error TS2322: Type 'Mock<{ (input: URL | RequestInfo, init?: RequestInit | undefined): Promise<Response>; (input: string | URL | Request, init?: RequestInit | undefined): Promise<...>; }, any[], any>' is not assignable to type '{ (input: URL | RequestInfo, init?: RequestInit | undefined): Promise<Response>; (input: string | URL | Request, init?: RequestInit | undefined): Promise<...>; }'.
  Type '{ (input: URL | RequestInfo, init?: RequestInit | undefined): Promise<Response>; (input: string | URL | Request, init?: RequestInit | undefined): Promise<...>; }' is not assignable to type 'Promise<Response>'.
src/crm/adapters/yclients-crm.adapter.spec.ts(3036,28): error TS2743: No overload expects 1 type arguments, but overloads do exist that expect either 0 or 2 type arguments.
src/crm/adapters/yclients-crm.adapter.spec.ts(3120,31): error TS2743: No overload expects 1 type arguments, but overloads do exist that expect either 0 or 2 type arguments.
src/crm/adapters/yclients-crm.adapter.spec.ts(3172,20): error TS2322: Type 'Mock<{ (input: URL | RequestInfo, init?: RequestInit | undefined): Promise<Response>; (input: string | URL | Request, init?: RequestInit | undefined): Promise<...>; }, any[], any>' is not assignable to type '{ (input: URL | RequestInfo, init?: RequestInit | undefined): Promise<Response>; (input: string | URL | Request, init?: RequestInit | undefined): Promise<...>; }'.
  Type '{ (input: URL | RequestInfo, init?: RequestInit | undefined): Promise<Response>; (input: string | URL | Request, init?: RequestInit | undefined): Promise<...>; }' is not assignable to type 'Promise<Response>'.
src/crm/adapters/yclients-crm.adapter.spec.ts(3450,20): error TS2322: Type 'Mock<{ (input: URL | RequestInfo, init?: RequestInit | undefined): Promise<Response>; (input: string | URL | Request, init?: RequestInit | undefined): Promise<...>; }, any[], any>' is not assignable to type '{ (input: URL | RequestInfo, init?: RequestInit | undefined): Promise<Response>; (input: string | URL | Request, init?: RequestInit | undefined): Promise<...>; }'.
  Type '{ (input: URL | RequestInfo, init?: RequestInit | undefined): Promise<Response>; (input: string | URL | Request, init?: RequestInit | undefined): Promise<...>; }' is not assignable to type 'Promise<Response>'.
src/crm/adapters/yclients-crm.adapter.spec.ts(3450,28): error TS2743: No overload expects 1 type arguments, but overloads do exist that expect either 0 or 2 type arguments.
src/crm/adapters/yclients-crm.adapter.spec.ts(3530,20): error TS2322: Type 'Mock<{ (input: URL | RequestInfo, init?: RequestInit | undefined): Promise<Response>; (input: string | URL | Request, init?: RequestInit | undefined): Promise<...>; }, any[], any>' is not assignable to type '{ (input: URL | RequestInfo, init?: RequestInit | undefined): Promise<Response>; (input: string | URL | Request, init?: RequestInit | undefined): Promise<...>; }'.
  Type '{ (input: URL | RequestInfo, init?: RequestInit | undefined): Promise<Response>; (input: string | URL | Request, init?: RequestInit | undefined): Promise<...>; }' is not assignable to type 'Promise<Response>'.
src/crm/adapters/yclients-crm.adapter.spec.ts(3530,28): error TS2743: No overload expects 1 type arguments, but overloads do exist that expect either 0 or 2 type arguments.
src/crm/adapters/yclients-crm.adapter.spec.ts(3660,20): error TS2322: Type 'Mock<{ (input: URL | RequestInfo, init?: RequestInit | undefined): Promise<Response>; (input: string | URL | Request, init?: RequestInit | undefined): Promise<...>; }, any[], any>' is not assignable to type '{ (input: URL | RequestInfo, init?: RequestInit | undefined): Promise<Response>; (input: string | URL | Request, init?: RequestInit | undefined): Promise<...>; }'.
  Type '{ (input: URL | RequestInfo, init?: RequestInit | undefined): Promise<Response>; (input: string | URL | Request, init?: RequestInit | undefined): Promise<...>; }' is not assignable to type 'Promise<Response>'.
src/crm/adapters/yclients-crm.adapter.spec.ts(3660,28): error TS2743: No overload expects 1 type arguments, but overloads do exist that expect either 0 or 2 type arguments.
src/crm/adapters/yclients-crm.adapter.spec.ts(3772,20): error TS2322: Type 'Mock<{ (input: URL | RequestInfo, init?: RequestInit | undefined): Promise<Response>; (input: string | URL | Request, init?: RequestInit | undefined): Promise<...>; }, any[], any>' is not assignable to type '{ (input: URL | RequestInfo, init?: RequestInit | undefined): Promise<Response>; (input: string | URL | Request, init?: RequestInit | undefined): Promise<...>; }'.
  Type '{ (input: URL | RequestInfo, init?: RequestInit | undefined): Promise<Response>; (input: string | URL | Request, init?: RequestInit | undefined): Promise<...>; }' is not assignable to type 'Promise<Response>'.
src/crm/adapters/yclients-crm.adapter.spec.ts(3772,28): error TS2743: No overload expects 1 type arguments, but overloads do exist that expect either 0 or 2 type arguments.
src/crm/adapters/yclients-crm.adapter.spec.ts(3871,20): error TS2322: Type 'Mock<{ (input: URL | RequestInfo, init?: RequestInit | undefined): Promise<Response>; (input: string | URL | Request, init?: RequestInit | undefined): Promise<...>; }, any[], any>' is not assignable to type '{ (input: URL | RequestInfo, init?: RequestInit | undefined): Promise<Response>; (input: string | URL | Request, init?: RequestInit | undefined): Promise<...>; }'.
  Type '{ (input: URL | RequestInfo, init?: RequestInit | undefined): Promise<Response>; (input: string | URL | Request, init?: RequestInit | undefined): Promise<...>; }' is not assignable to type 'Promise<Response>'.
src/crm/adapters/yclients-crm.adapter.spec.ts(3871,28): error TS2743: No overload expects 1 type arguments, but overloads do exist that expect either 0 or 2 type arguments.
src/crm/adapters/yclients-crm.adapter.spec.ts(3958,20): error TS2322: Type 'Mock<{ (input: URL | RequestInfo, init?: RequestInit | undefined): Promise<Response>; (input: string | URL | Request, init?: RequestInit | undefined): Promise<...>; }, any[], any>' is not assignable to type '{ (input: URL | RequestInfo, init?: RequestInit | undefined): Promise<Response>; (input: string | URL | Request, init?: RequestInit | undefined): Promise<...>; }'.
  Type '{ (input: URL | RequestInfo, init?: RequestInit | undefined): Promise<Response>; (input: string | URL | Request, init?: RequestInit | undefined): Promise<...>; }' is not assignable to type 'Promise<Response>'.
src/crm/adapters/yclients-crm.adapter.spec.ts(3958,28): error TS2743: No overload expects 1 type arguments, but overloads do exist that expect either 0 or 2 type arguments.
src/crm/adapters/yclients-crm.adapter.spec.ts(4065,20): error TS2322: Type 'Mock<{ (input: URL | RequestInfo, init?: RequestInit | undefined): Promise<Response>; (input: string | URL | Request, init?: RequestInit | undefined): Promise<...>; }, any[], any>' is not assignable to type '{ (input: URL | RequestInfo, init?: RequestInit | undefined): Promise<Response>; (input: string | URL | Request, init?: RequestInit | undefined): Promise<...>; }'.
  Type '{ (input: URL | RequestInfo, init?: RequestInit | undefined): Promise<Response>; (input: string | URL | Request, init?: RequestInit | undefined): Promise<...>; }' is not assignable to type 'Promise<Response>'.
src/crm/adapters/yclients-crm.adapter.spec.ts(4065,28): error TS2743: No overload expects 1 type arguments, but overloads do exist that expect either 0 or 2 type arguments.
src/crm/adapters/yclients-crm.adapter.spec.ts(4173,20): error TS2322: Type 'Mock<{ (input: URL | RequestInfo, init?: RequestInit | undefined): Promise<Response>; (input: string | URL | Request, init?: RequestInit | undefined): Promise<...>; }, any[], any>' is not assignable to type '{ (input: URL | RequestInfo, init?: RequestInit | undefined): Promise<Response>; (input: string | URL | Request, init?: RequestInit | undefined): Promise<...>; }'.
  Type '{ (input: URL | RequestInfo, init?: RequestInit | undefined): Promise<Response>; (input: string | URL | Request, init?: RequestInit | undefined): Promise<...>; }' is not assignable to type 'Promise<Response>'.
src/crm/adapters/yclients-crm.adapter.spec.ts(4173,28): error TS2743: No overload expects 1 type arguments, but overloads do exist that expect either 0 or 2 type arguments.
src/crm/crm.journal-source.spec.ts(75,15): error TS2554: Expected 7-8 arguments, but got 4.
