widgets-live: proof database maya_widget_gate_proof_personalowner_3d42a4d08587 on 127.0.0.1:53793 (local)
[31m[Nest] 85278  - [39m10/07/2026, 1:02:07 AM [31m  ERROR[39m [38;5;3m[CrmAdapterFactory] [39m[31mYCLIENTS_PARTNER_TOKEN не задан: подключение YClients и Altegio будет отклоняться для ВСЕХ салонов. Внутренний календарь при этом работает.[39m
[31m[Nest] 85278  - [39m10/07/2026, 1:02:07 AM [31m  ERROR[39m [38;5;3m[CrmAdapterFactory] [39m[31mYCLIENTS_PARTNER_TOKEN не задан: подключение YClients и Altegio будет отклоняться для ВСЕХ салонов. Внутренний календарь при этом работает.[39m
[33m[Nest] 85278  - [39m10/07/2026, 1:02:08 AM [33m   WARN[39m [38;5;3m[AppointmentsService] [39m[33mnew_appointment inbox failed: R06 unresolved canonical Staff source[39m
FAIL test/widgets-live/personal-owner-restart.probe-spec.ts
  Owner personal booking HTTP/read/restart [SYNTHETIC IDENTITY / SERIALIZED SCRIPTED MODEL / OWN PROVIDER]
    ✕ keeps actual owner authority; confirms only canonical success; restart reads and replay never redispatch UNKNOWN (447 ms)

  ● Owner personal booking HTTP/read/restart [SYNTHETIC IDENTITY / SERIALIZED SCRIPTED MODEL / OWN PROVIDER] › keeps actual owner authority; confirms only canonical success; restart reads and replay never redispatch UNKNOWN

    BadRequestException: Only an opaque verification proof is accepted

      447 |       value.proof.length > 4096
      448 |     )
    > 449 |       throw new BadRequestException(
          |             ^
      450 |         'Only an opaque verification proof is accepted',
      451 |       );
      452 |     return value.proof;

      at ClientChannelLinkService.proofToken (../src/crm/client-channel-link.service.ts:449:13)
      at ClientChannelLinkService.revoke (../src/crm/client-channel-link.service.ts:318:12)
      at widgets-live/personal-owner-restart.probe-spec.ts:404:13
      at TenantContextService.runAsSystemTenant (../src/tenancy/tenant-context.service.ts:46:25)
      at revoke (widgets-live/personal-owner-restart.probe-spec.ts:403:28)
      at Object.<anonymous> (widgets-live/personal-owner-restart.probe-spec.ts:590:7)

Test Suites: 1 failed, 1 total
Tests:       1 failed, 1 total
Snapshots:   0 total
Time:        1.216 s, estimated 2 s
Ran all test suites within paths "test/widgets-live/personal-owner-restart.probe-spec.ts".
Test results written to: ../../../../../../../../tmp/maya-personal-owner-http-restart-20261007-r5/resume-jest.json
