✔ chat requires the current exact turn and admits at most one POST even if its response is lost (0.772583ms)
✔ continuation uses actual history and exact conversation; source or role injection refuses (0.562833ms)
✔ mutation, arbitrary tool, telemetry and external calls are refused while canonical auth/history remain available (0.18775ms)
✔ dry manifest has no admission authority and needs no permit (3.549042ms)
✔ B exact frozen manifest is inert, and A/B scope, cases, budget or profile substitutions refuse (6.607959ms)
✔ union manifest binds all nine dialogues and eighteen turns without admission authority (3.710625ms)
✔ union refuses old A/B permits before claim; its synthetic permit is single-use and expires at thirty minutes (13.069416ms)
✔ union observes revocation and cannot resume with restored permit bytes (9.506125ms)
✔ B synthetic expired-in-2000 permit uses its twenty-minute ceiling; A remains ten minutes (14.093709ms)
✔ B rejects an A permit and observes revocation before another dispatch (15.511709ms)
✔ B synthetic admission rejects each cross-profile callback binding independently (19.030708ms)
✔ broker exclusively claims once; separate runner observes the same claim without another ledger (16.192875ms)
✔ declaration cannot be forged in memory, repinned to another scope, or used by another principal (1.607125ms)
✔ live target requires a closed Unix socket declaration in a dedicated direct parent (3.993708ms)
✔ permit and consumer must use the exact socket path and group pinned in the manifest (1.410084ms)
✔ closed manifest rejects old contracts, widened limits, altered cases and malformed sources (2.819875ms)
✔ fresh permit must bind every scope and current bounded pricing attestation (5.206375ms)
✔ revocation after claim refuses the next dispatch permanently, including after restoring bytes (8.035209ms)
✔ same-byte replacement of pinned manifest refuses before dispatch (15.252916ms)
✔ claim deletion and alternate binding never reset admission (9.213084ms)
✔ expiry and backwards wall clock stop the existing admission (17.426958ms)
✔ backwards time and expiry during the synchronous file validation refuse (11.531583ms)
✔ symlink, hardlink, writable metadata, missing SHA and oversized file refuse (2.640583ms)
✔ noncanonical duplicate keys and parent symlinks refuse without echoing private input (1.6865ms)
✔ local manifests require the explicit opt-in; remote never infers authority from equal UIDs (3.526667ms)
✔ local opt-in cannot admit an ordinary remote or dry manifest (1.49075ms)
✔ local owner mode claims once and permits the same owner runner, with no credential I/O (15.03925ms)
✔ local socket outer root and parent must remain private, canonical and owned (2.106125ms)
✔ local admission refuses Linux and wrong GID before a claim (1.371ms)
✔ local revocation halts the existing claim without replay (14.575959ms)
✔ local expired permit cannot prompt or claim (1.322209ms)
✔ React 3/5 profile refuses backend-only or frozen9 permit even with matching budget hash (9.945542ms)
✔ React profile keeps ten-minute expiry and single-use claim (9.775125ms)
✔ core-diagnostic-20261008/1: actual usage is validated without optional batch callbacks (2.158625ms)
✔ core-diagnostic-20261008/1: exact inclusive reservation is accepted; semantics are ungraded (0.286875ms)
✔ core-diagnostic-20261008/1: missing usage stops before any consumer and refuses all later dispatch (0.629208ms)
✔ core-diagnostic-20261008/1: negative usage stops before any consumer and refuses all later dispatch (0.285833ms)
✔ core-diagnostic-20261008/1: non-integral usage stops before any consumer and refuses all later dispatch (0.205875ms)
✔ core-diagnostic-20261008/1: inconsistent total stops before any consumer and refuses all later dispatch (0.297417ms)
✔ core-diagnostic-20261008/1: missing cache counterpart stops before any consumer and refuses all later dispatch (0.170833ms)
✔ core-diagnostic-20261008/1: inconsistent cache total stops before any consumer and refuses all later dispatch (0.192125ms)
✔ core-diagnostic-20261008/1: output exceeds reserve stops before any consumer and refuses all later dispatch (0.185916ms)
✔ core-diagnostic-20261008/1: input exceeds reserve stops before any consumer and refuses all later dispatch (0.17025ms)
✔ core-diagnostic-20261008/1: unfinished response stops before any consumer and refuses all later dispatch (0.121208ms)
✔ core-diagnostic-20261008/1: missing response stops before any consumer and refuses all later dispatch (0.125667ms)
✔ core-diagnostic-20261008/1: blank response stops before any consumer and refuses all later dispatch (0.101542ms)
✔ core-diagnostic-20261008/1: provider refusal stops before any consumer and refuses all later dispatch (0.1395ms)
✔ core-followup-20261009/1: actual usage is validated without optional batch callbacks (0.135084ms)
✔ core-followup-20261009/1: exact inclusive reservation is accepted; semantics are ungraded (0.072458ms)
✔ core-followup-20261009/1: missing usage stops before any consumer and refuses all later dispatch (0.602584ms)
✔ core-followup-20261009/1: negative usage stops before any consumer and refuses all later dispatch (0.078333ms)
✔ core-followup-20261009/1: non-integral usage stops before any consumer and refuses all later dispatch (0.063209ms)
✔ core-followup-20261009/1: inconsistent total stops before any consumer and refuses all later dispatch (0.109584ms)
✔ core-followup-20261009/1: missing cache counterpart stops before any consumer and refuses all later dispatch (0.152125ms)
✔ core-followup-20261009/1: inconsistent cache total stops before any consumer and refuses all later dispatch (0.114833ms)
✔ core-followup-20261009/1: output exceeds reserve stops before any consumer and refuses all later dispatch (0.074917ms)
✔ core-followup-20261009/1: input exceeds reserve stops before any consumer and refuses all later dispatch (0.066708ms)
✔ core-followup-20261009/1: unfinished response stops before any consumer and refuses all later dispatch (0.061083ms)
✔ core-followup-20261009/1: missing response stops before any consumer and refuses all later dispatch (0.065875ms)
✔ core-followup-20261009/1: blank response stops before any consumer and refuses all later dispatch (0.059125ms)
✔ core-followup-20261009/1: provider refusal stops before any consumer and refuses all later dispatch (0.075458ms)
✔ core-union-20261009/1: actual usage is validated without optional batch callbacks (0.06925ms)
✔ core-union-20261009/1: exact inclusive reservation is accepted; semantics are ungraded (0.048542ms)
✔ core-union-20261009/1: missing usage stops before any consumer and refuses all later dispatch (0.0585ms)
✔ core-union-20261009/1: negative usage stops before any consumer and refuses all later dispatch (0.054334ms)
✔ core-union-20261009/1: non-integral usage stops before any consumer and refuses all later dispatch (0.054292ms)
✔ core-union-20261009/1: inconsistent total stops before any consumer and refuses all later dispatch (0.061125ms)
✔ core-union-20261009/1: missing cache counterpart stops before any consumer and refuses all later dispatch (0.054292ms)
✔ core-union-20261009/1: inconsistent cache total stops before any consumer and refuses all later dispatch (0.056792ms)
✔ core-union-20261009/1: output exceeds reserve stops before any consumer and refuses all later dispatch (0.058334ms)
✔ core-union-20261009/1: input exceeds reserve stops before any consumer and refuses all later dispatch (0.053ms)
✔ core-union-20261009/1: unfinished response stops before any consumer and refuses all later dispatch (0.052584ms)
✔ core-union-20261009/1: missing response stops before any consumer and refuses all later dispatch (0.057292ms)
✔ core-union-20261009/1: blank response stops before any consumer and refuses all later dispatch (0.051917ms)
✔ core-union-20261009/1: provider refusal stops before any consumer and refuses all later dispatch (0.05475ms)
✔ malformed JSON and a throwing stop callback retain the latch without disclosing the error (0.146ms)
✔ missing or consumed reservation refuses; no response can reuse old accounting (0.147542ms)
✔ a second pending reservation cannot overwrite the first attempt witness (0.078708ms)
✔ reservation witnesses immutable bytes, not a later changed RequestInit object (0.105292ms)
✔ the default A and explicit B and union are immutable closed profiles (1.963833ms)
✔ B is exactly the first six frozen cases with group as the sole case addition (0.607333ms)
✔ union is the exact ordered A+B cases with a pooled fixed cap and no execution authority (0.403292ms)
✔ React uses the unchanged finite diagnostic corpus and budget with distinct admission identity (0.068917ms)
✔ launcher reads a bounded owner file; symlink, hardlink, oversized or writable input refuses (2.778167ms)
✔ a pathname replaced during read cannot pass checks on the original opened fd (1.066ms)
✔ cancellation arriving during cleanup cannot report completion and every finalizer still runs (0.540541ms)
✔ runner, broker and log cleanup failures do not skip remaining independent finalizers (0.13375ms)
ℹ tests 87
ℹ suites 0
ℹ pass 87
ℹ fail 0
ℹ cancelled 0
ℹ skipped 0
ℹ todo 0
ℹ duration_ms 284.060791
