✔ chat requires the current exact turn and admits at most one POST even if its response is lost (0.798ms)
✔ continuation uses actual history and exact conversation; source or role injection refuses (0.594625ms)
✔ mutation, arbitrary tool, telemetry and external calls are refused while canonical auth/history remain available (0.243ms)
✔ dry manifest has no admission authority and needs no permit (4.083417ms)
✔ B exact frozen manifest is inert, and A/B scope, cases, budget or profile substitutions refuse (5.479ms)
✔ union manifest binds all nine dialogues and eighteen turns without admission authority (3.144ms)
✔ union refuses old A/B permits before claim; its synthetic permit is single-use and expires at thirty minutes (12.918792ms)
✔ union observes revocation and cannot resume with restored permit bytes (10.007417ms)
✔ B synthetic expired-in-2000 permit uses its twenty-minute ceiling; A remains ten minutes (21.618333ms)
✔ B rejects an A permit and observes revocation before another dispatch (10.612084ms)
✔ B synthetic admission rejects each cross-profile callback binding independently (19.516125ms)
✔ broker exclusively claims once; separate runner observes the same claim without another ledger (11.194083ms)
✔ declaration cannot be forged in memory, repinned to another scope, or used by another principal (1.375834ms)
✔ live target requires a closed Unix socket declaration in a dedicated direct parent (3.989375ms)
✔ permit and consumer must use the exact socket path and group pinned in the manifest (1.276584ms)
✔ closed manifest rejects old contracts, widened limits, altered cases and malformed sources (3.006542ms)
✔ fresh permit must bind every scope and current bounded pricing attestation (6.537792ms)
✔ revocation after claim refuses the next dispatch permanently, including after restoring bytes (8.841791ms)
✔ same-byte replacement of pinned manifest refuses before dispatch (7.508167ms)
✔ claim deletion and alternate binding never reset admission (8.584125ms)
✔ expiry and backwards wall clock stop the existing admission (8.538167ms)
✔ backwards time and expiry during the synchronous file validation refuse (9.672375ms)
✔ symlink, hardlink, writable metadata, missing SHA and oversized file refuse (2.385334ms)
✔ noncanonical duplicate keys and parent symlinks refuse without echoing private input (1.824667ms)
✔ local manifests require the explicit opt-in; remote never infers authority from equal UIDs (3.037916ms)
✔ local opt-in cannot admit an ordinary remote or dry manifest (1.413833ms)
✔ local owner mode claims once and permits the same owner runner, with no credential I/O (13.303334ms)
✔ local socket outer root and parent must remain private, canonical and owned (1.923875ms)
✔ local admission refuses Linux and wrong GID before a claim (1.370708ms)
✔ local revocation halts the existing claim without replay (11.982834ms)
✔ local expired permit cannot prompt or claim (1.807125ms)
✔ React 3/5 profile refuses backend-only or frozen9 permit even with matching budget hash (10.011334ms)
✔ React profile keeps ten-minute expiry and single-use claim (9.693125ms)
✔ core-diagnostic-20261008/1: actual usage is validated without optional batch callbacks (2.059292ms)
✔ core-diagnostic-20261008/1: exact inclusive reservation is accepted; semantics are ungraded (0.15825ms)
✔ core-diagnostic-20261008/1: missing usage stops before any consumer and refuses all later dispatch (0.524917ms)
✔ core-diagnostic-20261008/1: negative usage stops before any consumer and refuses all later dispatch (0.175667ms)
✔ core-diagnostic-20261008/1: non-integral usage stops before any consumer and refuses all later dispatch (0.174833ms)
✔ core-diagnostic-20261008/1: inconsistent total stops before any consumer and refuses all later dispatch (0.263125ms)
✔ core-diagnostic-20261008/1: missing cache counterpart stops before any consumer and refuses all later dispatch (0.145542ms)
✔ core-diagnostic-20261008/1: inconsistent cache total stops before any consumer and refuses all later dispatch (0.174791ms)
✔ core-diagnostic-20261008/1: output exceeds reserve stops before any consumer and refuses all later dispatch (0.1735ms)
✔ core-diagnostic-20261008/1: input exceeds reserve stops before any consumer and refuses all later dispatch (0.162375ms)
✔ core-diagnostic-20261008/1: unfinished response stops before any consumer and refuses all later dispatch (0.116125ms)
✔ core-diagnostic-20261008/1: missing response stops before any consumer and refuses all later dispatch (0.122625ms)
✔ core-diagnostic-20261008/1: blank response stops before any consumer and refuses all later dispatch (0.102166ms)
✔ core-diagnostic-20261008/1: provider refusal stops before any consumer and refuses all later dispatch (0.133709ms)
✔ core-followup-20261009/1: actual usage is validated without optional batch callbacks (0.1285ms)
✔ core-followup-20261009/1: exact inclusive reservation is accepted; semantics are ungraded (0.069458ms)
✔ core-followup-20261009/1: missing usage stops before any consumer and refuses all later dispatch (0.519917ms)
✔ core-followup-20261009/1: negative usage stops before any consumer and refuses all later dispatch (0.0765ms)
✔ core-followup-20261009/1: non-integral usage stops before any consumer and refuses all later dispatch (0.063958ms)
✔ core-followup-20261009/1: inconsistent total stops before any consumer and refuses all later dispatch (0.088209ms)
✔ core-followup-20261009/1: missing cache counterpart stops before any consumer and refuses all later dispatch (0.073333ms)
✔ core-followup-20261009/1: inconsistent cache total stops before any consumer and refuses all later dispatch (0.074958ms)
✔ core-followup-20261009/1: output exceeds reserve stops before any consumer and refuses all later dispatch (0.058833ms)
✔ core-followup-20261009/1: input exceeds reserve stops before any consumer and refuses all later dispatch (0.056125ms)
✔ core-followup-20261009/1: unfinished response stops before any consumer and refuses all later dispatch (0.053583ms)
✔ core-followup-20261009/1: missing response stops before any consumer and refuses all later dispatch (0.060083ms)
✔ core-followup-20261009/1: blank response stops before any consumer and refuses all later dispatch (0.055125ms)
✔ core-followup-20261009/1: provider refusal stops before any consumer and refuses all later dispatch (0.071459ms)
✔ core-union-20261009/1: actual usage is validated without optional batch callbacks (0.062167ms)
✔ core-union-20261009/1: exact inclusive reservation is accepted; semantics are ungraded (0.039833ms)
✔ core-union-20261009/1: missing usage stops before any consumer and refuses all later dispatch (0.062333ms)
✔ core-union-20261009/1: negative usage stops before any consumer and refuses all later dispatch (0.052709ms)
✔ core-union-20261009/1: non-integral usage stops before any consumer and refuses all later dispatch (0.051083ms)
✔ core-union-20261009/1: inconsistent total stops before any consumer and refuses all later dispatch (0.067958ms)
✔ core-union-20261009/1: missing cache counterpart stops before any consumer and refuses all later dispatch (0.053541ms)
✔ core-union-20261009/1: inconsistent cache total stops before any consumer and refuses all later dispatch (0.057875ms)
✔ core-union-20261009/1: output exceeds reserve stops before any consumer and refuses all later dispatch (0.052875ms)
✔ core-union-20261009/1: input exceeds reserve stops before any consumer and refuses all later dispatch (0.054833ms)
✔ core-union-20261009/1: unfinished response stops before any consumer and refuses all later dispatch (0.050875ms)
✔ core-union-20261009/1: missing response stops before any consumer and refuses all later dispatch (0.052834ms)
✔ core-union-20261009/1: blank response stops before any consumer and refuses all later dispatch (0.056667ms)
✔ core-union-20261009/1: provider refusal stops before any consumer and refuses all later dispatch (0.054959ms)
✔ malformed JSON and a throwing stop callback retain the latch without disclosing the error (0.13025ms)
✔ missing or consumed reservation refuses; no response can reuse old accounting (0.159ms)
✔ a second pending reservation cannot overwrite the first attempt witness (0.05125ms)
✔ reservation witnesses immutable bytes, not a later changed RequestInit object (0.060792ms)
✔ the default A and explicit B and union are immutable closed profiles (1.955625ms)
✔ B is exactly the first six frozen cases with group as the sole case addition (0.743667ms)
✔ union is the exact ordered A+B cases with a pooled fixed cap and no execution authority (0.437416ms)
✔ React uses the unchanged finite diagnostic corpus and budget with distinct admission identity (0.063709ms)
ℹ tests 83
ℹ suites 0
ℹ pass 83
ℹ fail 0
ℹ cancelled 0
ℹ skipped 0
ℹ todo 0
ℹ duration_ms 261.557375
