✔ chat requires the current exact turn and admits at most one POST even if its response is lost (0.73375ms)
✔ continuation uses actual history and exact conversation; source or role injection refuses (0.551084ms)
✔ mutation, arbitrary tool, telemetry and external calls are refused while canonical auth/history remain available (0.229583ms)
✔ dry manifest has no admission authority and needs no permit (4.902625ms)
✔ B exact frozen manifest is inert, and A/B scope, cases, budget or profile substitutions refuse (7.357583ms)
✔ union manifest binds all nine dialogues and eighteen turns without admission authority (3.360917ms)
✔ union refuses old A/B permits before claim; its synthetic permit is single-use and expires at thirty minutes (14.462417ms)
✔ union observes revocation and cannot resume with restored permit bytes (10.694667ms)
✔ B synthetic expired-in-2000 permit uses its twenty-minute ceiling; A remains ten minutes (14.216916ms)
✔ B rejects an A permit and observes revocation before another dispatch (16.130084ms)
✔ B synthetic admission rejects each cross-profile callback binding independently (20.253792ms)
✔ broker exclusively claims once; separate runner observes the same claim without another ledger (19.80425ms)
✔ declaration cannot be forged in memory, repinned to another scope, or used by another principal (1.624709ms)
✔ live target requires a closed Unix socket declaration in a dedicated direct parent (4.451667ms)
✔ permit and consumer must use the exact socket path and group pinned in the manifest (1.513458ms)
✔ closed manifest rejects old contracts, widened limits, altered cases and malformed sources (3.13075ms)
✔ fresh permit must bind every scope and current bounded pricing attestation (6.237583ms)
✔ revocation after claim refuses the next dispatch permanently, including after restoring bytes (13.223458ms)
✔ same-byte replacement of pinned manifest refuses before dispatch (9.559375ms)
✔ claim deletion and alternate binding never reset admission (9.424375ms)
✔ expiry and backwards wall clock stop the existing admission (9.2175ms)
✔ backwards time and expiry during the synchronous file validation refuse (9.862083ms)
✔ symlink, hardlink, writable metadata, missing SHA and oversized file refuse (2.376ms)
✔ noncanonical duplicate keys and parent symlinks refuse without echoing private input (2.111333ms)
✔ local manifests require the explicit opt-in; remote never infers authority from equal UIDs (3.181417ms)
✔ local opt-in cannot admit an ordinary remote or dry manifest (1.273292ms)
✔ local owner mode claims once and permits the same owner runner, with no credential I/O (13.975166ms)
✔ local socket outer root and parent must remain private, canonical and owned (2.151625ms)
✔ local admission refuses Linux and wrong GID before a claim (1.421959ms)
✔ local revocation halts the existing claim without replay (16.436875ms)
✔ local expired permit cannot prompt or claim (2.20325ms)
✔ React 3/5 profile refuses backend-only or frozen9 permit even with matching budget hash (8.45225ms)
✔ React profile keeps ten-minute expiry and single-use claim (8.746042ms)
✔ core-diagnostic-20261008/1: actual usage is validated without optional batch callbacks (2.082584ms)
✔ core-diagnostic-20261008/1: exact inclusive reservation is accepted; semantics are ungraded (0.158ms)
✔ core-diagnostic-20261008/1: missing usage stops before any consumer and refuses all later dispatch (0.467375ms)
✔ core-diagnostic-20261008/1: negative usage stops before any consumer and refuses all later dispatch (0.16975ms)
✔ core-diagnostic-20261008/1: non-integral usage stops before any consumer and refuses all later dispatch (0.156042ms)
✔ core-diagnostic-20261008/1: inconsistent total stops before any consumer and refuses all later dispatch (0.413209ms)
✔ core-diagnostic-20261008/1: missing cache counterpart stops before any consumer and refuses all later dispatch (0.241666ms)
✔ core-diagnostic-20261008/1: inconsistent cache total stops before any consumer and refuses all later dispatch (0.201209ms)
✔ core-diagnostic-20261008/1: output exceeds reserve stops before any consumer and refuses all later dispatch (0.189292ms)
✔ core-diagnostic-20261008/1: input exceeds reserve stops before any consumer and refuses all later dispatch (0.170083ms)
✔ core-diagnostic-20261008/1: unfinished response stops before any consumer and refuses all later dispatch (0.125125ms)
✔ core-diagnostic-20261008/1: missing response stops before any consumer and refuses all later dispatch (0.130667ms)
✔ core-diagnostic-20261008/1: blank response stops before any consumer and refuses all later dispatch (0.122042ms)
✔ core-diagnostic-20261008/1: provider refusal stops before any consumer and refuses all later dispatch (0.137458ms)
✔ core-followup-20261009/1: actual usage is validated without optional batch callbacks (0.140667ms)
✔ core-followup-20261009/1: exact inclusive reservation is accepted; semantics are ungraded (0.081416ms)
✔ core-followup-20261009/1: missing usage stops before any consumer and refuses all later dispatch (0.642875ms)
✔ core-followup-20261009/1: negative usage stops before any consumer and refuses all later dispatch (0.116042ms)
✔ core-followup-20261009/1: non-integral usage stops before any consumer and refuses all later dispatch (0.088541ms)
✔ core-followup-20261009/1: inconsistent total stops before any consumer and refuses all later dispatch (0.10275ms)
✔ core-followup-20261009/1: missing cache counterpart stops before any consumer and refuses all later dispatch (0.088041ms)
✔ core-followup-20261009/1: inconsistent cache total stops before any consumer and refuses all later dispatch (0.075125ms)
✔ core-followup-20261009/1: output exceeds reserve stops before any consumer and refuses all later dispatch (0.058208ms)
✔ core-followup-20261009/1: input exceeds reserve stops before any consumer and refuses all later dispatch (0.057958ms)
✔ core-followup-20261009/1: unfinished response stops before any consumer and refuses all later dispatch (0.05575ms)
✔ core-followup-20261009/1: missing response stops before any consumer and refuses all later dispatch (0.05925ms)
✔ core-followup-20261009/1: blank response stops before any consumer and refuses all later dispatch (0.058625ms)
✔ core-followup-20261009/1: provider refusal stops before any consumer and refuses all later dispatch (0.075ms)
✔ core-union-20261009/1: actual usage is validated without optional batch callbacks (0.063542ms)
✔ core-union-20261009/1: exact inclusive reservation is accepted; semantics are ungraded (0.044709ms)
✔ core-union-20261009/1: missing usage stops before any consumer and refuses all later dispatch (0.05525ms)
✔ core-union-20261009/1: negative usage stops before any consumer and refuses all later dispatch (0.0515ms)
✔ core-union-20261009/1: non-integral usage stops before any consumer and refuses all later dispatch (0.057333ms)
✔ core-union-20261009/1: inconsistent total stops before any consumer and refuses all later dispatch (0.068208ms)
✔ core-union-20261009/1: missing cache counterpart stops before any consumer and refuses all later dispatch (0.053708ms)
✔ core-union-20261009/1: inconsistent cache total stops before any consumer and refuses all later dispatch (0.057708ms)
✔ core-union-20261009/1: output exceeds reserve stops before any consumer and refuses all later dispatch (0.0555ms)
✔ core-union-20261009/1: input exceeds reserve stops before any consumer and refuses all later dispatch (0.05275ms)
✔ core-union-20261009/1: unfinished response stops before any consumer and refuses all later dispatch (0.052417ms)
✔ core-union-20261009/1: missing response stops before any consumer and refuses all later dispatch (0.051209ms)
✔ core-union-20261009/1: blank response stops before any consumer and refuses all later dispatch (0.053375ms)
✔ core-union-20261009/1: provider refusal stops before any consumer and refuses all later dispatch (0.058291ms)
✔ malformed JSON and a throwing stop callback retain the latch without disclosing the error (0.154167ms)
✔ missing or consumed reservation refuses; no response can reuse old accounting (0.146833ms)
✔ a second pending reservation cannot overwrite the first attempt witness (0.053542ms)
✔ reservation witnesses immutable bytes, not a later changed RequestInit object (0.056166ms)
✔ the default A and explicit B and union are immutable closed profiles (2.129125ms)
✔ B is exactly the first six frozen cases with group as the sole case addition (0.717917ms)
✔ union is the exact ordered A+B cases with a pooled fixed cap and no execution authority (0.529125ms)
✔ React uses the unchanged finite diagnostic corpus and budget with distinct admission identity (0.065292ms)
ℹ tests 83
ℹ suites 0
ℹ pass 83
ℹ fail 0
ℹ cancelled 0
ℹ skipped 0
ℹ todo 0
ℹ duration_ms 287.752417
