widgets-live: proof database maya_widget_gate_proof_bookingconfirmation_b8e90096177b on 127.0.0.1:51280 (local)
[31m[Nest] 74403  - [39m10/07/2026, 12:43:29 AM [31m  ERROR[39m [38;5;3m[CrmAdapterFactory] [39m[31mYCLIENTS_PARTNER_TOKEN не задан: подключение YClients и Altegio будет отклоняться для ВСЕХ салонов. Внутренний календарь при этом работает.[39m
[31m[Nest] 74403  - [39m10/07/2026, 12:43:29 AM [31m  ERROR[39m [38;5;3m[CrmAdapterFactory] [39m[31mYCLIENTS_PARTNER_TOKEN не задан: подключение YClients и Altegio будет отклоняться для ВСЕХ салонов. Внутренний календарь при этом работает.[39m
FAIL test/widgets-live/booking-confirmation-react.probe-spec.ts (20.847 s)
  Current React canonical booking confirmation [SCRIPTED MODEL / SYNTHETIC A18 / OWN LOCAL PROVIDER]
    ✕ shows current names before explicit COMMIT; success once, revoked link refused, natural UNKNOWN persists on reload (19911 ms)

  ● Current React canonical booking confirmation [SCRIPTED MODEL / SYNTHETIC A18 / OWN LOCAL PROVIDER] › shows current names before explicit COMMIT; success once, revoked link refused, natural UNKNOWN persists on reload

    Browser 1: The expression evaluated to a falsy value:

      assert.ok(previewText.includes('Подтвердить запись'))

      434 |             : code === 0
      435 |               ? resolve()
    > 436 |               : reject(new Error(`Browser ${code}: ${stderr.slice(-2000)}`)),
          |                        ^
      437 |         );
      438 |       });
      439 |     });

      at widgets-live/booking-confirmation-react.probe-spec.ts:436:24

Test Suites: 1 failed, 1 total
Tests:       1 failed, 1 total
Snapshots:   0 total
Time:        20.863 s, estimated 81 s
Ran all test suites within paths "test/widgets-live/booking-confirmation-react.probe-spec.ts".
Test results written to: ../../../../../../../../tmp/maya-booking-confirmation-http-react-20261006-r9/browser-jest.json
