✔ closed: the dialog exists, is never marked open, and offers nothing (3.609209ms)
✔ progress: «Открываю…» in the title and the body, aria-busy, and no controls yet (0.372625ms)
✔ open: the title is the sealed label, and the card is drawn WHOLE (11.2185ms)
✔ open: the title falls back to the headline when the sealed label is empty (1.437917ms)
✔ the dialog is labelled by its own title (1.210583ms)
✔ close is a real button, named, and first in the tab ring (2.544083ms)
✔ every booking kind can be opened as a detail without losing a control (6.106084ms)
✔ the corpus is the 40 sealed envelopes (0.522083ms)
✔ kind-choice — drawn (12.255792ms)
✔ kind-service-selector — drawn (2.287541ms)
✔ kind-staff-selector — drawn (1.116083ms)
✔ kind-time-slot-selector — drawn (1.774875ms)
✔ kind-booking-confirmation — drawn (1.457584ms)
✔ kind-schedule — drawn (1.357208ms)
✔ kind-client-list — drawn (1.80825ms)
✔ kind-metric — drawn (0.995458ms)
✔ kind-chart — drawn (1.959ms)
✔ kind-report — drawn (2.202125ms)
✔ kind-strategy-options — drawn (1.102417ms)
✔ kind-approval — drawn (0.884875ms)
✔ kind-progress — drawn (1.03625ms)
✔ kind-limitation-blocking — drawn (0.38675ms)
✔ kind-source-status — drawn (0.686625ms)
✔ kind-settings-draft — drawn (0.90425ms)
✔ kind-form — drawn (1.169875ms)
✔ kind-consent-state — drawn (0.731333ms)
✔ kind-identity-binding — drawn (0.585666ms)
✔ kind-payment-handoff — drawn (0.603542ms)
✔ kind-media-preview — drawn (0.559583ms)
✔ kind-artifact — drawn (0.461208ms)
✔ limitation-non-blocking — drawn (0.262708ms)
✔ choice-text-only — drawn (0.803709ms)
✔ booking-expired — drawn (0.747459ms)
✔ booking-tampered-body — drawn (0.596792ms)
✔ booking-token-changed — drawn (0.905917ms)
✔ booking-receipt-pointers-changed — drawn (0.999459ms)
✔ booking-render-tier-changed — drawn (0.648583ms)
✔ booking-cell-index-digest-changed — drawn (0.775708ms)
✔ booking-root-values-changed — drawn (1.131334ms)
✔ metric-class-i-target — drawn (0.772916ms)
✔ metric-class-i-ref-tampered — drawn (0.39075ms)
✔ schedule-withheld-reduced — drawn (0.688583ms)
✔ slots-superseded-predecessor — drawn (0.722792ms)
✔ slots-superseded-successor — drawn (1.010084ms)
✔ approval-consumed — drawn (0.446417ms)
✔ collation-lt-y-j — drawn (0.85675ms)
✔ collation-et-z-t — drawn (0.940208ms)
✔ collation-digits-case — drawn (0.917875ms)
✔ kind-choice — collapsed draws one heading and nothing interactive (0.334333ms)
✔ kind-choice — pending marks the card busy and the one ref disabled (0.5195ms)
✔ kind-service-selector — collapsed draws one heading and nothing interactive (0.270791ms)
✔ kind-service-selector — pending marks the card busy and the one ref disabled (0.674667ms)
✔ kind-staff-selector — collapsed draws one heading and nothing interactive (0.3395ms)
✔ kind-staff-selector — pending marks the card busy and the one ref disabled (0.54775ms)
✔ kind-time-slot-selector — collapsed draws one heading and nothing interactive (0.355208ms)
✔ kind-time-slot-selector — pending marks the card busy and the one ref disabled (0.813791ms)
✔ kind-booking-confirmation — collapsed draws one heading and nothing interactive (0.258334ms)
✔ kind-booking-confirmation — pending marks the card busy and the one ref disabled (0.814041ms)
✔ kind-schedule — collapsed draws one heading and nothing interactive (0.276292ms)
✔ kind-schedule — pending marks the card busy and the one ref disabled (0.598833ms)
✔ M7 SERVICE_SELECTOR — kind-service-selector (0.73175ms)
✔ M7 STAFF_SELECTOR — kind-staff-selector (0.504916ms)
✔ M7 TIME_SLOT_SELECTOR — kind-time-slot-selector (0.981584ms)
✔ M7 BOOKING_CONFIRMATION — kind-booking-confirmation (0.665042ms)
✔ M7 BOOKING_CONFIRMATION — booking-expired (0.427583ms)
✔ M7 BOOKING_CONFIRMATION — booking-tampered-body (0.380417ms)
✔ M7 BOOKING_CONFIRMATION — booking-token-changed (0.660042ms)
✔ M7 BOOKING_CONFIRMATION — booking-receipt-pointers-changed (0.805917ms)
✔ M7 BOOKING_CONFIRMATION — booking-render-tier-changed (0.416625ms)
✔ M7 BOOKING_CONFIRMATION — booking-cell-index-digest-changed (0.402375ms)
✔ M7 BOOKING_CONFIRMATION — booking-root-values-changed (0.724792ms)
✔ M7 TIME_SLOT_SELECTOR — slots-superseded-predecessor (0.513458ms)
✔ M7 TIME_SLOT_SELECTOR — slots-superseded-successor (1.0265ms)
✔ M7 — no COMMIT survives a non-valid verdict, anywhere in the corpus (5.869334ms)
✔ M7 — a superseded predecessor offers nothing at all (0.441458ms)
✔ M7 — a terminal card is drawn whole, marked terminal, and carries no control (0.380292ms)
✔ the checker catches a drawer that is wrong (3.132209ms)
ℹ tests 77
ℹ suites 0
ℹ pass 77
ℹ fail 0
ℹ cancelled 0
ℹ skipped 0
ℹ todo 0
ℹ duration_ms 125.618459
