✔ an older server missing the additive history route remains usable with a visible limitation (2.715ms)
✔ server continuation waits before send, restores text only, excludes unfinished work from context (0.694709ms)
✔ logout aborts restoration; an old session result never enters the next conversation (0.389458ms)
✔ history failure is visible; next send retries only the read and keeps the draft until context is restored (0.428833ms)
✔ submitUserTurn is the sole path: only it (and retry of its own turn) calls Transport.chat (3.234208ms)
✔ typed and spoken turns are byte-identical on the wire; the modality stays on the item (0.160833ms)
✔ the user text: NFC and trimmed, 1..2000 units, refused visibly and never truncated; one turn in flight (0.547084ms)
✔ D6: after the 3 500-unit reply fixture every history item is ≤ 2000, the pair is not split, and the next turns are accepted (0.448667ms)
✔ history: only sent user turns and real replies, the last 11 plus the new message (DTO 1..12) (0.962083ms)
✔ same-requestId retry only after 429 / 502 / network / abort / 503 — never after 409 or an unknown outcome (1.073458ms)
✔ 409 is terminal for its id; an older failed turn loses its same-id retry once the conversation moves on (0.274583ms)
✔ approval_required: the reply, then the approval_not_here notice; the next turn carries the reply and never the notice (0.276708ms)
✔ 402 / 403 / tenant_required / 400: a conversation notice, the composer state, and none of it in history (0.40025ms)
✔ sign-out empties the timeline and aborts the turn in flight; nothing crosses into the next session (0.351084ms)
✔ display cap: 200 items on screen, older ones dropped and disclosed, never silently (4.847166ms)
✔ subscribers see every state change, in order, and can unsubscribe (0.243625ms)
✔ over the real net client: the long reply and the approval shape end in DTO-valid next turns (fetch replaced) (15.27975ms)
✔ TURN-ID carries only the server conversation reference, preserves retry identity, and clears it on logout (0.514ms)
✔ the vault: tokens by item and intent ref; lookups only, no enumeration; drop and clear (0.978ms)
✔ FBE2E-1: live submission uses only widget intent/resolve and returns the authorized successor or receipt line (0.379292ms)
✔ FBE2E-1: a drawn selector can submit only one server-declared option/ref value (0.16025ms)
✔ FBE2E-1/3: successor replaces the selector and only a server terminal receipt enters conversation (11.837417ms)
✔ ingest: H7 on the full envelope for all 40 fixtures; display follows the lifecycle and on_expiry quietly (14.882792ms)
✔ L7 replace in place: the successor takes the predecessor's position and item id; P-25: a repeated widget_id renders once (1.934417ms)
✔ a late outcome for a replaced emission draws nothing on its successor (4.17775ms)
✔ F60: a NONE escape dismisses locally — 0 transport calls, 0 submissions — and nothing else stays activatable (5.284ms)
✔ D9: every drawn control of every live fixture ends in a state change or a sentence — silent outcomes 0, requests 0 (35.7795ms)
ℹ activations 129: submitted 73, dismissed 11, sentence without a submission 45
✔ the submission is the contract WidgetIntentSubmission: exact members, the vault token, nothing else (0.499ms)
✔ the submission literal is checked against the closed contract type: an extra member does not compile (3814.619583ms)
✔ outcomes: each SubmissionOutcome and a rejection end in a neutral sentence; one activation in flight per item (2.853833ms)
✔ NAVIGATE(detail): PROGRESS while the submission runs; the P1 binding closes it, returns to the opener and leaves a sentence (0.474ms)
✔ R3.3.4 / R7-E3: a detail opens only for the envelope's own fullscreen_detail key, only for the nine fs.* keys, never from inside a detail (4.572708ms)
✔ shell targets: a class-s route resolves through the registry before anything is sent; the route switch waits for an outcome (3.674209ms)
✔ expiry on screen follows on_expiry quietly; a collapsed item gives up its tokens (1.070875ms)
✔ an environment change redraws every item; sign-out releases every item and token (0.827084ms)
✔ the display cap releases a dropped item's tokens but keeps P-25: the same emission redelivered still renders once (0.430875ms)
✔ intentRefFor: an action names its intent; a choice names the intent it selects; anything else names none (0.196125ms)
✔ I-SRC-1 — activating the SCHEDULE entry reaches the submission boundary (0.271333ms)
✔ I-SRC-1 — a ref the server did not map to an intent is REFUSED, and never sent (0.271625ms)
✔ I-SRC-1 — a ref outside the sealed reading order is REFUSED before anything else (0.208666ms)
✔ I-SRC-1 — the fix did not make a schema-bearing intent accept an entry ref (0.292334ms)
✔ I-SRC-1 NAVIGATE: live fs.calendar response resolves PROGRESS to fullscreen, without a timeline insertion or history bounce (0.782667ms)
✔ I-SRC-1 NAVIGATE: undeclared route is route_refused before transport (0.378167ms)
✔ I-SRC-1 NAVIGATE: forged route is route_refused before transport (0.35425ms)
✔ I-SRC-1 NAVIGATE: unknown route is route_refused before transport (0.394917ms)
✔ I-SRC-1 NAVIGATE: substituted parent is refused without fullscreen or timeline pollution (0.390375ms)
✔ I-SRC-1 NAVIGATE: missing parent is refused without fullscreen or timeline pollution (0.347625ms)
✔ I-SRC-1 NAVIGATE: same widget is refused without fullscreen or timeline pollution (0.343583ms)
✔ I-SRC-1 NAVIGATE: wrong tenant is refused without fullscreen or timeline pollution (0.349917ms)
✔ I-SRC-1 NAVIGATE: wrong principal is refused without fullscreen or timeline pollution (0.342125ms)
✔ I-SRC-1 NAVIGATE: wrong turn is refused without fullscreen or timeline pollution (0.344541ms)
✔ I-SRC-1 NAVIGATE: wrong profile is refused without fullscreen or timeline pollution (0.343958ms)
✔ I-SRC-1 NAVIGATE: wrong profile version is refused without fullscreen or timeline pollution (0.34325ms)
✔ I-SRC-1 NAVIGATE: substituted route is refused without fullscreen or timeline pollution (0.371333ms)
✔ I-SRC-1 NAVIGATE: missing returned route is refused without fullscreen or timeline pollution (0.392625ms)
✔ I-SRC-1 NAVIGATE: tampered detail is refused without fullscreen or timeline pollution (0.415125ms)
✔ I-SRC-1 NAVIGATE: expired detail is refused without fullscreen or timeline pollution (0.479ms)
✔ I-SRC-1 NAVIGATE: terminal detail is refused without fullscreen or timeline pollution (0.535041ms)
✔ I-SRC-1 NAVIGATE: canonical server widget_principal_mismatch refusal never opens a detail (0.291459ms)
✔ I-SRC-1 NAVIGATE: canonical server tenant_mismatch refusal never opens a detail (0.257042ms)
✔ I-SRC-1 NAVIGATE: close while pending prevents a late response from taking chrome ownership (0.476917ms)
✔ I-SRC-1 NAVIGATE: back while pending prevents a late response from taking chrome ownership (0.412917ms)
✔ I-SRC-1 NAVIGATE: navigate while pending prevents a late response from taking chrome ownership (0.413458ms)
✔ I-SRC-1 NAVIGATE: sign-out while pending prevents a late response from taking chrome ownership (0.266958ms)
✔ I-SRC-1 NAVIGATE: another-detail while pending prevents a late response from taking chrome ownership (0.619334ms)
✔ I-SRC-1 NAVIGATE: ordinary non-detail advanced response keeps timeline semantics even with fs.calendar in its payload (0.448084ms)
✔ I-SRC-1 NAVIGATE: refused principal even with an attached envelope cannot open fullscreen (0.293417ms)
✔ I-SRC-1 NAVIGATE: refused tenant even with an attached envelope cannot open fullscreen (0.274208ms)
✔ I-SRC-1 NAVIGATE: missing acceptance cannot open fullscreen (0.26425ms)
✔ I-SRC-1 NAVIGATE: verification required cannot open fullscreen (0.252666ms)
✔ I-SRC-1 NAVIGATE: expired successor cannot open fullscreen (0.257041ms)
✔ NS-1: parent → detail → parent, where the parent on the timeline is the server-returned `resolved_widget` (1.20475ms)
✔ NS-1: a return with no `resolved_widget` fails closed — nothing is reconstructed and no parent is restored (0.817667ms)
✔ NS-1: substituted parent widget is refused, with the detail closed and no parent restored (0.811792ms)
✔ NS-1: the detail itself returned as its own parent is refused, with the detail closed and no parent restored (2.085584ms)
✔ NS-1: wrong tenant is refused, with the detail closed and no parent restored (0.88725ms)
✔ NS-1: wrong principal is refused, with the detail closed and no parent restored (0.780708ms)
✔ NS-1: wrong turn is refused, with the detail closed and no parent restored (0.763083ms)
✔ NS-1: wrong profile is refused, with the detail closed and no parent restored (0.738041ms)
✔ NS-1: wrong profile version is refused, with the detail closed and no parent restored (0.750542ms)
✔ NS-1: tampered parent body is refused, with the detail closed and no parent restored (0.831125ms)
✔ NS-1: stale parent: expired is refused, with the detail closed and no parent restored (0.917583ms)
✔ NS-1: stale parent: superseded is refused, with the detail closed and no parent restored (0.942042ms)
✔ NS-1: stale parent: consumed is refused, with the detail closed and no parent restored (0.876959ms)
✔ NS-1: a parent return is admitted only from an open detail, and only for a NAVIGATE to a re-resolved widget (1.284209ms)
✔ NS-1: ordinary ACCEPTED responses are unchanged — the reread still settles, and a successor still advances (1.7985ms)
✔ L27: COMMIT → CONFIRMED → Dismiss leaves one business effect, one receipt and ONE visible terminal outcome (0.505542ms)
✔ L27: repeated Dismiss keeps the visible terminal outcome at one, however many times it is pressed (0.384542ms)
✔ L27: two genuinely different terminal outcomes both remain representable (1.055834ms)
✔ L27: identity is the canonical reference, never the sentence — in BOTH directions (0.750583ms)
✔ L27: an ordinary assistant message and a terminal outcome never deduplicate each other, in either order (3.739958ms)
✔ L27: UNKNOWN → reconciliation → CONFIRMED keeps the later canonical transition visible (0.327083ms)
✔ L27: retry and refusal paths are unchanged (1.480833ms)
✔ L27: a successor emission carrying its predecessor's confirmation states it once (0.6105ms)
✔ L27: the record survives the display cap, on the path where that is reachable (0.884542ms)
✔ L27: one canonical receipt is stated once ACROSS widgets, even after the first statement is evicted (0.772667ms)
✔ L27: a cleared conversation starts again (0.388917ms)
✔ L27: a settled submission whose thread page failed loses nothing — the next one writes the outcome (0.317125ms)
✔ L27: two identical lines inside ONE response are one outcome, and two different ones are two (1.277708ms)
✔ L27: a reference identifies an outcome only on the line class the contract gives it to (0.432334ms)
✔ L25: tap alone never observes rendering; explicit mounted callback is bounded, idempotent and gates selector REFINE (1.144167ms)
✔ L25: refused render evidence never opens selector submission and can be retried only after a new mounted observation (0.343917ms)
✔ schedule owner failure reads its canonical terminal line without treating it as authority denial (0.132167ms)
✔ initial state: the conversation is open, the primary route is shell.root, nothing is fullscreen (0.6415ms)
✔ pure transitions: only the five base routes are primary; one detail at a time; closing always works (0.184042ms)
✔ no route key or URL opens a fullscreen: the module has no key-based opener (0.410417ms)
✔ PROGRESS → OPEN → close: one history entry for the current address, popped once; the opener is kept for focus return (0.214958ms)
✔ Back closes the detail without popping another entry; Esc/Close pops the entry it pushed (0.0805ms)
✔ closeProgress closes only a PROGRESS detail for that item; navigate closes any detail (P-06: the conversation is one action away) (0.079834ms)
✔ presentDetail refuses without a source, without a timeline opener, and when the source refuses (0.071666ms)
✔ sign-out closes the detail and returns to the root route (0.099834ms)
✔ signed out, the primary route stays the root (SH-04); a route landed while signed out applies at sign-in (0.130792ms)
✔ the runtime: one widget port for the DOM, a real detail at SHEET density, and the fragment landed without a request (13.193625ms)
✔ P-B4: a successful chat resolution reaches the existing H7/vault/renderer path without a second transport (1.023ms)
ℹ tests 114
ℹ suites 0
ℹ pass 114
ℹ fail 0
ℹ cancelled 0
ℹ skipped 0
ℹ todo 0
ℹ duration_ms 4055.588417
