✔ receipt restoration uses one bounded read and discards a late old-session result (3.191083ms)
✔ receipt forbidden does not create authority or block restored text chat (0.515584ms)
✔ receipt no_connection does not create authority or block restored text chat (0.230167ms)
✔ receipt server_error does not create authority or block restored text chat (0.169375ms)
✔ an older server missing the additive history route remains usable with a visible limitation (0.334167ms)
✔ server continuation waits before send, restores text only, excludes unfinished work from context (0.566ms)
✔ logout aborts restoration; an old session result never enters the next conversation (0.353584ms)
✔ history failure is visible; next send retries only the read and keeps the draft until context is restored (0.307958ms)
✔ submitUserTurn is the sole path: only it (and retry of its own turn) calls Transport.chat (4.259625ms)
✔ typed and spoken turns are byte-identical on the wire; the modality stays on the item (0.170958ms)
✔ the user text: NFC and trimmed, 1..2000 units, refused visibly and never truncated; one turn in flight (0.585625ms)
✔ D6: after the 3 500-unit reply fixture every history item is ≤ 2000, the pair is not split, and the next turns are accepted (0.430333ms)
✔ history: only sent user turns and real replies, the last 11 plus the new message (DTO 1..12) (0.944042ms)
✔ same-requestId retry only after 429 / 502 / network / abort / 503 — never after 409 or an unknown outcome (0.82325ms)
✔ 409 is terminal for its id; an older failed turn loses its same-id retry once the conversation moves on (0.284167ms)
✔ approval_required: the reply, then the approval_not_here notice; the next turn carries the reply and never the notice (0.334167ms)
✔ 402 / 403 / tenant_required / 400: a conversation notice, the composer state, and none of it in history (0.478666ms)
✔ sign-out empties the timeline and aborts the turn in flight; nothing crosses into the next session (0.242292ms)
✔ display cap: 200 items on screen, older ones dropped and disclosed, never silently (4.635834ms)
✔ subscribers see every state change, in order, and can unsubscribe (0.253209ms)
✔ over the real net client: the long reply and the approval shape end in DTO-valid next turns (fetch replaced) (15.109208ms)
✔ TURN-ID carries only the server conversation reference, preserves retry identity, and clears it on logout (0.475875ms)
✔ the vault: tokens by item and intent ref; lookups only, no enumeration; drop and clear (1.014625ms)
✔ FBE2E-1: live submission uses only widget intent/resolve and returns the authorized successor or receipt line (0.43425ms)
✔ FBE2E-1: a drawn selector can submit only one server-declared option/ref value (0.174417ms)
✔ FBE2E-1/3: successor replaces the selector and only a server terminal receipt enters conversation (12.111709ms)
✔ ingest: H7 on the full envelope for all 40 fixtures; display follows the lifecycle and on_expiry quietly (15.246ms)
✔ L7 replace in place: the successor takes the predecessor's position and item id; P-25: a repeated widget_id renders once (1.857667ms)
✔ a late outcome for a replaced emission draws nothing on its successor (4.034417ms)
✔ F60: a NONE escape dismisses locally — 0 transport calls, 0 submissions — and nothing else stays activatable (5.13675ms)
✔ D9: every drawn control of every live fixture ends in a state change or a sentence — silent outcomes 0, requests 0 (34.082125ms)
ℹ activations 129: submitted 73, dismissed 11, sentence without a submission 45
✔ the submission is the contract WidgetIntentSubmission: exact members, the vault token, nothing else (0.472083ms)
✔ the submission literal is checked against the closed contract type: an extra member does not compile (3664.706333ms)
✔ outcomes: each SubmissionOutcome and a rejection end in a neutral sentence; one activation in flight per item (2.893375ms)
✔ NAVIGATE(detail): PROGRESS while the submission runs; the P1 binding closes it, returns to the opener and leaves a sentence (0.469792ms)
✔ R3.3.4 / R7-E3: a detail opens only for the envelope's own fullscreen_detail key, only for the nine fs.* keys, never from inside a detail (4.582083ms)
✔ shell targets: a class-s route resolves through the registry before anything is sent; the route switch waits for an outcome (1.562125ms)
✔ expiry on screen follows on_expiry quietly; a collapsed item gives up its tokens (0.969959ms)
✔ an environment change redraws every item; sign-out releases every item and token (0.761875ms)
✔ the display cap releases a dropped item's tokens but keeps P-25: the same emission redelivered still renders once (0.440833ms)
✔ intentRefFor: an action names its intent; a choice names the intent it selects; anything else names none (0.188375ms)
✔ I-SRC-1 — activating the SCHEDULE entry reaches the submission boundary (0.251208ms)
✔ I-SRC-1 — a ref the server did not map to an intent is REFUSED, and never sent (0.262667ms)
✔ I-SRC-1 — a ref outside the sealed reading order is REFUSED before anything else (0.206417ms)
✔ I-SRC-1 — the fix did not make a schema-bearing intent accept an entry ref (0.283083ms)
✔ I-SRC-1 NAVIGATE: live fs.calendar response resolves PROGRESS to fullscreen, without a timeline insertion or history bounce (2.682666ms)
✔ I-SRC-1 NAVIGATE: undeclared route is route_refused before transport (0.477375ms)
✔ I-SRC-1 NAVIGATE: forged route is route_refused before transport (0.375333ms)
✔ I-SRC-1 NAVIGATE: unknown route is route_refused before transport (0.349708ms)
✔ I-SRC-1 NAVIGATE: substituted parent is refused without fullscreen or timeline pollution (0.383209ms)
✔ I-SRC-1 NAVIGATE: missing parent is refused without fullscreen or timeline pollution (0.343458ms)
✔ I-SRC-1 NAVIGATE: same widget is refused without fullscreen or timeline pollution (0.345ms)
✔ I-SRC-1 NAVIGATE: wrong tenant is refused without fullscreen or timeline pollution (0.340458ms)
✔ I-SRC-1 NAVIGATE: wrong principal is refused without fullscreen or timeline pollution (0.34825ms)
✔ I-SRC-1 NAVIGATE: wrong turn is refused without fullscreen or timeline pollution (0.365375ms)
✔ I-SRC-1 NAVIGATE: wrong profile is refused without fullscreen or timeline pollution (0.331792ms)
✔ I-SRC-1 NAVIGATE: wrong profile version is refused without fullscreen or timeline pollution (0.3325ms)
✔ I-SRC-1 NAVIGATE: substituted route is refused without fullscreen or timeline pollution (0.343958ms)
✔ I-SRC-1 NAVIGATE: missing returned route is refused without fullscreen or timeline pollution (0.333875ms)
✔ I-SRC-1 NAVIGATE: tampered detail is refused without fullscreen or timeline pollution (0.461458ms)
✔ I-SRC-1 NAVIGATE: expired detail is refused without fullscreen or timeline pollution (0.51525ms)
✔ I-SRC-1 NAVIGATE: terminal detail is refused without fullscreen or timeline pollution (0.472167ms)
✔ I-SRC-1 NAVIGATE: canonical server widget_principal_mismatch refusal never opens a detail (0.285333ms)
✔ I-SRC-1 NAVIGATE: canonical server tenant_mismatch refusal never opens a detail (0.254ms)
✔ I-SRC-1 NAVIGATE: close while pending prevents a late response from taking chrome ownership (0.439042ms)
✔ I-SRC-1 NAVIGATE: back while pending prevents a late response from taking chrome ownership (0.401625ms)
✔ I-SRC-1 NAVIGATE: navigate while pending prevents a late response from taking chrome ownership (0.406208ms)
✔ I-SRC-1 NAVIGATE: sign-out while pending prevents a late response from taking chrome ownership (0.2635ms)
✔ I-SRC-1 NAVIGATE: another-detail while pending prevents a late response from taking chrome ownership (0.603125ms)
✔ I-SRC-1 NAVIGATE: ordinary non-detail advanced response keeps timeline semantics even with fs.calendar in its payload (0.500667ms)
✔ I-SRC-1 NAVIGATE: refused principal even with an attached envelope cannot open fullscreen (0.313917ms)
✔ I-SRC-1 NAVIGATE: refused tenant even with an attached envelope cannot open fullscreen (0.28225ms)
✔ I-SRC-1 NAVIGATE: missing acceptance cannot open fullscreen (0.275583ms)
✔ I-SRC-1 NAVIGATE: verification required cannot open fullscreen (0.261708ms)
✔ I-SRC-1 NAVIGATE: expired successor cannot open fullscreen (0.257833ms)
✔ NS-1: parent → detail → parent, where the parent on the timeline is the server-returned `resolved_widget` (1.136708ms)
✔ NS-1: a return with no `resolved_widget` fails closed — nothing is reconstructed and no parent is restored (0.793875ms)
✔ NS-1: substituted parent widget is refused, with the detail closed and no parent restored (0.761417ms)
✔ NS-1: the detail itself returned as its own parent is refused, with the detail closed and no parent restored (0.689834ms)
✔ NS-1: wrong tenant is refused, with the detail closed and no parent restored (0.684375ms)
✔ NS-1: wrong principal is refused, with the detail closed and no parent restored (0.695916ms)
✔ NS-1: wrong turn is refused, with the detail closed and no parent restored (0.69475ms)
✔ NS-1: wrong profile is refused, with the detail closed and no parent restored (0.69625ms)
✔ NS-1: wrong profile version is refused, with the detail closed and no parent restored (1.808041ms)
✔ NS-1: tampered parent body is refused, with the detail closed and no parent restored (1.0325ms)
✔ NS-1: stale parent: expired is refused, with the detail closed and no parent restored (0.963875ms)
✔ NS-1: stale parent: superseded is refused, with the detail closed and no parent restored (0.923ms)
✔ NS-1: stale parent: consumed is refused, with the detail closed and no parent restored (0.832125ms)
✔ NS-1: a parent return is admitted only from an open detail, and only for a NAVIGATE to a re-resolved widget (1.278209ms)
✔ NS-1: ordinary ACCEPTED responses are unchanged — the reread still settles, and a successor still advances (1.805458ms)
✔ historical booking outcomes share live receipt dedupe without holding controls or tokens (0.533791ms)
✔ L27: COMMIT → CONFIRMED → Dismiss leaves one business effect, one receipt and ONE visible terminal outcome (0.341459ms)
✔ L27: repeated Dismiss keeps the visible terminal outcome at one, however many times it is pressed (0.319208ms)
✔ L27: two genuinely different terminal outcomes both remain representable (1.003166ms)
✔ L27: identity is the canonical reference, never the sentence — in BOTH directions (0.720792ms)
✔ L27: an ordinary assistant message and a terminal outcome never deduplicate each other, in either order (3.675834ms)
✔ L27: UNKNOWN → reconciliation → CONFIRMED keeps the later canonical transition visible (0.3515ms)
✔ L27: retry and refusal paths are unchanged (1.46225ms)
✔ L27: a successor emission carrying its predecessor's confirmation states it once (0.563417ms)
✔ L27: the record survives the display cap, on the path where that is reachable (0.8585ms)
✔ L27: one canonical receipt is stated once ACROSS widgets, even after the first statement is evicted (0.806042ms)
✔ L27: a cleared conversation starts again (0.38475ms)
✔ L27: a settled submission whose thread page failed loses nothing — the next one writes the outcome (0.295834ms)
✔ L27: two identical lines inside ONE response are one outcome, and two different ones are two (0.259292ms)
✔ L27: a reference identifies an outcome only on the line class the contract gives it to (0.261208ms)
✔ L25: tap alone never observes rendering; explicit mounted callback is bounded, idempotent and gates selector REFINE (0.805375ms)
✔ L25: refused render evidence never opens selector submission and can be retried only after a new mounted observation (0.312417ms)
✔ schedule owner failure reads its canonical terminal line without treating it as authority denial (0.105625ms)
✔ initial state: the conversation is open, the primary route is shell.root, nothing is fullscreen (0.620417ms)
✔ pure transitions: only the five base routes are primary; one detail at a time; closing always works (0.194459ms)
✔ no route key or URL opens a fullscreen: the module has no key-based opener (0.392167ms)
✔ PROGRESS → OPEN → close: one history entry for the current address, popped once; the opener is kept for focus return (0.222959ms)
✔ Back closes the detail without popping another entry; Esc/Close pops the entry it pushed (0.083458ms)
✔ closeProgress closes only a PROGRESS detail for that item; navigate closes any detail (P-06: the conversation is one action away) (0.082666ms)
✔ presentDetail refuses without a source, without a timeline opener, and when the source refuses (0.0705ms)
✔ sign-out closes the detail and returns to the root route (0.114541ms)
✔ signed out, the primary route stays the root (SH-04); a route landed while signed out applies at sign-in (0.094583ms)
✔ the runtime: one widget port for the DOM, a real detail at SHEET density, and the fragment landed without a request (12.933959ms)
✔ P-B4: a successful chat resolution reaches the existing H7/vault/renderer path without a second transport (1.000541ms)
✔ login restores only bounded booking terminal prose through the existing reader, without widget activation (0.8895ms)
ℹ tests 120
ℹ suites 0
ℹ pass 120
ℹ fail 0
ℹ cancelled 0
ℹ skipped 0
ℹ todo 0
ℹ duration_ms 3901.582459
