✔ receipt restoration uses one bounded read and discards a late old-session result (4.007833ms)
✔ receipt forbidden does not create authority or block restored text chat (0.675875ms)
✔ receipt no_connection does not create authority or block restored text chat (0.54675ms)
✔ receipt server_error does not create authority or block restored text chat (3.735041ms)
✔ receipt tenant_unbound cannot publish unbound text or strand the composer (1.221042ms)
✔ receipt reader_rejects cannot publish unbound text or strand the composer (1.1135ms)
✔ receipt reader_throws cannot publish unbound text or strand the composer (0.760916ms)
✔ receipt sink_throws cannot publish unbound text or strand the composer (0.537708ms)
✔ an older server missing the additive history route remains usable with a visible limitation (0.447958ms)
✔ server continuation waits before send, restores text only, excludes unfinished work from context (0.678083ms)
✔ logout aborts restoration; an old session result never enters the next conversation (0.364833ms)
✔ history failure is visible; next send retries only the read and keeps the draft until context is restored (0.823625ms)
✔ submitUserTurn is the sole path: only it (and retry of its own turn) calls Transport.chat (2.942417ms)
✔ typed and spoken turns are byte-identical on the wire; the modality stays on the item (0.085583ms)
✔ the user text: NFC and trimmed, 1..2000 units, refused visibly and never truncated; one turn in flight (0.38925ms)
✔ D6: after the 3 500-unit reply fixture every history item is ≤ 2000, the pair is not split, and the next turns are accepted (0.36675ms)
✔ history: only sent user turns and real replies, the last 11 plus the new message (DTO 1..12) (0.921833ms)
✔ same-requestId retry only after 429 / 502 / network / abort / 503 — never after 409 or an unknown outcome (1.091875ms)
✔ 409 is terminal for its id; an older failed turn loses its same-id retry once the conversation moves on (0.334ms)
✔ approval_required: the reply, then the approval_not_here notice; the next turn carries the reply and never the notice (0.549708ms)
✔ 402 / 403 / tenant_required / 400: a conversation notice, the composer state, and none of it in history (0.390084ms)
✔ sign-out empties the timeline and aborts the turn in flight; nothing crosses into the next session (0.299291ms)
✔ display cap: 200 items on screen, older ones dropped and disclosed, never silently (4.968667ms)
✔ subscribers see every state change, in order, and can unsubscribe (0.210625ms)
✔ over the real net client: the long reply and the approval shape end in DTO-valid next turns (fetch replaced) (15.051125ms)
✔ TURN-ID carries only the server conversation reference, preserves retry identity, and clears it on logout (0.948ms)
✔ entry/index.html: meta CSP without frame-ancestors (D10), data: favicon, digest placeholder, no inline script (1.018542ms)
✔ entry/main.ts: `document` on exactly one code line — the one host acquisition — and the closed tag set equals dom-port.ts DomTag (0.452583ms)
✔ entry/styles.css: tokens, forced colours, reduced motion, 44 px targets, nothing external (0.236625ms)
✔ entry/styles.css: the document refuses overscroll and EVERY scroll container contains it — a pull-to-refresh reload would end the memory-only session (A6) (1.58375ms)
✔ entry/styles.css: the four device insets are read once, and every surface with no .app-shell above it pads from them — IN EVERY at-rule context (2.445792ms)
✔ entry/styles.css: the nav keeps its home-indicator inset because a media block can only change the row token, not the inset (0.334625ms)
✔ entry/styles.css: the conversation column cannot spill out of the fixed-height shell, and the hint is what gives way (0.3915ms)
✔ entry/styles.css + entry/main.ts: what must fit above the on-screen keyboard is sized from the visible height, never from vh (0.526708ms)
✔ entry/styles.css: the fullscreen BODY scrolls, not the <dialog>, and the flex display is scoped to [open] (0.340542ms)
✔ the only href write in src/** is renderReplyLink in dom/timeline.ts (N-3, V2-15) (2.356875ms)
✔ signed out: the root screen is the sign-in state — no composer, no nav, no route, 0 chat requests (2.150375ms)
✔ the business handle comes from the finder, never from a person: password sign-in carries it and no field asks for it (V2-6) (5.478208ms)
✔ «Продолжить с Telegram» hands off the chosen business, and appears only once one is chosen (1.3015ms)
✔ the finder names every outcome: nothing found, too short, no connection — each a sentence and a focused control (1.951708ms)
✔ every sign-in failure is a named state: sentence, focus on a control, no role="alert"; silent login outcomes = 0 (V2-16) (7.246542ms)
✔ the unknown business: /auth/login 404 «Tenant not found», 401 and 403 end in the same «never says which» state (real createNet) (8.152875ms)
✔ session-not-active 401 (a bearer after logout or revocation): one refresh, then the named signed-out state — end to end on the real net (5.972792ms)
✔ rate limit: the countdown decreases, the submitting control is held until it ends, attempts meanwhile send nothing (2.154125ms)
✔ the first run through the app: the root screen finds a business by name and address, then hands off — the handle is never shown (1.073833ms)
✔ after sign-in the root is the signed-in app: identity, a focused composer, and the sign-in state gone (1.469333ms)
✔ the landing is visible: it says it is finishing, and every way it can fail is a sentence on a control (1.054125ms)
✔ a session that ends shows the signed-out state with its reason and focus on its heading; nothing typed survives (0.861167ms)
✔ typed turn: bubble before the reply, one role=status while pending, polite log, focus stays in the composer, text cleared once sent (1.993ms)
✔ approval_required (SH-06): the reply, then the exact notice — no control, link or route, not role="alert", never history (1.350208ms)
✔ failures: 502 retry on the same id; 429 counts down, then retry; 409 has no retry and keeps the text; 402 disables the composer with a reason (2.277833ms)
✔ every notice kind draws its own sentence, exactly, with no control but tenant_required’s «Выйти» and never role="alert" (0.856583ms)
✔ the real paths end in their notices: 403 feature_locked, 402 and 400 on a turn; #r=fs.* refused and #r=w unavailable at load, with 0 requests (4.748792ms)
✔ tenant_required (§1.4 row 11): the named signed-in state with «Выйти», composer disabled with the reason (0.98275ms)
✔ reply links: only https:, tel: and mailto: become anchors with rel="noopener noreferrer"; javascript: and data: stay text (4.102041ms)
✔ nav: exactly five buttons with the registry labels and aria-current; Tab order composer → Отправить → mic → nav (0.343583ms)
✔ routes: a base route draws its chrome with the escape back; account hosts «Выйти»; back returns focus to the composer (0.975875ms)
✔ every fixture drawn through the shell: DOM interactive order == reading order, names byte-equal, 0 secret bytes, closed tags, no role="alert" (36.94125ms)
✔ per-kind focus (D7): heading for BOOKING_CONFIRMATION, CONSENT_STATE, PAYMENT_HANDOFF; first refused field for FORM; none for the others (2.869917ms)
✔ in-place successor keeps position and takes heading focus when its row says so; a local NONE dismiss focuses the collapsed headline (1.082166ms)
✔ the NONE escape through the real shell: 0 requests, the item collapses, focus on its headline (0.751667ms)
✔ live regions (D7): LIMITATION blocking assertive, non-blocking polite; PROGRESS announces at most once per 5 s; never role="alert" (2.095291ms)
✔ A-17: CLIENT_LIST table — caption, column headers, row headers, in-row buttons, no row click handler (1.881875ms)
✔ drawResult never composes a name: every aria-label is a sealed accessible name or the result label (21.509334ms)
✔ fullscreen: PROGRESS opens one modal dialog with focus inside; Tab cycles inside; Esc asks the shell to close; focus returns to the opener (1.203083ms)
✔ the real shell: NAVIGATE(detail) opens PROGRESS in the dialog, the P1 binding closes it, focus returns to the opener, the item carries a sentence, history balanced (2.660583ms)
✔ I-SRC-1 NAVIGATE DOM: accepted detail keeps one dialog; Escape returns focus to the original timeline control (3.857375ms)
✔ I-SRC-1 NAVIGATE DOM: accepted detail keeps one dialog; closeDetail returns focus to the original timeline control (1.772292ms)
✔ I-SRC-1 NAVIGATE DOM: accepted detail keeps one dialog; Back returns focus to the original timeline control (1.444458ms)
✔ the vault: tokens by item and intent ref; lookups only, no enumeration; drop and clear (0.974667ms)
✔ FBE2E-1: live submission uses only widget intent/resolve and returns the authorized successor or receipt line (0.443291ms)
✔ FBE2E-1: a drawn selector can submit only one server-declared option/ref value (0.170042ms)
✔ FBE2E-1/3: successor replaces the selector and only a server terminal receipt enters conversation (12.615708ms)
✔ ingest: H7 on the full envelope for all 40 fixtures; display follows the lifecycle and on_expiry quietly (15.338333ms)
✔ L7 replace in place: the successor takes the predecessor's position and item id; P-25: a repeated widget_id renders once (2.042541ms)
✔ a late outcome for a replaced emission draws nothing on its successor (4.335416ms)
✔ F60: a NONE escape dismisses locally — 0 transport calls, 0 submissions — and nothing else stays activatable (5.756166ms)
✔ D9: every drawn control of every live fixture ends in a state change or a sentence — silent outcomes 0, requests 0 (38.968625ms)
ℹ activations 129: submitted 73, dismissed 11, sentence without a submission 45
✔ the submission is the contract WidgetIntentSubmission: exact members, the vault token, nothing else (0.502125ms)
✔ the submission literal is checked against the closed contract type: an extra member does not compile (4026.945584ms)
✔ outcomes: each SubmissionOutcome and a rejection end in a neutral sentence; one activation in flight per item (2.913833ms)
✔ NAVIGATE(detail): PROGRESS while the submission runs; the P1 binding closes it, returns to the opener and leaves a sentence (0.476625ms)
✔ R3.3.4 / R7-E3: a detail opens only for the envelope's own fullscreen_detail key, only for the nine fs.* keys, never from inside a detail (4.588083ms)
✔ shell targets: a class-s route resolves through the registry before anything is sent; the route switch waits for an outcome (1.599584ms)
✔ expiry on screen follows on_expiry quietly; a collapsed item gives up its tokens (1.029916ms)
✔ an environment change redraws every item; sign-out releases every item and token (0.768542ms)
✔ the display cap releases a dropped item's tokens but keeps P-25: the same emission redelivered still renders once (0.432625ms)
✔ intentRefFor: an action names its intent; a choice names the intent it selects; anything else names none (0.185709ms)
✔ I-SRC-1 — activating the SCHEDULE entry reaches the submission boundary (0.250166ms)
✔ I-SRC-1 — a ref the server did not map to an intent is REFUSED, and never sent (0.290875ms)
✔ I-SRC-1 — a ref outside the sealed reading order is REFUSED before anything else (0.217458ms)
✔ I-SRC-1 — the fix did not make a schema-bearing intent accept an entry ref (0.272792ms)
✔ I-SRC-1 NAVIGATE: live fs.calendar response resolves PROGRESS to fullscreen, without a timeline insertion or history bounce (0.780417ms)
✔ I-SRC-1 NAVIGATE: undeclared route is route_refused before transport (0.375375ms)
✔ I-SRC-1 NAVIGATE: forged route is route_refused before transport (0.375ms)
✔ I-SRC-1 NAVIGATE: unknown route is route_refused before transport (0.340792ms)
✔ I-SRC-1 NAVIGATE: substituted parent is refused without fullscreen or timeline pollution (0.387167ms)
✔ I-SRC-1 NAVIGATE: missing parent is refused without fullscreen or timeline pollution (0.361958ms)
✔ I-SRC-1 NAVIGATE: same widget is refused without fullscreen or timeline pollution (0.367792ms)
✔ I-SRC-1 NAVIGATE: wrong tenant is refused without fullscreen or timeline pollution (0.342ms)
✔ I-SRC-1 NAVIGATE: wrong principal is refused without fullscreen or timeline pollution (0.375042ms)
✔ I-SRC-1 NAVIGATE: wrong turn is refused without fullscreen or timeline pollution (0.365709ms)
✔ I-SRC-1 NAVIGATE: wrong profile is refused without fullscreen or timeline pollution (0.335375ms)
✔ I-SRC-1 NAVIGATE: wrong profile version is refused without fullscreen or timeline pollution (2.072708ms)
✔ I-SRC-1 NAVIGATE: substituted route is refused without fullscreen or timeline pollution (0.488208ms)
✔ I-SRC-1 NAVIGATE: missing returned route is refused without fullscreen or timeline pollution (0.394708ms)
✔ I-SRC-1 NAVIGATE: tampered detail is refused without fullscreen or timeline pollution (0.440666ms)
✔ I-SRC-1 NAVIGATE: expired detail is refused without fullscreen or timeline pollution (0.54075ms)
✔ I-SRC-1 NAVIGATE: terminal detail is refused without fullscreen or timeline pollution (0.48675ms)
✔ I-SRC-1 NAVIGATE: canonical server widget_principal_mismatch refusal never opens a detail (0.30325ms)
✔ I-SRC-1 NAVIGATE: canonical server tenant_mismatch refusal never opens a detail (0.264542ms)
✔ I-SRC-1 NAVIGATE: close while pending prevents a late response from taking chrome ownership (0.453625ms)
✔ I-SRC-1 NAVIGATE: back while pending prevents a late response from taking chrome ownership (0.408875ms)
✔ I-SRC-1 NAVIGATE: navigate while pending prevents a late response from taking chrome ownership (0.413041ms)
✔ I-SRC-1 NAVIGATE: sign-out while pending prevents a late response from taking chrome ownership (0.284458ms)
✔ I-SRC-1 NAVIGATE: another-detail while pending prevents a late response from taking chrome ownership (0.607875ms)
✔ I-SRC-1 NAVIGATE: ordinary non-detail advanced response keeps timeline semantics even with fs.calendar in its payload (0.473167ms)
✔ I-SRC-1 NAVIGATE: refused principal even with an attached envelope cannot open fullscreen (0.307583ms)
✔ I-SRC-1 NAVIGATE: refused tenant even with an attached envelope cannot open fullscreen (0.276292ms)
✔ I-SRC-1 NAVIGATE: missing acceptance cannot open fullscreen (0.26925ms)
✔ I-SRC-1 NAVIGATE: verification required cannot open fullscreen (0.265709ms)
✔ I-SRC-1 NAVIGATE: expired successor cannot open fullscreen (0.279291ms)
✔ NS-1: parent → detail → parent, where the parent on the timeline is the server-returned `resolved_widget` (1.193875ms)
✔ NS-1: a return with no `resolved_widget` fails closed — nothing is reconstructed and no parent is restored (0.802583ms)
✔ NS-1: substituted parent widget is refused, with the detail closed and no parent restored (0.763209ms)
✔ NS-1: the detail itself returned as its own parent is refused, with the detail closed and no parent restored (0.735333ms)
✔ NS-1: wrong tenant is refused, with the detail closed and no parent restored (0.719833ms)
✔ NS-1: wrong principal is refused, with the detail closed and no parent restored (0.740916ms)
✔ NS-1: wrong turn is refused, with the detail closed and no parent restored (0.730709ms)
✔ NS-1: wrong profile is refused, with the detail closed and no parent restored (0.737333ms)
✔ NS-1: wrong profile version is refused, with the detail closed and no parent restored (0.739208ms)
✔ NS-1: tampered parent body is refused, with the detail closed and no parent restored (0.811916ms)
✔ NS-1: stale parent: expired is refused, with the detail closed and no parent restored (0.895ms)
✔ NS-1: stale parent: superseded is refused, with the detail closed and no parent restored (0.902084ms)
✔ NS-1: stale parent: consumed is refused, with the detail closed and no parent restored (0.860791ms)
✔ NS-1: a parent return is admitted only from an open detail, and only for a NAVIGATE to a re-resolved widget (2.227166ms)
✔ NS-1: ordinary ACCEPTED responses are unchanged — the reread still settles, and a successor still advances (1.871042ms)
✔ historical booking outcomes share live receipt dedupe without holding controls or tokens (0.570792ms)
✔ L27: COMMIT → CONFIRMED → Dismiss leaves one business effect, one receipt and ONE visible terminal outcome (0.348042ms)
✔ L27: repeated Dismiss keeps the visible terminal outcome at one, however many times it is pressed (0.319375ms)
✔ L27: two genuinely different terminal outcomes both remain representable (1.005125ms)
✔ L27: identity is the canonical reference, never the sentence — in BOTH directions (0.712833ms)
✔ L27: an ordinary assistant message and a terminal outcome never deduplicate each other, in either order (3.569333ms)
✔ L27: UNKNOWN → reconciliation → CONFIRMED keeps the later canonical transition visible (0.323875ms)
✔ L27: retry and refusal paths are unchanged (1.449084ms)
✔ L27: a successor emission carrying its predecessor's confirmation states it once (0.608166ms)
✔ L27: the record survives the display cap, on the path where that is reachable (0.843791ms)
✔ L27: one canonical receipt is stated once ACROSS widgets, even after the first statement is evicted (0.775417ms)
✔ L27: a cleared conversation starts again (0.371958ms)
✔ L27: a settled submission whose thread page failed loses nothing — the next one writes the outcome (0.301792ms)
✔ L27: two identical lines inside ONE response are one outcome, and two different ones are two (0.265625ms)
✔ L27: a reference identifies an outcome only on the line class the contract gives it to (0.268583ms)
✔ L25: tap alone never observes rendering; explicit mounted callback is bounded, idempotent and gates selector REFINE (0.777709ms)
✔ L25: refused render evidence never opens selector submission and can be retried only after a new mounted observation (0.297334ms)
✔ schedule owner failure reads its canonical terminal line without treating it as authority denial (0.106417ms)
✔ PATHS holds exactly the approved literals; one fetch call site; API_BASE is the one endpoint line (71.371583ms)
✔ typed methods only: the two widget methods are explicit; no generic request or token accessor (0.310292ms)
✔ widget transport sends only typed bodies and retains only authorized response members (8.949833ms)
✔ NS-1: `resolved_widget` survives projection in its envelope shape only; every other shape is null, never a rejection (2.510666ms)
✔ email start keeps {next_step} only — debug_code never survives (0.282459ms)
✔ email verify (one business): tokens + TOP-LEVEL tenant.name + user.name; every other key dropped (0.486916ms)
✔ email verify (select_business): businesses[].role dropped, slug echoed verbatim at re-verify (0.224625ms)
✔ password login: body keys exactly {tenantSlug, email, password}; tenant NESTED at user.tenant; null name → "" (0.303167ms)
✔ signInPassword refuses an empty business address before any request (V2-6) (0.095ms)
✔ refresh: tokens + session only → grant; display stays what sign-in set (0.499209ms)
✔ malformed success bodies are unexpected_response, never a partial sign-in (0.321708ms)
✔ the password path never tells an existing account from a wrong password: /auth/login 401, 403 (either body) and 404 are one state (0.098375ms)
✔ §1.4 sign-in failure table: every row maps to its named state; silent login outcomes = 0 (1.138875ms)
✔ row 9 client-side: the same field state before sending, 0 requests (IsEmail shape, 4..8 digits, MinLength 8) (0.069916ms)
✔ row 10: a sign-in request that times out is no_connection (27.316208ms)
✔ row 11: /ai/chat → 403 tenant_required is its own named failure (0.377ms)
✔ /ai/chat request: exactly {surface, requestId, messages}, surface "web", Bearer, omit, no-store; no audience or tenant on the wire (0.22ms)
✔ approval_required: action_status copies action.status only — never action.approval (V2-5) (0.1855ms)
✔ B4: /ai/chat retains one exact SH-19 authorized envelope and rejects an incomplete substitute (0.519042ms)
✔ /ai/chat taxonomy: 402, 403×3, 429, 400, 503 modelFailure, 409, 502/network, 5xx, unexpected — one named failure each (0.972875ms)
✔ /ai/chat timeout (80 s in production) is no_connection; a caller abort is aborted (33.978917ms)
✔ 401 → one refresh → one retry with the new bearer (0.383291ms)
✔ two or more parallel 401s produce exactly one /auth/refresh (single flight); every call retried with the new bearer (20.928167ms)
✔ a 401 that arrives after another call already refreshed reuses the new grant (no second refresh) (5.718166ms)
✔ proactive refresh within 30 s of expiry: parallel calls share one refresh (12.6125ms)
✔ terminal refresh codes end the session with that reason, notify once, and send no retry (0.814542ms)
✔ refresh that cannot complete now keeps the session: 429 → rate_limited, network → no_connection (0.392084ms)
✔ refresh 400 validation, 401 without a code and a malformed 2xx each end the session (no silent loop) (0.536916ms)
✔ a 401 on the retry after a successful refresh ends the session (session_revoked); never a loop (0.222625ms)
✔ a lapsed refresh token ends the session as session_expired with 0 requests (0.097083ms)
✔ aborting a turn while it waits on a shared refresh returns aborted at once; the refresh still lands (13.4885ms)
✔ /ai/transcribe: body exactly {audioBase64}; {transcript} kept; failures mapped (§1.9) (26.79675ms)
✔ never signed in: view reason null; chat and transcribe answer signed_out with 0 requests (0.139375ms)
✔ signOut: signed out locally at once, then /auth/logout with the bearer; later calls send nothing (0.370209ms)
✔ signOut never throws when logout fails, and a failing subscriber does not stop the others (12.866667ms)
✔ signOut with an expired access token refreshes once to revoke; the refreshed grant is never installed (0.411166ms)
✔ signOut after the refresh token lapsed sends nothing: there is no server session left to revoke (0.121208ms)
✔ signOut during an in-flight refresh: logout uses the refreshed bearer; the waiting turn ends signed_out (5.656083ms)
✔ a grant from a later sign-in is never handed to a call made under the earlier one (6.8725ms)
✔ the purity gates admit src/net/** as written (fetch shape, PATHS, surface, audience, globals, imports, collisions) (3209.821584ms)
✔ the gates are not vacuous over these files: a tenth path, a second fetch, a storage read and surface "voice" are refused (200.210417ms)
✔ createNet() is structurally SessionPort + Transport (shell/ports.ts, frozen in S0) with no adapter (141.040458ms)
✔ no storage, no document, no cookie: never touched at runtime, never named in src/net (0.503666ms)
✔ the finder: one GET to the allowlisted path, the term percent-encoded, no body and no content type (0.3205ms)
✔ the finder refuses a one-character term before any request, and names the server's own minimum (0.03575ms)
✔ Telegram start: the web body names this page's callback, the native body names none, and only Telegram's own URL is followed (0.405708ms)
✔ the landing signs in: body exactly {state, code}, the login projection reused verbatim, is_new_user carried (0.225375ms)
✔ a callback nobody here asked for is refused before any request — the whole defence against a delivered pair (0.103209ms)
✔ one login, one landing: the second delivery of the same callback is refused without spending a request (0.135ms)
✔ the two carriers land the same callback: an object from the native shim, this page’s fragment on the web (0.37625ms)
✔ a fragment that is not exactly a callback is not one: no mark, a repeated key, a bad escape, a route (0.333917ms)
✔ the provider said no: error=access_denied is its own state and sends nothing (0.067291ms)
✔ every completion failure the server can answer is a named state, and each one restarts the login (0.939791ms)
✔ a 2xx that is not a login does not sign anyone in (0.296209ms)
✔ conversation history is authenticated GET with no selector/body, refreshes once, and strips action authority (0.547667ms)
✔ every request of this suite went to an approved URL, and all approved URLs were exercised (0.044375ms)
✔ a fresh login over an active session clears its timeline and rejects a delayed previous history, even with identical display names (13.829625ms)
✔ initial state: the conversation is open, the primary route is shell.root, nothing is fullscreen (0.6205ms)
✔ pure transitions: only the five base routes are primary; one detail at a time; closing always works (0.176291ms)
✔ no route key or URL opens a fullscreen: the module has no key-based opener (0.396334ms)
✔ PROGRESS → OPEN → close: one history entry for the current address, popped once; the opener is kept for focus return (0.218875ms)
✔ Back closes the detail without popping another entry; Esc/Close pops the entry it pushed (0.086208ms)
✔ closeProgress closes only a PROGRESS detail for that item; navigate closes any detail (P-06: the conversation is one action away) (0.0845ms)
✔ presentDetail refuses without a source, without a timeline opener, and when the source refuses (0.071709ms)
✔ sign-out closes the detail and returns to the root route (0.110875ms)
✔ signed out, the primary route stays the root (SH-04); a route landed while signed out applies at sign-in (0.093459ms)
✔ the runtime: one widget port for the DOM, a real detail at SHEET density, and the fragment landed without a request (13.310791ms)
✔ P-B4: a successful chat resolution reaches the existing H7/vault/renderer path without a second transport (1.1195ms)
✔ login restores only bounded booking terminal prose through the existing reader, without widget activation (0.939875ms)
ℹ tests 224
ℹ suites 0
ℹ pass 224
ℹ fail 0
ℹ cancelled 0
ℹ skipped 0
ℹ todo 0
ℹ duration_ms 4277.209666
