FAIL src/ai-tools/ai-core.lifecycle-two-months.spec.ts
  ● exact two-month Lifecycle ingress [actual parser, synthetic C9] › routes the exact validated request once through existing C9 for tenant_owner

    expect(jest.fn()).toHaveBeenCalledTimes(expected)

    Expected number of calls: 1
    Received number of calls: 0

      241 |       const f = fixture({ role });
      242 |       const response = await f.chat();
    > 243 |       expect(f.orchestration.checkClientReturn).toHaveBeenCalledTimes(1);
          |                                                 ^
      244 |       const [turn, selection] = f.orchestration.checkClientReturn.mock.calls[0];
      245 |       expect(turn.turn).toEqual({
      246 |         turnId: 'turn-1',

      at ai-tools/ai-core.lifecycle-two-months.spec.ts:243:49

  ● exact two-month Lifecycle ingress [actual parser, synthetic C9] › routes the exact validated request once through existing C9 for business_owner

    expect(jest.fn()).toHaveBeenCalledTimes(expected)

    Expected number of calls: 1
    Received number of calls: 0

      241 |       const f = fixture({ role });
      242 |       const response = await f.chat();
    > 243 |       expect(f.orchestration.checkClientReturn).toHaveBeenCalledTimes(1);
          |                                                 ^
      244 |       const [turn, selection] = f.orchestration.checkClientReturn.mock.calls[0];
      245 |       expect(turn.turn).toEqual({
      246 |         turnId: 'turn-1',

      at ai-tools/ai-core.lifecycle-two-months.spec.ts:243:49

  ● exact two-month Lifecycle ingress [actual parser, synthetic C9] › ignores proposed generic days/limit arguments instead of turning them into a source threshold

    expect(jest.fn()).toHaveBeenCalledTimes(expected)

    Expected number of calls: 1
    Received number of calls: 0

      276 |     const f = fixture({ proposedTool: true });
      277 |     await f.chat();
    > 278 |     expect(f.orchestration.checkClientReturn).toHaveBeenCalledTimes(1);
          |                                               ^
      279 |     expect(f.orchestration.checkClientReturn.mock.calls[0][1]).toEqual(request);
      280 |     expect(f.runtime.execute).not.toHaveBeenCalled();
      281 |     expect(f.decide).toHaveBeenCalledTimes(1);

      at Object.<anonymous> (ai-tools/ai-core.lifecycle-two-months.spec.ts:278:47)

  ● exact two-month Lifecycle ingress [actual parser, synthetic C9] › does not drop unsupported scope into an unscoped owner request: {"period":["more_than_two_months"]}

    expect(received).toHaveProperty(path)

    Matcher error: received value must not be null nor undefined

    Received has value: null

      300 |       expect(response.action).toBeNull();
      301 |       expect(response).not.toHaveProperty('recommendation');
    > 302 |       expect(f.saved[0].semanticContext).toHaveProperty(
          |                                          ^
      303 |         'ownerReviewClarification',
      304 |       );
      305 |       expect(f.decide).toHaveBeenCalledTimes(1);

      at ai-tools/ai-core.lifecycle-two-months.spec.ts:302:42

  ● exact two-month Lifecycle ingress [actual parser, synthetic C9] › does not drop unsupported scope into an unscoped owner request: {"period":"more_than_two_months","branch":"named-branch"}

    expect(received).toHaveProperty(path)

    Matcher error: received value must not be null nor undefined

    Received has value: null

      300 |       expect(response.action).toBeNull();
      301 |       expect(response).not.toHaveProperty('recommendation');
    > 302 |       expect(f.saved[0].semanticContext).toHaveProperty(
          |                                          ^
      303 |         'ownerReviewClarification',
      304 |       );
      305 |       expect(f.decide).toHaveBeenCalledTimes(1);

      at ai-tools/ai-core.lifecycle-two-months.spec.ts:302:42

  ● exact two-month Lifecycle ingress [actual parser, synthetic C9] › does not drop unsupported scope into an unscoped owner request: {"period":"more_than_two_months","employee":"named-employee"}

    expect(received).toHaveProperty(path)

    Matcher error: received value must not be null nor undefined

    Received has value: null

      300 |       expect(response.action).toBeNull();
      301 |       expect(response).not.toHaveProperty('recommendation');
    > 302 |       expect(f.saved[0].semanticContext).toHaveProperty(
          |                                          ^
      303 |         'ownerReviewClarification',
      304 |       );
      305 |       expect(f.decide).toHaveBeenCalledTimes(1);

      at ai-tools/ai-core.lifecycle-two-months.spec.ts:302:42

  ● exact two-month Lifecycle ingress [actual parser, synthetic C9] › does not drop unsupported scope into an unscoped owner request: {"period":"more_than_two_months","previous_frequency":"regular"}

    expect(received).toHaveProperty(path)

    Matcher error: received value must not be null nor undefined

    Received has value: null

      300 |       expect(response.action).toBeNull();
      301 |       expect(response).not.toHaveProperty('recommendation');
    > 302 |       expect(f.saved[0].semanticContext).toHaveProperty(
          |                                          ^
      303 |         'ownerReviewClarification',
      304 |       );
      305 |       expect(f.decide).toHaveBeenCalledTimes(1);

      at ai-tools/ai-core.lifecycle-two-months.spec.ts:302:42

  ● exact two-month Lifecycle ingress [actual parser, synthetic C9] › does not drop unsupported scope into an unscoped owner request: {"period":"more_than_two_months","goal":"return_priority"}

    expect(received).toHaveProperty(path)

    Matcher error: received value must not be null nor undefined

    Received has value: null

      300 |       expect(response.action).toBeNull();
      301 |       expect(response).not.toHaveProperty('recommendation');
    > 302 |       expect(f.saved[0].semanticContext).toHaveProperty(
          |                                          ^
      303 |         'ownerReviewClarification',
      304 |       );
      305 |       expect(f.decide).toHaveBeenCalledTimes(1);

      at ai-tools/ai-core.lifecycle-two-months.spec.ts:302:42

  ● exact two-month Lifecycle ingress [actual parser, synthetic C9] › does not drop unsupported scope into an unscoped owner request: {"period":"more_than_two_months","days_since_last_visit":60}

    expect(received).toHaveProperty(path)

    Matcher error: received value must not be null nor undefined

    Received has value: null

      300 |       expect(response.action).toBeNull();
      301 |       expect(response).not.toHaveProperty('recommendation');
    > 302 |       expect(f.saved[0].semanticContext).toHaveProperty(
          |                                          ^
      303 |         'ownerReviewClarification',
      304 |       );
      305 |       expect(f.decide).toHaveBeenCalledTimes(1);

      at ai-tools/ai-core.lifecycle-two-months.spec.ts:302:42

  ● exact two-month Lifecycle ingress [actual parser, synthetic C9] › does not drop unsupported scope into an unscoped owner request: {"period":"more_than_two_months","source_revision":"forged"}

    expect(received).toHaveProperty(path)

    Matcher error: received value must not be null nor undefined

    Received has value: null

      300 |       expect(response.action).toBeNull();
      301 |       expect(response).not.toHaveProperty('recommendation');
    > 302 |       expect(f.saved[0].semanticContext).toHaveProperty(
          |                                          ^
      303 |         'ownerReviewClarification',
      304 |       );
      305 |       expect(f.decide).toHaveBeenCalledTimes(1);

      at ai-tools/ai-core.lifecycle-two-months.spec.ts:302:42

  ● exact two-month Lifecycle ingress [actual parser, synthetic C9] › does not drop unsupported scope into an unscoped owner request: {"period":"more_than_three_months"}

    expect(received).toHaveProperty(path)

    Matcher error: received value must not be null nor undefined

    Received has value: null

      300 |       expect(response.action).toBeNull();
      301 |       expect(response).not.toHaveProperty('recommendation');
    > 302 |       expect(f.saved[0].semanticContext).toHaveProperty(
          |                                          ^
      303 |         'ownerReviewClarification',
      304 |       );
      305 |       expect(f.decide).toHaveBeenCalledTimes(1);

      at ai-tools/ai-core.lifecycle-two-months.spec.ts:302:42

  ● exact two-month Lifecycle ingress [actual parser, synthetic C9] › keeps unready or mixed requests bounded: {"confidence":0.5}

    expect(jest.fn()).toHaveBeenCalledTimes(expected)

    Expected number of calls: 1
    Received number of calls: 0

      316 |     expect(f.runtime.execute).not.toHaveBeenCalled();
      317 |     expect(response).not.toHaveProperty('recommendation');
    > 318 |     expect(f.decide).toHaveBeenCalledTimes(1);
          |                      ^
      319 |   });
      320 |   it.each(['client', 'staff'] as const)(
      321 |     'does not grant owner Lifecycle to %s audience',

      at ai-tools/ai-core.lifecycle-two-months.spec.ts:318:22

  ● exact two-month Lifecycle ingress [actual parser, synthetic C9] › keeps unready or mixed requests bounded: {"unresolved":["period"]}

    expect(jest.fn()).toHaveBeenCalledTimes(expected)

    Expected number of calls: 1
    Received number of calls: 0

      316 |     expect(f.runtime.execute).not.toHaveBeenCalled();
      317 |     expect(response).not.toHaveProperty('recommendation');
    > 318 |     expect(f.decide).toHaveBeenCalledTimes(1);
          |                      ^
      319 |   });
      320 |   it.each(['client', 'staff'] as const)(
      321 |     'does not grant owner Lifecycle to %s audience',

      at ai-tools/ai-core.lifecycle-two-months.spec.ts:318:22

  ● exact two-month Lifecycle ingress [actual parser, synthetic C9] › keeps unready or mixed requests bounded: {"compound":true,"proposedTool":true}

    expect(jest.fn()).toHaveBeenCalledTimes(expected)

    Expected number of calls: 1
    Received number of calls: 0

      316 |     expect(f.runtime.execute).not.toHaveBeenCalled();
      317 |     expect(response).not.toHaveProperty('recommendation');
    > 318 |     expect(f.decide).toHaveBeenCalledTimes(1);
          |                      ^
      319 |   });
      320 |   it.each(['client', 'staff'] as const)(
      321 |     'does not grant owner Lifecycle to %s audience',

      at ai-tools/ai-core.lifecycle-two-months.spec.ts:318:22

  ● exact two-month Lifecycle ingress [actual parser, synthetic C9] › requires a persisted current user turn before handing the constraint to C9

    expect(received).rejects.toMatchObject()

    Received promise resolved instead of rejected
    Resolved to value: {"action": null, "brain": {"intent": "general", "persona": "director"}, "grounding": {"domain": "client_retention", "evidence_tools": [], "required_tools": [], "status": "blocked"}, "redacted_input": false, "reply": "Этот запрос недоступен для вашей текущей роли или тарифа. MAYA не покажет чужие или закрытые данные.", "request_id": "lifecycle_two_months_request_1", "source": "safe_fallback", "tools_used": []}

      330 |     const f = fixture();
      331 |     f.timeline.persistTypedTurn.mockResolvedValue(null);
    > 332 |     await expect(f.chat()).rejects.toMatchObject({
          |           ^
      333 |       response: { error: { code: 'conversation_history_unavailable' } },
      334 |     });
      335 |     expect(f.orchestration.checkClientReturn).not.toHaveBeenCalled();

      at expect (../../../maya-development-integration/maya-saas-backend/node_modules/expect/build/index.js:2116:15)
      at Object.<anonymous> (ai-tools/ai-core.lifecycle-two-months.spec.ts:332:11)

  ● exact two-month Lifecycle ingress [actual parser, synthetic C9] › does not replace a current C9 refusal with generic data

    expect(received).rejects.toBe()

    Received promise resolved instead of rejected
    Resolved to value: {"action": null, "brain": {"intent": "general", "persona": "director"}, "grounding": {"domain": "client_retention", "evidence_tools": [], "required_tools": [], "status": "blocked"}, "redacted_input": false, "reply": "Этот запрос недоступен для вашей текущей роли или тарифа. MAYA не покажет чужие или закрытые данные.", "request_id": "lifecycle_two_months_request_1", "source": "safe_fallback", "tools_used": [], "user_turn": {"conversationId": "conversation-current", "turnId": "turn-1"}}

      344 |       const f = fixture();
      345 |       f.orchestration.checkClientReturn.mockRejectedValue(error);
    > 346 |       await expect(f.chat()).rejects.toBe(error);
          |             ^
      347 |       expect(f.orchestration.checkClientReturn).toHaveBeenCalledTimes(1);
      348 |       expect(f.runtime.execute).not.toHaveBeenCalled();
      349 |       expect(f.timeline.persistAssistantReply).not.toHaveBeenCalled();

      at expect (../../../maya-development-integration/maya-saas-backend/node_modules/expect/build/index.js:2116:15)
      at ai-tools/ai-core.lifecycle-two-months.spec.ts:346:13

  ● exact two-month Lifecycle ingress [actual parser, synthetic C9] › does not replace a current C9 refusal with generic data

    expect(received).rejects.toBe()

    Received promise resolved instead of rejected
    Resolved to value: {"action": null, "brain": {"intent": "general", "persona": "director"}, "grounding": {"domain": "client_retention", "evidence_tools": [], "required_tools": [], "status": "blocked"}, "redacted_input": false, "reply": "Этот запрос недоступен для вашей текущей роли или тарифа. MAYA не покажет чужие или закрытые данные.", "request_id": "lifecycle_two_months_request_1", "source": "safe_fallback", "tools_used": [], "user_turn": {"conversationId": "conversation-current", "turnId": "turn-1"}}

      344 |       const f = fixture();
      345 |       f.orchestration.checkClientReturn.mockRejectedValue(error);
    > 346 |       await expect(f.chat()).rejects.toBe(error);
          |             ^
      347 |       expect(f.orchestration.checkClientReturn).toHaveBeenCalledTimes(1);
      348 |       expect(f.runtime.execute).not.toHaveBeenCalled();
      349 |       expect(f.timeline.persistAssistantReply).not.toHaveBeenCalled();

      at expect (../../../maya-development-integration/maya-saas-backend/node_modules/expect/build/index.js:2116:15)
      at ai-tools/ai-core.lifecycle-two-months.spec.ts:346:13

  ● exact two-month Lifecycle ingress [actual parser, synthetic C9] › preserves the constraint on each explicit turn and exposes only the C9 replay projection

    expect(received).toEqual(expected) // deep equality

    - Expected  - 8
    + Received  + 1

    - Array [
    -   Object {
    -     "period": "more_than_two_months",
    -   },
    -   Object {
    -     "period": "more_than_two_months",
    -   },
    - ]
    + Array []

      360 |     expect(
      361 |       f.orchestration.checkClientReturn.mock.calls.map((call) => call[1]),
    > 362 |     ).toEqual([request, request]);
          |       ^
      363 |     expect(
      364 |       f.orchestration.checkClientReturn.mock.calls.map(
      365 |         (call) => call[0].turn.turnId,

      at Object.<anonymous> (ai-tools/ai-core.lifecycle-two-months.spec.ts:362:7)

Test Suites: 1 failed, 1 total
Tests:       18 failed, 2 passed, 20 total
Snapshots:   0 total
Time:        1.025 s
Ran all test suites within paths "src/ai-tools/ai-core.lifecycle-two-months.spec.ts".
Test results written to: ../../../../../../../../private/tmp/maya-c8-two-months-routing-red-20261009.json
