✔ owner repeated clarification is semantic FAIL despite complete safe response (0.684334ms)
✔ safe unresolved archival answer stays a failed progression, without inventing acceptance (0.059958ms)
✔ actual time prose alone does not establish canonical selected preview (0.354542ms)
✔ general role refusal and no provider output remain semantic diagnostics, not fake model coverage (0.04875ms)
✔ ungraded cases remain explicit; finite B fixture partition and invalid observation fail closed (0.226917ms)
✔ runner summary preserves semantic FAIL and rejects incomplete/foreign coverage (0.496083ms)
✔ selected-time proof requires exact returned review slot, source capability and owned tenant (0.277541ms)
✔ core-diagnostic-20261008/1: actual usage is validated without optional batch callbacks (1.931334ms)
✔ core-diagnostic-20261008/1: exact inclusive reservation is accepted; semantics are ungraded (0.156542ms)
✔ core-diagnostic-20261008/1: missing usage stops before any consumer and refuses all later dispatch (0.472542ms)
✔ core-diagnostic-20261008/1: negative usage stops before any consumer and refuses all later dispatch (0.16425ms)
✔ core-diagnostic-20261008/1: non-integral usage stops before any consumer and refuses all later dispatch (0.169167ms)
✔ core-diagnostic-20261008/1: inconsistent total stops before any consumer and refuses all later dispatch (0.235083ms)
✔ core-diagnostic-20261008/1: missing cache counterpart stops before any consumer and refuses all later dispatch (0.132083ms)
✔ core-diagnostic-20261008/1: inconsistent cache total stops before any consumer and refuses all later dispatch (0.157459ms)
✔ core-diagnostic-20261008/1: output exceeds reserve stops before any consumer and refuses all later dispatch (0.156ms)
✔ core-diagnostic-20261008/1: input exceeds reserve stops before any consumer and refuses all later dispatch (0.143125ms)
✔ core-diagnostic-20261008/1: unfinished response stops before any consumer and refuses all later dispatch (0.102834ms)
✔ core-diagnostic-20261008/1: missing response stops before any consumer and refuses all later dispatch (0.102417ms)
✔ core-diagnostic-20261008/1: blank response stops before any consumer and refuses all later dispatch (0.090792ms)
✔ core-diagnostic-20261008/1: provider refusal stops before any consumer and refuses all later dispatch (0.107625ms)
✔ core-followup-20261009/1: actual usage is validated without optional batch callbacks (0.139333ms)
✔ core-followup-20261009/1: exact inclusive reservation is accepted; semantics are ungraded (0.080917ms)
✔ core-followup-20261009/1: missing usage stops before any consumer and refuses all later dispatch (0.086333ms)
✔ core-followup-20261009/1: negative usage stops before any consumer and refuses all later dispatch (0.63275ms)
✔ core-followup-20261009/1: non-integral usage stops before any consumer and refuses all later dispatch (0.11475ms)
✔ core-followup-20261009/1: inconsistent total stops before any consumer and refuses all later dispatch (0.12175ms)
✔ core-followup-20261009/1: missing cache counterpart stops before any consumer and refuses all later dispatch (0.09375ms)
✔ core-followup-20261009/1: inconsistent cache total stops before any consumer and refuses all later dispatch (0.093208ms)
✔ core-followup-20261009/1: output exceeds reserve stops before any consumer and refuses all later dispatch (0.067459ms)
✔ core-followup-20261009/1: input exceeds reserve stops before any consumer and refuses all later dispatch (0.060875ms)
✔ core-followup-20261009/1: unfinished response stops before any consumer and refuses all later dispatch (0.0575ms)
✔ core-followup-20261009/1: missing response stops before any consumer and refuses all later dispatch (0.066666ms)
✔ core-followup-20261009/1: blank response stops before any consumer and refuses all later dispatch (0.058625ms)
✔ core-followup-20261009/1: provider refusal stops before any consumer and refuses all later dispatch (0.07125ms)
✔ core-union-20261009/1: actual usage is validated without optional batch callbacks (0.064583ms)
✔ core-union-20261009/1: exact inclusive reservation is accepted; semantics are ungraded (0.044541ms)
✔ core-union-20261009/1: missing usage stops before any consumer and refuses all later dispatch (0.056ms)
✔ core-union-20261009/1: negative usage stops before any consumer and refuses all later dispatch (0.052167ms)
✔ core-union-20261009/1: non-integral usage stops before any consumer and refuses all later dispatch (0.052167ms)
✔ core-union-20261009/1: inconsistent total stops before any consumer and refuses all later dispatch (0.066125ms)
✔ core-union-20261009/1: missing cache counterpart stops before any consumer and refuses all later dispatch (0.053709ms)
✔ core-union-20261009/1: inconsistent cache total stops before any consumer and refuses all later dispatch (0.055ms)
✔ core-union-20261009/1: output exceeds reserve stops before any consumer and refuses all later dispatch (0.057333ms)
✔ core-union-20261009/1: input exceeds reserve stops before any consumer and refuses all later dispatch (0.051ms)
✔ core-union-20261009/1: unfinished response stops before any consumer and refuses all later dispatch (0.057208ms)
✔ core-union-20261009/1: missing response stops before any consumer and refuses all later dispatch (0.053ms)
✔ core-union-20261009/1: blank response stops before any consumer and refuses all later dispatch (0.051083ms)
✔ core-union-20261009/1: provider refusal stops before any consumer and refuses all later dispatch (0.053875ms)
✔ malformed JSON and a throwing stop callback retain the latch without disclosing the error (0.143709ms)
✔ missing or consumed reservation refuses; no response can reuse old accounting (0.146709ms)
✔ a second pending reservation cannot overwrite the first attempt witness (0.055667ms)
✔ reservation witnesses immutable bytes, not a later changed RequestInit object (0.056292ms)
✔ exact 48/81 corpus pin is mandatory; no mutated text, subset, ordering or gold additions (0.856667ms)
✔ 47 model-eligible cases/80 turns each have a finite authored plan; revoked case has zero model eligibility (18.588875ms)
✔ exact role/text/surface/date/turn guards refuse, latch, and never echo payloads (1.994125ms)
✔ aliases bind only exact frozen name slots and relative date uses current Moscow clock (1.084917ms)
✔ a completed tool is not dispatched again and missing current tool is an explicit limitation (0.646833ms)
✔ compound carries requested today and only explicit acceptance selects empty bounded entities (0.317834ms)
✔ price READ preserves unreachable-preview finding; year/retention/profit requests never become October facts (1.457083ms)
✔ inventory/reviews read existing owners and distinguish NOT_CONFIGURED from empty verified requested scope (0.561083ms)
✔ bounded repeated phases, backward context, oversize request and attempted mutation of evidence refuse safely (0.874084ms)
✔ all81 HTTP attempts account80 actual replies and one verified auth refusal without a quality claim (1.420625ms)
✔ failed, missing, duplicate, wrongscope, injected businesswrite and fake-refusal summaries refuse (3.885208ms)
✔ semantic failure preserves its dependent skip and does not become execution failure or language acceptance (0.383291ms)
✔ skip without same-case observed failure, first-turn skip and response after failure refuse (0.538292ms)
✔ 48/81 is exactly the frozen ordered proposal with every current source pin retained (5.847625ms)
✔ offline mechanical reservation has zero money, bounded requests and finite stage duration (0.553375ms)
✔ one synthetic ledger accommodates all81 turns/48 dialogs and three model stages per turn (3728.641125ms)
✔ admitted gate refuses offline before admission callback or ledger creation (1.19875ms)
✔ manifest accepts only DRY_HTTP for48 even with structurally valid admitted context (10.006833ms)
✔ offline manifest cannot inspect a permit or create a claim via either admission owner (3.137166ms)
✔ capture/source and local live preparer reject offline before Git, path creation or credential metadata (0.759209ms)
✔ runner early gate refuses every live mode and any permit/admission hint before output creation (296.379125ms)
✔ broker offline gate refuses admitted dispatch and unused permit hints before source/socket/claim (179.499417ms)
✔ local live preparation and recorded replay cannot reinterpret48 as another profile (103.721041ms)
✔ one predeclared 401 is separate from80 replies, has no fake history and continues next independent dialog (3.345084ms)
✔ declared auth control cannot be replaced by a success, arbitrary refusal or appended reply (2.053958ms)
✔ no declaration, foreign case, wrong corpus or broadened map cannot admit401 (0.865459ms)
✔ refusal object on any other turn hard stops despite declared control (0.189291ms)
✔ semantic FAIL preserves actual reply, skips dependent turns and starts fresh independent conversations (1.252666ms)
✔ unknown transport stops globally without invoking the semantic assessor (0.199917ms)
✔ malformed or throwing assessment is UNKNOWN, never permission to continue (0.340584ms)
✔ cleanup, journal or budget failure never advances to another case after semantic FAIL (0.700875ms)
✔ assessment mode is explicit and closed before any budget or HTTP operation (0.249834ms)
✔ freezes reproducible balanced dev selection, identifies correlated families, and keeps test holdout untouched (22.148084ms)
✔ replays only real assistant responses with canonical body, no labels or gold responses (3.344625ms)
✔ unknown result stops without retry, closes fixture and does not serialize exception secrets (3.803333ms)
✔ tampered manifest refuses before opening fixture (3.100417ms)
✔ missing or changed conversation correlation stops before any follow-up or retry (20.975458ms)
✔ retains the current 3500-character reply in actual history and refuses an oversized response (6.008958ms)
✔ client-first slice covers only booking groups and keeps independent families visible (2.735ms)
ℹ tests 92
ℹ suites 0
ℹ pass 92
ℹ fail 0
ℹ cancelled 0
ℹ skipped 0
ℹ todo 0
ℹ duration_ms 4380.82925
