✔ handle_stale: persisted reason and fallback remain precise; tokens cannot be reused (12.42825ms)
✔ handle_stale: DOM and React wording match the canonical reason table (0.139584ms)
✔ booking_confirmation_required: persisted reason and fallback remain precise; tokens cannot be reused (1.686041ms)
✔ booking_confirmation_required: DOM and React wording match the canonical reason table (0.097875ms)
✔ NOT_COLLECTED: persisted reason and fallback remain precise; tokens cannot be reused (1.700292ms)
✔ NOT_COLLECTED: DOM and React wording match the canonical reason table (0.111875ms)
✔ projection rejects forged/inherited/accessor phrase and never copies arbitrary errors (0.092459ms)
✔ UNKNOWN remains submitted, never NOT_CONFIRMED, even with stray refusal text (0.718709ms)
✔ submitted no_connection never offers a second POST, including accessibility rerender (0.586458ms)
✔ submitted server_error never offers a second POST, including accessibility rerender (0.557583ms)
✔ submitted unexpected_response never offers a second POST, including accessibility rerender (0.751333ms)
✔ unbound or another widget receipt cannot settle this confirmation (1.150125ms)
✔ confirmed receipt is stated once and retains the factual static preview (0.598417ms)
✔ pricing and schedule projections retain their own terminal facts (0.70675ms)
✔ schedule failure permits one receipt read, without admitting pricing refusal or losing pricing success evidence (0.250666ms)
✔ allowlisted owner projection copies only own data properties, never accessors or extra payload (0.917209ms)
✔ exact approved diff plus verified owner readback shows confirmation through the standard gateway (10.806291ms)
✔ UNKNOWN never confirms an ACCEPTED pricing button (1.211834ms)
✔ incomplete status never confirms an ACCEPTED pricing button (0.872709ms)
✔ wrong decision never confirms an ACCEPTED pricing button (0.81425ms)
✔ unverified never confirms an ACCEPTED pricing button (0.834834ms)
✔ truthy verification never confirms an ACCEPTED pricing button (0.636709ms)
✔ different provider never confirms an ACCEPTED pricing button (0.682917ms)
✔ different currency never confirms an ACCEPTED pricing button (0.650125ms)
✔ different service never confirms an ACCEPTED pricing button (0.946041ms)
✔ different price never confirms an ACCEPTED pricing button (0.640375ms)
✔ string price never confirms an ACCEPTED pricing button (0.524208ms)
✔ nonfinite price never confirms an ACCEPTED pricing button (0.689542ms)
✔ missing AE receipt never confirms an ACCEPTED pricing button (0.55925ms)
✔ empty AE receipt never confirms an ACCEPTED pricing button (0.551875ms)
✔ blank AE receipt never confirms an ACCEPTED pricing button (0.548792ms)
✔ missing outcome never confirms an ACCEPTED pricing button (0.686833ms)
✔ missing service row cannot borrow a different diff's owner receipt (0.711708ms)
✔ duplicate service rows cannot borrow a different diff's owner receipt (0.842792ms)
✔ different proposed amount cannot borrow a different diff's owner receipt (1.035083ms)
✔ different proposed currency cannot borrow a different diff's owner receipt (0.502292ms)
✔ ACCEPTED alone and even an unrelated terminal line cannot claim a provider price change (0.370333ms)
✔ canonical rejected decision is shown only for the rejection control (0.806417ms)
✔ successful owner data on a refused gateway response is never confirmation (0.402709ms)
✔ lost response says unconfirmed and never automatically sends a second mutation (4.0055ms)
✔ a late result cannot confirm a superseding price proposal (1.163583ms)
✔ unrelated APPROVAL retains its existing ACCEPTED behavior (0.320833ms)
✔ a different WidgetSource cannot borrow pricing wording from an extra capability property (0.584042ms)
✔ React and DOM carriers use the same honest pricing sentences (0.06625ms)
✔ confirmed becomes a static diff; repeated callbacks and accessibility redraw preserve its receipt (0.78925ms)
✔ rejected becomes a static diff; repeated callbacks and accessibility redraw preserve its receipt (0.620625ms)
✔ UNKNOWN becomes a static diff; repeated callbacks and accessibility redraw preserve its receipt (0.585041ms)
✔ lost mutation response freezes the preview and explicit repeated click cannot resend or replace UNKNOWN (0.518833ms)
✔ a newly loaded runtime carries no old pricing result or enabled confirmation from history alone (2.71825ms)
✔ receipt preserves colliding exact service labels (PENDING, textOnly=false) (0.6145ms)
✔ receipt preserves colliding exact service labels (Подтвердить цену, textOnly=false) (0.405667ms)
✔ receipt preserves colliding exact service labels (PENDING, textOnly=true) (0.627875ms)
✔ receipt preserves colliding exact service labels (Подтвердить цену, textOnly=true) (0.402041ms)
✔ a corrected proposal supersedes a frozen UNKNOWN card and needs its own authoritative receipt (0.718916ms)
✔ a SUCCEEDED decision from detail freezes its exact parent preview (1.301375ms)
✔ a UNKNOWN decision from detail freezes its exact parent preview (0.878625ms)
ℹ tests 56
ℹ suites 0
ℹ pass 56
ℹ fail 0
ℹ cancelled 0
ℹ skipped 0
ℹ todo 0
ℹ duration_ms 125.155167
