widgets-live: proof database maya_widget_gate_proof_c9occ_37d5040bde72 on 127.0.0.1:52519 (local)
[31m[Nest] 47267  - [39m10/10/2026, 8:17:19 AM [31m  ERROR[39m [38;5;3m[CrmAdapterFactory] [39m[31mYCLIENTS_PARTNER_TOKEN не задан: подключение YClients и Altegio будет отклоняться для ВСЕХ салонов. Внутренний календарь при этом работает.[39m
[31m[Nest] 47267  - [39m10/10/2026, 8:17:20 AM [31m  ERROR[39m [38;5;3m[CrmAdapterFactory] [39m[31mYCLIENTS_PARTNER_TOKEN не задан: подключение YClients и Altegio будет отклоняться для ВСЕХ салонов. Внутренний календарь при этом работает.[39m
PASS test/widgets-live/cancel-source.probe-spec.ts (14.755 s)
  Client cancellation source fence [ACTUAL HTTP PG / SYNTHETIC YCLIENTS]
    ✓ company A preview → company B integration → confirm never deletes the B record with the same ID (988 ms)
    ✓ refuses branch-remap after preview before any DELETE (644 ms)
    ✓ refuses missing-branch after preview before any DELETE (564 ms)
    ✓ refuses missing-origin after preview before any DELETE (588 ms)
    ✓ refuses provider-change after preview before any DELETE (562 ms)
    ✓ refuses internal-source after preview before any DELETE (560 ms)
    ✓ refuses revoked-link after preview before any DELETE (565 ms)
    ✓ unchanged source cancellation, concurrent same-key callers and replay share one AE/DELETE (682 ms)
    ✓ rechecks current Client after a concurrent waiter receives the completed AE result (636 ms)
    ✓ widget COMMIT preserves late Client revocation instead of disclosing a completed cancel (641 ms)
    ✓ rechecks source inside the native DELETE seam (619 ms)
    ✓ rechecks revoke inside the native DELETE seam (598 ms)
    ✓ rechecks record-identity inside the native DELETE seam (595 ms)
    ✓ source changes after DELETE (ok): UNKNOWN, no company-B read/mirror/retry (657 ms)
    ✓ source changes after DELETE (gone): UNKNOWN, no company-B read/mirror/retry (656 ms)
    ✓ source changes after DELETE (lost): UNKNOWN, no company-B read/mirror/retry (644 ms)
    ✓ lost DELETE response reconciles the original provider within the existing finite attempt budget (628 ms)
    ✓ source changes during UNKNOWN readback: retains UNKNOWN without mirror or company-B access (623 ms)
    ✓ UNKNOWN readback unavailable reaches the existing manual bound and replay never redispatches (630 ms)
    ✓ UNKNOWN readback foreign-record reaches the existing manual bound and replay never redispatches (641 ms)
    ✓ foreign tenant cannot cancel the owned appointment (1061 ms)

Test Suites: 1 passed, 1 total
Tests:       21 passed, 21 total
Snapshots:   0 total
Time:        14.774 s, estimated 16 s
Ran all test suites within paths "test/widgets-live/cancel-source.probe-spec.ts".
Test results written to: ../../../../../../../../private/tmp/maya-cancel-source-after-20261010-r3/regression-jest.json
