{
  "status": "PASS",
  "scope": "SQL constraints only; package runtime acceptance remains pending",
  "checks": [
    "R11 foreign Membership rejected",
    "R11 namespace overwrite rejected",
    "R11 unclaimed ciphertext purge rejected",
    "R11 tombstone deletion rejected",
    "R11 concurrent predecessor has one winner",
    "R14 negative count rejected",
    "R14 foreign branch rejected",
    "R14 mutable observation overwrite rejected",
    "R14 stale correction rejected",
    "R14 correction history retained; withdrawal is null, not zero",
    "R06 same logical occurrence cannot admit twice",
    "R06 late slot insertion rejected",
    "R06 arbitrary alert type rejected",
    "R06 direct payload purge rejected",
    "R09 guest cannot auto-publish",
    "R09 anonymous self-edit rejected",
    "R09 same source key changed intent rejected",
    "R09 stale anonymous expected version rejected",
    "R09 interaction facts are immutable",
    "R08 exact Appointment ownership supports Client without Maya User",
    "R08 direct root response pointer rejected",
    "R08 accepted response cannot be rewritten",
    "R08 admitted delivery cannot omit binding",
    "R08 revision cannot commit without advancing the exact request projection",
    "R12 transport cannot mark reservation SEALED without canonical finalization",
    "R12 UNKNOWN finalize does not grant payload erase",
    "R12 message in-place editing rejected",
    "R12 read/transport unlink cannot delete owner",
    "R12 delivery cannot omit canonical message binding",
    "R13 late reminder slot insertion rejected",
    "R13 partial source/card bundle cannot commit",
    "R13 existing bundle cannot be appended or replaced",
    "R13 whole two-card bundle admitted atomically without Expense mutation",
    "AC6 wrong-tenant claim cannot erase community payload",
    "AC6 changed digest cannot erase community payload",
    "R09 exact expired AC6 claim erases only encrypted payload, preserving source/visibility tombstone",
    "R08 exact request/revision AC6 claims retain Client/Appointment identity and rating history",
    "R11 current configuration cannot be purged even with a valid claim",
    "R11 exact AC6 claim erases superseded content only after 365 days",
    "R14 seven-year reason purge retains immutable cash observation/count",
    "R06 exact seven-day AC6 claim and terminal bound execution permit payload-only purge",
    "R13 expired empty-audience plan can purge payload while preserving weekly identity/audit",
    "R12 distinct text and abandoned-upload claims preserve message/attachment tombstones",
    "11 exact new tables / 188 new-model columns; 9 nullable ActionExecution bindings",
    "R-C timestamp UTC normalization is transaction-local; database/pool timezone unchanged"
  ],
  "productionMutations": 0,
  "productionMessages": 0,
  "oldDatabasesTouched": 0
}
