{
  "status": "PASS",
  "database": "maya_consent_security_proof",
  "cases": [
    "canonical challenge denies synthetic-missing-binding",
    "canonical challenge denies synthetic-user-only",
    "canonical challenge denies synthetic-profile-only",
    "canonical challenge denies synthetic-matching-userIds-null-clientId",
    "canonical challenge denies synthetic-foreign-tenant",
    "existing verified provenance supports a Client without Maya User; rejects create no challenge/consent/execution",
    "non-platform actor denied before admission",
    "missing canonical session denied",
    "wrong tenant denied",
    "wrong Client denied",
    "duplicate/cross-consent target denied",
    "durable admission before effects; production approval rejects synthetic evidence",
    "same incident changed material conflicts",
    "crash/error after revocation rolls back both halves",
    "consent/CD advisory barrier orders a prior policy decision before the atomic security outcome",
    "restart and concurrent retries have one execution/attempt/outcome and exactly two invalidations",
    "exact link revoked; original grants/executions/inputs/link evidence unchanged; unrelated authority unchanged",
    "both bad grants ineffective; older independent grant does not resurrect; audit remains",
    "R08 invitation rejects exact invalidated facts even with stale profile; unrelated verified consent remains allowed",
    "B35 final policy after security commit denies the bad grants with no delivery effect",
    "keyless native request cannot invoke any dependency or restore authority",
    "invalidation immutable",
    "invalidation cannot be deleted",
    "duplicate invalidation rejected",
    "invalidation tenant FK/guard isolation",
    "invalidation Client FK/guard isolation",
    "original execution payload retained",
    "historical grant cannot become fake Client revoke",
    "historical bad-link grant replay cannot restore authority",
    "no hidden Client/User/link creation; Client without Maya User supported",
    "fresh independently verified keyed grants effective; old invalidations do not apply to future facts",
    "same consent event with changed decision conflicts",
    "G1/revoke/G2 distinct; each exact retry restores its own receipt; concurrent first grant has one execution",
    "keyed consent rejects a foreign Client before admission",
    "keyed consent rejects a foreign tenant before admission",
    "concurrent opposite consent events preserve existing optimistic target-conflict policy: one winner, one conflict"
  ],
  "casesCount": 36,
  "realMessages": 0,
  "providerEffects": 0,
  "productionWrites": 0
}
