✔ the vault: tokens by item and intent ref; lookups only, no enumeration; drop and clear (0.906834ms)
✔ FBE2E-1: live submission uses only widget intent/resolve and returns the authorized successor or receipt line (0.459083ms)
✔ FBE2E-1: a drawn selector can submit only one server-declared option/ref value (0.314917ms)
✔ FBE2E-1/3: successor replaces the selector and only a server terminal receipt enters conversation (11.690333ms)
✔ ingest: H7 on the full envelope for all 40 fixtures; display follows the lifecycle and on_expiry quietly (16.152ms)
✔ L7 replace in place: the successor takes the predecessor's position and item id; P-25: a repeated widget_id renders once (1.952792ms)
✔ a late outcome for a replaced emission draws nothing on its successor (3.908125ms)
✔ F60: a NONE escape dismisses locally — 0 transport calls, 0 submissions — and nothing else stays activatable (5.493625ms)
✔ D9: every drawn control of every live fixture ends in a state change or a sentence — silent outcomes 0, requests 0 (35.477083ms)
ℹ activations 129: submitted 73, dismissed 11, sentence without a submission 45
✔ the submission is the contract WidgetIntentSubmission: exact members, the vault token, nothing else (0.690375ms)
✔ the submission literal is checked against the closed contract type: an extra member does not compile (3833.837ms)
✔ outcomes: each SubmissionOutcome and a rejection end in a neutral sentence; one activation in flight per item (3.289041ms)
✔ NAVIGATE(detail): PROGRESS while the submission runs; the P1 binding closes it, returns to the opener and leaves a sentence (0.534875ms)
✔ R3.3.4 / R7-E3: a detail opens only for the envelope's own fullscreen_detail key, only for the nine fs.* keys, never from inside a detail (4.615959ms)
✔ shell targets: a class-s route resolves through the registry before anything is sent; the route switch waits for an outcome (1.666167ms)
✔ expiry on screen follows on_expiry quietly; a collapsed item gives up its tokens (1.033292ms)
✔ an environment change redraws every item; sign-out releases every item and token (0.785875ms)
✔ the display cap releases a dropped item's tokens but keeps P-25: the same emission redelivered still renders once (0.422208ms)
✔ intentRefFor: an action names its intent; a choice names the intent it selects; anything else names none (0.192375ms)
✔ I-SRC-1 — activating the SCHEDULE entry reaches the submission boundary (0.271416ms)
✔ I-SRC-1 — a ref the server did not map to an intent is REFUSED, and never sent (0.288875ms)
✔ I-SRC-1 — a ref outside the sealed reading order is REFUSED before anything else (0.213708ms)
✔ I-SRC-1 — the fix did not make a schema-bearing intent accept an entry ref (0.283833ms)
✔ I-SRC-1 NAVIGATE: live fs.calendar response resolves PROGRESS to fullscreen, without a timeline insertion or history bounce (0.848083ms)
✔ I-SRC-1 NAVIGATE: undeclared route is route_refused before transport (0.376209ms)
✔ I-SRC-1 NAVIGATE: forged route is route_refused before transport (0.383625ms)
✔ I-SRC-1 NAVIGATE: unknown route is route_refused before transport (0.344125ms)
✔ I-SRC-1 NAVIGATE: substituted parent is refused without fullscreen or timeline pollution (0.371875ms)
✔ I-SRC-1 NAVIGATE: missing parent is refused without fullscreen or timeline pollution (0.337042ms)
✔ I-SRC-1 NAVIGATE: same widget is refused without fullscreen or timeline pollution (0.338791ms)
✔ I-SRC-1 NAVIGATE: wrong tenant is refused without fullscreen or timeline pollution (0.338333ms)
✔ I-SRC-1 NAVIGATE: wrong principal is refused without fullscreen or timeline pollution (0.345833ms)
✔ I-SRC-1 NAVIGATE: wrong turn is refused without fullscreen or timeline pollution (0.336625ms)
✔ I-SRC-1 NAVIGATE: wrong profile is refused without fullscreen or timeline pollution (0.33ms)
✔ I-SRC-1 NAVIGATE: wrong profile version is refused without fullscreen or timeline pollution (0.333167ms)
✔ I-SRC-1 NAVIGATE: substituted route is refused without fullscreen or timeline pollution (0.351417ms)
✔ I-SRC-1 NAVIGATE: missing returned route is refused without fullscreen or timeline pollution (0.345958ms)
✔ I-SRC-1 NAVIGATE: tampered detail is refused without fullscreen or timeline pollution (0.436333ms)
✔ I-SRC-1 NAVIGATE: expired detail is refused without fullscreen or timeline pollution (2.296834ms)
✔ I-SRC-1 NAVIGATE: terminal detail is refused without fullscreen or timeline pollution (0.702041ms)
✔ I-SRC-1 NAVIGATE: canonical server widget_principal_mismatch refusal never opens a detail (0.395583ms)
✔ I-SRC-1 NAVIGATE: canonical server tenant_mismatch refusal never opens a detail (0.285958ms)
✔ I-SRC-1 NAVIGATE: close while pending prevents a late response from taking chrome ownership (0.477291ms)
✔ I-SRC-1 NAVIGATE: back while pending prevents a late response from taking chrome ownership (0.421667ms)
✔ I-SRC-1 NAVIGATE: navigate while pending prevents a late response from taking chrome ownership (0.418917ms)
✔ I-SRC-1 NAVIGATE: sign-out while pending prevents a late response from taking chrome ownership (0.2765ms)
✔ I-SRC-1 NAVIGATE: another-detail while pending prevents a late response from taking chrome ownership (0.632709ms)
✔ I-SRC-1 NAVIGATE: ordinary non-detail advanced response keeps timeline semantics even with fs.calendar in its payload (0.458167ms)
✔ I-SRC-1 NAVIGATE: refused principal even with an attached envelope cannot open fullscreen (0.314708ms)
✔ I-SRC-1 NAVIGATE: refused tenant even with an attached envelope cannot open fullscreen (0.277625ms)
✔ I-SRC-1 NAVIGATE: missing acceptance cannot open fullscreen (0.265042ms)
✔ I-SRC-1 NAVIGATE: verification required cannot open fullscreen (0.251ms)
✔ I-SRC-1 NAVIGATE: expired successor cannot open fullscreen (0.250958ms)
✔ NS-1: parent → detail → parent, where the parent on the timeline is the server-returned `resolved_widget` (1.178917ms)
✔ NS-1: a return with no `resolved_widget` fails closed — nothing is reconstructed and no parent is restored (0.810292ms)
✔ NS-1: substituted parent widget is refused, with the detail closed and no parent restored (0.768958ms)
✔ NS-1: the detail itself returned as its own parent is refused, with the detail closed and no parent restored (0.691833ms)
✔ NS-1: wrong tenant is refused, with the detail closed and no parent restored (0.712292ms)
✔ NS-1: wrong principal is refused, with the detail closed and no parent restored (0.683209ms)
✔ NS-1: wrong turn is refused, with the detail closed and no parent restored (0.68425ms)
✔ NS-1: wrong profile is refused, with the detail closed and no parent restored (0.683083ms)
✔ NS-1: wrong profile version is refused, with the detail closed and no parent restored (0.685042ms)
✔ NS-1: tampered parent body is refused, with the detail closed and no parent restored (0.766ms)
✔ NS-1: stale parent: expired is refused, with the detail closed and no parent restored (0.854833ms)
✔ NS-1: stale parent: superseded is refused, with the detail closed and no parent restored (0.828167ms)
✔ NS-1: stale parent: consumed is refused, with the detail closed and no parent restored (0.809583ms)
✔ NS-1: a parent return is admitted only from an open detail, and only for a NAVIGATE to a re-resolved widget (1.276125ms)
✔ NS-1: ordinary ACCEPTED responses are unchanged — the reread still settles, and a successor still advances (2.87375ms)
✔ historical booking outcomes share live receipt dedupe without holding controls or tokens (0.535541ms)
✔ L27: COMMIT → CONFIRMED → Dismiss leaves one business effect, one receipt and ONE visible terminal outcome (0.352208ms)
✔ L27: repeated Dismiss keeps the visible terminal outcome at one, however many times it is pressed (0.319917ms)
✔ L27: two genuinely different terminal outcomes both remain representable (1.006458ms)
✔ L27: identity is the canonical reference, never the sentence — in BOTH directions (0.725ms)
✔ L27: an ordinary assistant message and a terminal outcome never deduplicate each other, in either order (3.905958ms)
✔ L27: UNKNOWN → reconciliation → CONFIRMED keeps the later canonical transition visible (0.414084ms)
✔ L27: retry and refusal paths are unchanged (1.557583ms)
✔ L27: a successor emission carrying its predecessor's confirmation states it once (0.5925ms)
✔ L27: the record survives the display cap, on the path where that is reachable (0.862125ms)
✔ L27: one canonical receipt is stated once ACROSS widgets, even after the first statement is evicted (0.775917ms)
✔ L27: a cleared conversation starts again (0.374417ms)
✔ L27: a settled submission whose thread page failed loses nothing — the next one writes the outcome (0.296542ms)
✔ L27: two identical lines inside ONE response are one outcome, and two different ones are two (0.257667ms)
✔ L27: a reference identifies an outcome only on the line class the contract gives it to (0.275542ms)
✔ L25: tap alone never observes rendering; explicit mounted callback is bounded, idempotent and gates selector REFINE (0.856708ms)
✔ L25: refused render evidence never opens selector submission and can be retried only after a new mounted observation (0.327708ms)
✔ schedule owner failure reads its canonical terminal line without treating it as authority denial (0.118666ms)
✔ personal receiver follows real Widgets integrity/expiry and survives accessibility redraw (1.309667ms)
✔ only admitted personal child opens; closing/sign-out/expiry invalidation drops form and ignores late reads (0.685083ms)
✔ selection invalidates preview, unknown choices cannot alter it, confirmation requires a fresh preview (0.91875ms)
✔ double confirmation sends exact frozen selection once; only same canonical selection SUCCEEDED confirms (0.461167ms)
✔ unrelated success cannot confirm UNKNOWN; refresh and recreated runtime never dispatch (0.305167ms)
✔ revocation at preview prevents create; a pending older result blocks new booking even outside page (0.165542ms)
✔ wire projection rejects malformed pending/result states and strips private preview extras (7.642208ms)
✔ fixed personal wire adds literal header only on personal routes, encodes query and drops identity fields (9.429458ms)
✔ forbidden at result read clears prior private facts even after exact succeeded (0.130958ms)
✔ initial state: the conversation is open, the primary route is shell.root, nothing is fullscreen (0.555084ms)
✔ pure transitions: only the five base routes are primary; one detail at a time; closing always works (0.172791ms)
✔ no route key or URL opens a fullscreen: the module has no key-based opener (0.348417ms)
✔ PROGRESS → OPEN → close: one history entry for the current address, popped once; the opener is kept for focus return (0.208042ms)
✔ Back closes the detail without popping another entry; Esc/Close pops the entry it pushed (0.080458ms)
✔ closeProgress closes only a PROGRESS detail for that item; navigate closes any detail (P-06: the conversation is one action away) (0.069417ms)
✔ presentDetail refuses without a source, without a timeline opener, and when the source refuses (0.064875ms)
✔ sign-out closes the detail and returns to the root route (0.10775ms)
✔ signed out, the primary route stays the root (SH-04); a route landed while signed out applies at sign-in (0.091292ms)
✔ the runtime: one widget port for the DOM, a real detail at SHEET density, and the fragment landed without a request (11.483417ms)
✔ P-B4: a successful chat resolution reaches the existing H7/vault/renderer path without a second transport (1.075041ms)
✔ login restores only bounded booking terminal prose through the existing reader, without widget activation (0.489375ms)
✔ personal receiver survives normal detail redraw and is removed by frozen/expired result (0.10975ms)
✔ personal child expiring during preparation never mounts a receiver (0.039792ms)
✔ personal catalog receiver requires exact kind/source and live verified detail (0.05625ms)
ℹ tests 110
ℹ suites 0
ℹ pass 110
ℹ fail 0
ℹ cancelled 0
ℹ skipped 0
ℹ todo 0
ℹ duration_ms 4241.082166
