widgets-live: proof database maya_widget_gate_proof_c9occ_fdabd32d6d52 on 127.0.0.1:49499 (local)
[31m[Nest] 10195  - [39m10/06/2026, 5:08:43 PM [31m  ERROR[39m [38;5;3m[CrmAdapterFactory] [39m[31mYCLIENTS_PARTNER_TOKEN не задан: подключение YClients и Altegio будет отклоняться для ВСЕХ салонов. Внутренний календарь при этом работает.[39m
[31m[Nest] 10195  - [39m10/06/2026, 5:08:43 PM [31m  ERROR[39m [38;5;3m[CrmAdapterFactory] [39m[31mYCLIENTS_PARTNER_TOKEN не задан: подключение YClients и Altegio будет отклоняться для ВСЕХ салонов. Внутренний календарь при этом работает.[39m
FAIL test/widgets-live/c9-occupancy-restart.probe-spec.ts (73.542 s)
  explicit cancellation window [HTTP] [PostgreSQL] [two processes] [synthetic CRM adapter only, zero model]
    ✕ persists one request/proposal/evidence graph, resumes without reread, isolates and refuses revoked authority (72700 ms)

  ● explicit cancellation window [HTTP] [PostgreSQL] [two processes] [synthetic CRM adapter only, zero model] › persists one request/proposal/evidence graph, resumes without reread, isolates and refuses revoked authority

    Browser child exited 1: The expression evaluated to a falsy value:

      assert.ok(await page.waitFor('Q.log()?.innerText.includes("Нет связи") && !!Q.byName("button", /^повторить$/i)'))

      601 |           if (failure) reject(failure);
      602 |           else if (code !== 0)
    > 603 |             reject(new Error(`Browser child exited ${code}: ${stderr}`));
          |                    ^
      604 |           else resolve();
      605 |         });
      606 |       });

      at widgets-live/c9-occupancy-restart.probe-spec.ts:603:20

Test Suites: 1 failed, 1 total
Tests:       1 failed, 1 total
Snapshots:   0 total
Time:        73.56 s
Ran all test suites within paths "test/widgets-live/c9-occupancy-restart.probe-spec.ts".
