widgets-live: proof database maya_widget_gate_proof_c9occ_ff5b08237249 on 127.0.0.1:51849 (local)
[31m[Nest] 20809  - [39m10/07/2026, 11:38:58 PM [31m  ERROR[39m [38;5;3m[CrmAdapterFactory] [39m[31mYCLIENTS_PARTNER_TOKEN не задан: подключение YClients и Altegio будет отклоняться для ВСЕХ салонов. Внутренний календарь при этом работает.[39m
FAIL test/widgets-live/history-erasure-react.probe-spec.ts (16.779 s)
  history erasure current React and separate compiled entry restart [synthetic]
    ✕ proves current React erasure and immutable replay across process/PG restart (15471 ms)

  ● history erasure current React and separate compiled entry restart [synthetic] › proves current React erasure and immutable replay across process/PG restart

    browser proof exited 1; inspect browser log

      404 |             ? resolve()
      405 |             : reject(
    > 406 |                 new Error(
          |                 ^
      407 |                   `browser proof exited ${String(code)}; inspect browser log`,
      408 |                 ),
      409 |               ),

      at ChildProcess.<anonymous> (widgets-live/history-erasure-react.probe-spec.ts:406:17)

Test Suites: 1 failed, 1 total
Tests:       1 failed, 1 total
Snapshots:   0 total
Time:        16.798 s, estimated 27 s
Ran all test suites within paths "test/widgets-live/history-erasure-react.probe-spec.ts".
Test results written to: ../../../../../../../../tmp/maya-history-erasure-ui-20261007-pg-03/prepare-jest.json
