widgets-live: proof database maya_widget_gate_proof_personalowner_05ed2f8890e8 on 127.0.0.1:53203 (local)
[31m[Nest] 83091  - [39m10/07/2026, 12:58:23 AM [31m  ERROR[39m [38;5;3m[CrmAdapterFactory] [39m[31mYCLIENTS_PARTNER_TOKEN не задан: подключение YClients и Altegio будет отклоняться для ВСЕХ салонов. Внутренний календарь при этом работает.[39m
[31m[Nest] 83091  - [39m10/07/2026, 12:58:23 AM [31m  ERROR[39m [38;5;3m[CrmAdapterFactory] [39m[31mYCLIENTS_PARTNER_TOKEN не задан: подключение YClients и Altegio будет отклоняться для ВСЕХ салонов. Внутренний календарь при этом работает.[39m
[33m[Nest] 83091  - [39m10/07/2026, 12:58:23 AM [33m   WARN[39m [38;5;3m[AppointmentsService] [39m[33mnew_appointment inbox failed: R06 exact canonical Appointment/Client/branch required[39m
FAIL test/widgets-live/personal-owner-restart.probe-spec.ts
  Owner personal booking HTTP/read/restart [SYNTHETIC IDENTITY / SERIALIZED SCRIPTED MODEL / OWN PROVIDER]
    ✕ keeps actual owner authority; confirms only canonical success; restart reads and replay never redispatch UNKNOWN (566 ms)

  ● Owner personal booking HTTP/read/restart [SYNTHETIC IDENTITY / SERIALIZED SCRIPTED MODEL / OWN PROVIDER] › keeps actual owner authority; confirms only canonical success; restart reads and replay never redispatch UNKNOWN

    expect(received).toBe(expected) // Object.is equality

    Expected: 201
    Received: 400

      447 |         expect(
      448 |           (await personal(token, 'appointments/preview', s.dto)).status,
    > 449 |         ).toBe(201);
          |           ^
      450 |         expect((await state(s)).rows).toHaveLength(0);
      451 |         expect(
      452 |           (await personal(token, 'appointments/results')).body,

      at Object.<anonymous> (widgets-live/personal-owner-restart.probe-spec.ts:449:11)

Test Suites: 1 failed, 1 total
Tests:       1 failed, 1 total
Snapshots:   0 total
Time:        1.379 s, estimated 5 s
Ran all test suites within paths "test/widgets-live/personal-owner-restart.probe-spec.ts".
Test results written to: ../../../../../../../../tmp/maya-personal-owner-http-restart-20261007-r2/prepare-jest.json
