
<--- Last few GCs --->

[36383:0xa0080c000]     9430 ms: Mark-Compact 1524.1 (1539.2) -> 1517.2 (1539.2) MB, pooled: 0 MB, 125.75 / 0.00 ms  (average mu = 0.327, current mu = 0.233) allocation failure; scavenge might not succeed
[36383:0xa0080c000]     9594 ms: Mark-Compact 1519.2 (1539.7) -> 1517.2 (1534.2) MB, pooled: 6 MB, 163.12 / 0.00 ms  (average mu = 0.179, current mu = 0.006) allocation failure; scavenge might not succeed

FATAL ERROR: Ineffective mark-compacts near heap limit Allocation failed - JavaScript heap out of memory
----- Native stack trace -----

 1: 0x1025a1aec node::OOMErrorHandler(char const*, v8::OOMDetails const&) [/usr/local/bin/node]
 2: 0x1027f4314 v8::internal::V8::FatalProcessOutOfMemory(v8::internal::Isolate*, char const*, v8::OOMDetails const&) [/usr/local/bin/node]
 3: 0x102a53700 v8::internal::Heap::stack() [/usr/local/bin/node]
 4: 0x102a56ad4 v8::internal::Heap::HasLowYoungGenerationAllocationRate() [/usr/local/bin/node]
 5: 0x102a67cc8 v8::internal::Heap::CollectGarbage(v8::internal::AllocationSpace, v8::internal::GarbageCollectionReason, v8::GCCallbackFlags)::$_1::operator()() const [/usr/local/bin/node]
 6: 0x102a6759c void heap::base::Stack::SetMarkerAndCallbackImpl<v8::internal::Heap::CollectGarbage(v8::internal::AllocationSpace, v8::internal::GarbageCollectionReason, v8::GCCallbackFlags)::$_1>(heap::base::Stack*, void*, void const*) [/usr/local/bin/node]
 7: 0x10341dbf4 PushAllRegistersAndIterateStack [/usr/local/bin/node]
 8: 0x102a51404 v8::internal::Heap::CollectGarbage(v8::internal::AllocationSpace, v8::internal::GarbageCollectionReason, v8::GCCallbackFlags) [/usr/local/bin/node]
 9: 0x102a46110 v8::internal::HeapAllocator::AllocateRawWithRetryOrFailSlowPath(int, v8::internal::AllocationType, v8::internal::AllocationOrigin, v8::internal::AllocationAlignment) [/usr/local/bin/node]
10: 0x102a277f0 v8::internal::Factory::NewFillerObject(int, v8::internal::AllocationAlignment, v8::internal::AllocationType, v8::internal::AllocationOrigin) [/usr/local/bin/node]
11: 0x102eb7434 v8::internal::Runtime_AllocateInYoungGeneration(int, unsigned long*, v8::internal::Isolate*) [/usr/local/bin/node]
12: 0x10350e234 Builtins_CEntry_Return1_ArgvOnStack_NoBuiltinExit [/usr/local/bin/node]
13: 0x1034f0970 Builtins_SetConstructor [/usr/local/bin/node]
14: 0x10346db8c Builtins_JSBuiltinsConstructStub [/usr/local/bin/node]
15: 0x126efdd74 
16: 0x126efe580 
17: 0x126efb900 
18: 0x126efd950 
19: 0x126efb900 
20: 0x126efb4a0 
21: 0x126efd950 
22: 0x126efb900 
23: 0x126efd950 
24: 0x126efb900 
25: 0x126efd950 
26: 0x126efb900 
27: 0x126efd950 
28: 0x126efb900 
29: 0x126efe28c 
30: 0x126efb900 
31: 0x126efe28c 
32: 0x126efb900 
33: 0x126efb604 
34: 0x126e776d8 
35: 0x126e779c4 
36: 0x126ebc0d0 
37: 0x126ebe9a4 
38: 0x126e5a5f4 
39: 0x126e5abf8 
40: 0x126986070 
41: 0x126e78134 
42: 0x126a18c8c 
43: 0x126a15a44 
44: 0x126a2d264 
45: 0x103470bec Builtins_InterpreterEntryTrampoline [/usr/local/bin/node]
46: 0x126ee7488 
47: 0x126a388a0 
48: 0x126a37af0 
49: 0x1034af7e8 Builtins_AsyncFunctionAwaitResolveClosure [/usr/local/bin/node]
50: 0x103584e58 Builtins_PromiseFulfillReactionJob [/usr/local/bin/node]
51: 0x10349ebd0 Builtins_RunMicrotasks [/usr/local/bin/node]
52: 0x10346e7b0 Builtins_JSRunMicrotasksEntry [/usr/local/bin/node]
53: 0x1029978a8 v8::internal::(anonymous namespace)::Invoke(v8::internal::Isolate*, v8::internal::(anonymous namespace)::InvokeParams const&) [/usr/local/bin/node]
54: 0x10299811c v8::internal::(anonymous namespace)::InvokeWithTryCatch(v8::internal::Isolate*, v8::internal::(anonymous namespace)::InvokeParams const&) [/usr/local/bin/node]
55: 0x102998258 v8::internal::Execution::TryRunMicrotasks(v8::internal::Isolate*, v8::internal::MicrotaskQueue*) [/usr/local/bin/node]
56: 0x1029c702c v8::internal::MicrotaskQueue::RunMicrotasks(v8::internal::Isolate*) [/usr/local/bin/node]
57: 0x1029c798c v8::internal::MicrotaskQueue::PerformCheckpoint(v8::Isolate*) [/usr/local/bin/node]
58: 0x1024830b8 node::InternalCallbackScope::Close() [/usr/local/bin/node]
59: 0x102482a90 node::InternalCallbackScope::~InternalCallbackScope() [/usr/local/bin/node]
60: 0x1025a7000 node::fs::FileHandle::CloseReq::Resolve() [/usr/local/bin/node]
61: 0x1025c26a8 node::fs::FileHandle::ClosePromise()::$_0::__invoke(uv_fs_s*) [/usr/local/bin/node]
62: 0x102597550 node::MakeLibuvRequestCallback<uv_fs_s, void (*)(uv_fs_s*)>::Wrapper(uv_fs_s*) [/usr/local/bin/node]
63: 0x103449394 uv__work_done [/usr/local/bin/node]
64: 0x10344d0c4 uv__async_io [/usr/local/bin/node]
65: 0x10346145c uv__io_poll [/usr/local/bin/node]
66: 0x10344d62c uv_run [/usr/local/bin/node]
67: 0x1024846a8 node::SpinEventLoopInternal(node::Environment*) [/usr/local/bin/node]
68: 0x1025fa9c4 node::NodeMainInstance::Run() [/usr/local/bin/node]
69: 0x10254ebb4 node::Start(int, char**) [/usr/local/bin/node]
70: 0x18e68fe00 start [/usr/lib/dyld]
