widgets-live: proof database maya_widget_gate_proof_c9occ_ebf999c593dc on 127.0.0.1:60453 (local)
[31m[Nest] 79193  - [39m10/06/2026, 4:20:57 PM [31m  ERROR[39m [38;5;3m[CrmAdapterFactory] [39m[31mYCLIENTS_PARTNER_TOKEN не задан: подключение YClients и Altegio будет отклоняться для ВСЕХ салонов. Внутренний календарь при этом работает.[39m
[31m[Nest] 79193  - [39m10/06/2026, 4:20:57 PM [31m  ERROR[39m [38;5;3m[CrmAdapterFactory] [39m[31mYCLIENTS_PARTNER_TOKEN не задан: подключение YClients и Altegio будет отклоняться для ВСЕХ салонов. Внутренний календарь при этом работает.[39m
FAIL test/widgets-live/c9-occupancy-restart.probe-spec.ts
  explicit cancellation window [HTTP] [PostgreSQL] [two processes] [synthetic CRM adapter only, zero model]
    ✕ persists one request/proposal/evidence graph, resumes without reread, isolates and refuses revoked authority (816 ms)

  ● explicit cancellation window [HTTP] [PostgreSQL] [two processes] [synthetic CRM adapter only, zero model] › persists one request/proposal/evidence graph, resumes without reread, isolates and refuses revoked authority

    expect(received).toContain(expected) // indexOf

    Expected value: 400
    Received array: [403, 404]

      617 |         .get(`/api/orchestration/runs/${replay.coordination.run_id}`)
      618 |         .set('authorization', `Bearer ${expiredToken}`);
    > 619 |       expect([403, 404]).toContain(foreign.status);
          |                          ^
      620 |       expect(JSON.stringify(foreign.body)).not.toContain(salon.appointmentId);
      621 |       const runsBefore = await db.prisma.c9Run.count({
      622 |         where: { tenantId: salon.tenant.id },

      at Object.<anonymous> (widgets-live/c9-occupancy-restart.probe-spec.ts:619:26)

Test Suites: 1 failed, 1 total
Tests:       1 failed, 1 total
Snapshots:   0 total
Time:        1.66 s, estimated 2 s
Ran all test suites within paths "test/widgets-live/c9-occupancy-restart.probe-spec.ts".
