✔ pricing and schedule projections retain their own terminal facts (0.778875ms)
✔ schedule failure permits one receipt read, without admitting pricing refusal or losing pricing success evidence (0.348625ms)
✔ the vault: tokens by item and intent ref; lookups only, no enumeration; drop and clear (1.021667ms)
✔ FBE2E-1: live submission uses only widget intent/resolve and returns the authorized successor or receipt line (0.501208ms)
✔ FBE2E-1: a drawn selector can submit only one server-declared option/ref value (0.18575ms)
✔ FBE2E-1/3: successor replaces the selector and only a server terminal receipt enters conversation (11.975709ms)
✔ ingest: H7 on the full envelope for all 40 fixtures; display follows the lifecycle and on_expiry quietly (15.153125ms)
✔ L7 replace in place: the successor takes the predecessor's position and item id; P-25: a repeated widget_id renders once (2.15175ms)
✔ a late outcome for a replaced emission draws nothing on its successor (4.17025ms)
✔ F60: a NONE escape dismisses locally — 0 transport calls, 0 submissions — and nothing else stays activatable (5.841709ms)
✔ D9: every drawn control of every live fixture ends in a state change or a sentence — silent outcomes 0, requests 0 (39.605125ms)
ℹ activations 129: submitted 73, dismissed 11, sentence without a submission 45
✔ the submission is the contract WidgetIntentSubmission: exact members, the vault token, nothing else (0.569792ms)
✔ the submission literal is checked against the closed contract type: an extra member does not compile (4519.96175ms)
✔ outcomes: each SubmissionOutcome and a rejection end in a neutral sentence; one activation in flight per item (3.245709ms)
✔ NAVIGATE(detail): PROGRESS while the submission runs; the P1 binding closes it, returns to the opener and leaves a sentence (0.631541ms)
✔ R3.3.4 / R7-E3: a detail opens only for the envelope's own fullscreen_detail key, only for the nine fs.* keys, never from inside a detail (5.867083ms)
✔ shell targets: a class-s route resolves through the registry before anything is sent; the route switch waits for an outcome (1.778625ms)
✔ expiry on screen follows on_expiry quietly; a collapsed item gives up its tokens (1.110708ms)
✔ an environment change redraws every item; sign-out releases every item and token (0.923375ms)
✔ the display cap releases a dropped item's tokens but keeps P-25: the same emission redelivered still renders once (0.469333ms)
✔ intentRefFor: an action names its intent; a choice names the intent it selects; anything else names none (0.223334ms)
✔ I-SRC-1 — activating the SCHEDULE entry reaches the submission boundary (0.337208ms)
✔ I-SRC-1 — a ref the server did not map to an intent is REFUSED, and never sent (0.32275ms)
✔ I-SRC-1 — a ref outside the sealed reading order is REFUSED before anything else (0.210375ms)
✔ I-SRC-1 — the fix did not make a schema-bearing intent accept an entry ref (0.283958ms)
✔ I-SRC-1 NAVIGATE: live fs.calendar response resolves PROGRESS to fullscreen, without a timeline insertion or history bounce (0.85575ms)
✔ I-SRC-1 NAVIGATE: undeclared route is route_refused before transport (0.396833ms)
✔ I-SRC-1 NAVIGATE: forged route is route_refused before transport (0.372208ms)
✔ I-SRC-1 NAVIGATE: unknown route is route_refused before transport (0.372083ms)
✔ I-SRC-1 NAVIGATE: substituted parent is refused without fullscreen or timeline pollution (0.424625ms)
✔ I-SRC-1 NAVIGATE: missing parent is refused without fullscreen or timeline pollution (0.386083ms)
✔ I-SRC-1 NAVIGATE: same widget is refused without fullscreen or timeline pollution (0.372417ms)
✔ I-SRC-1 NAVIGATE: wrong tenant is refused without fullscreen or timeline pollution (0.39575ms)
✔ I-SRC-1 NAVIGATE: wrong principal is refused without fullscreen or timeline pollution (0.417958ms)
✔ I-SRC-1 NAVIGATE: wrong turn is refused without fullscreen or timeline pollution (0.410417ms)
✔ I-SRC-1 NAVIGATE: wrong profile is refused without fullscreen or timeline pollution (0.400959ms)
✔ I-SRC-1 NAVIGATE: wrong profile version is refused without fullscreen or timeline pollution (0.364333ms)
✔ I-SRC-1 NAVIGATE: substituted route is refused without fullscreen or timeline pollution (0.376708ms)
✔ I-SRC-1 NAVIGATE: missing returned route is refused without fullscreen or timeline pollution (0.390125ms)
✔ I-SRC-1 NAVIGATE: tampered detail is refused without fullscreen or timeline pollution (0.47875ms)
✔ I-SRC-1 NAVIGATE: expired detail is refused without fullscreen or timeline pollution (0.594916ms)
✔ I-SRC-1 NAVIGATE: terminal detail is refused without fullscreen or timeline pollution (0.615ms)
✔ I-SRC-1 NAVIGATE: canonical server widget_principal_mismatch refusal never opens a detail (0.372042ms)
✔ I-SRC-1 NAVIGATE: canonical server tenant_mismatch refusal never opens a detail (2.023833ms)
✔ I-SRC-1 NAVIGATE: close while pending prevents a late response from taking chrome ownership (0.711042ms)
✔ I-SRC-1 NAVIGATE: back while pending prevents a late response from taking chrome ownership (0.515792ms)
✔ I-SRC-1 NAVIGATE: navigate while pending prevents a late response from taking chrome ownership (0.464ms)
✔ I-SRC-1 NAVIGATE: sign-out while pending prevents a late response from taking chrome ownership (0.29075ms)
✔ I-SRC-1 NAVIGATE: another-detail while pending prevents a late response from taking chrome ownership (0.641084ms)
✔ I-SRC-1 NAVIGATE: ordinary non-detail advanced response keeps timeline semantics even with fs.calendar in its payload (0.524083ms)
✔ I-SRC-1 NAVIGATE: refused principal even with an attached envelope cannot open fullscreen (0.295542ms)
✔ I-SRC-1 NAVIGATE: refused tenant even with an attached envelope cannot open fullscreen (0.280167ms)
✔ I-SRC-1 NAVIGATE: missing acceptance cannot open fullscreen (0.281916ms)
✔ I-SRC-1 NAVIGATE: verification required cannot open fullscreen (0.285084ms)
✔ I-SRC-1 NAVIGATE: expired successor cannot open fullscreen (0.285542ms)
✔ NS-1: parent → detail → parent, where the parent on the timeline is the server-returned `resolved_widget` (1.369ms)
✔ NS-1: a return with no `resolved_widget` fails closed — nothing is reconstructed and no parent is restored (0.842833ms)
✔ NS-1: substituted parent widget is refused, with the detail closed and no parent restored (0.85225ms)
✔ NS-1: the detail itself returned as its own parent is refused, with the detail closed and no parent restored (0.751209ms)
✔ NS-1: wrong tenant is refused, with the detail closed and no parent restored (0.768084ms)
✔ NS-1: wrong principal is refused, with the detail closed and no parent restored (0.7595ms)
✔ NS-1: wrong turn is refused, with the detail closed and no parent restored (0.860917ms)
✔ NS-1: wrong profile is refused, with the detail closed and no parent restored (0.824375ms)
✔ NS-1: wrong profile version is refused, with the detail closed and no parent restored (0.93525ms)
✔ NS-1: tampered parent body is refused, with the detail closed and no parent restored (0.966625ms)
✔ NS-1: stale parent: expired is refused, with the detail closed and no parent restored (1.044792ms)
✔ NS-1: stale parent: superseded is refused, with the detail closed and no parent restored (0.951208ms)
✔ NS-1: stale parent: consumed is refused, with the detail closed and no parent restored (0.881042ms)
✔ NS-1: a parent return is admitted only from an open detail, and only for a NAVIGATE to a re-resolved widget (1.496958ms)
✔ NS-1: ordinary ACCEPTED responses are unchanged — the reread still settles, and a successor still advances (1.965333ms)
✔ L27: COMMIT → CONFIRMED → Dismiss leaves one business effect, one receipt and ONE visible terminal outcome (1.675042ms)
✔ L27: repeated Dismiss keeps the visible terminal outcome at one, however many times it is pressed (0.498917ms)
✔ L27: two genuinely different terminal outcomes both remain representable (1.173041ms)
✔ L27: identity is the canonical reference, never the sentence — in BOTH directions (0.847417ms)
✔ L27: an ordinary assistant message and a terminal outcome never deduplicate each other, in either order (3.930541ms)
✔ L27: UNKNOWN → reconciliation → CONFIRMED keeps the later canonical transition visible (0.379459ms)
✔ L27: retry and refusal paths are unchanged (1.640542ms)
✔ L27: a successor emission carrying its predecessor's confirmation states it once (0.624584ms)
✔ L27: the record survives the display cap, on the path where that is reachable (1.022916ms)
✔ L27: one canonical receipt is stated once ACROSS widgets, even after the first statement is evicted (0.961708ms)
✔ L27: a cleared conversation starts again (0.430125ms)
✔ L27: a settled submission whose thread page failed loses nothing — the next one writes the outcome (0.348833ms)
✔ L27: two identical lines inside ONE response are one outcome, and two different ones are two (0.292542ms)
✔ L27: a reference identifies an outcome only on the line class the contract gives it to (0.33325ms)
✔ L25: tap alone never observes rendering; explicit mounted callback is bounded, idempotent and gates selector REFINE (1.001542ms)
✔ L25: refused render evidence never opens selector submission and can be retried only after a new mounted observation (0.456166ms)
✔ schedule owner failure reads its canonical terminal line without treating it as authority denial (0.235583ms)
✔ PATHS holds exactly the approved literals; one fetch call site; API_BASE is the one endpoint line (80.3665ms)
✔ typed methods only: the two widget methods are explicit; no generic request or token accessor (0.327ms)
✔ widget transport sends only typed bodies and retains only authorized response members (9.737958ms)
✔ NS-1: `resolved_widget` survives projection in its envelope shape only; every other shape is null, never a rejection (3.124875ms)
✔ email start keeps {next_step} only — debug_code never survives (0.32075ms)
✔ email verify (one business): tokens + TOP-LEVEL tenant.name + user.name; every other key dropped (0.460125ms)
✔ email verify (select_business): businesses[].role dropped, slug echoed verbatim at re-verify (0.22475ms)
✔ password login: body keys exactly {tenantSlug, email, password}; tenant NESTED at user.tenant; null name → "" (0.322459ms)
✔ signInPassword refuses an empty business address before any request (V2-6) (0.089792ms)
✔ refresh: tokens + session only → grant; display stays what sign-in set (0.469667ms)
✔ malformed success bodies are unexpected_response, never a partial sign-in (0.282ms)
✔ the password path never tells an existing account from a wrong password: /auth/login 401, 403 (either body) and 404 are one state (0.088916ms)
✔ §1.4 sign-in failure table: every row maps to its named state; silent login outcomes = 0 (1.043ms)
✔ row 9 client-side: the same field state before sending, 0 requests (IsEmail shape, 4..8 digits, MinLength 8) (0.052584ms)
✔ row 10: a sign-in request that times out is no_connection (27.119542ms)
✔ row 11: /ai/chat → 403 tenant_required is its own named failure (0.485ms)
✔ /ai/chat request: exactly {surface, requestId, messages}, surface "web", Bearer, omit, no-store; no audience or tenant on the wire (0.254166ms)
✔ approval_required: action_status copies action.status only — never action.approval (V2-5) (0.197625ms)
✔ B4: /ai/chat retains one exact SH-19 authorized envelope and rejects an incomplete substitute (0.588125ms)
✔ /ai/chat taxonomy: 402, 403×3, 429, 400, 503 modelFailure, 409, 502/network, 5xx, unexpected — one named failure each (1.022042ms)
✔ /ai/chat timeout (80 s in production) is no_connection; a caller abort is aborted (34.145625ms)
✔ 401 → one refresh → one retry with the new bearer (0.491667ms)
✔ two or more parallel 401s produce exactly one /auth/refresh (single flight); every call retried with the new bearer (20.672708ms)
✔ a 401 that arrives after another call already refreshed reuses the new grant (no second refresh) (6.967833ms)
✔ proactive refresh within 30 s of expiry: parallel calls share one refresh (12.756875ms)
✔ terminal refresh codes end the session with that reason, notify once, and send no retry (0.869916ms)
✔ refresh that cannot complete now keeps the session: 429 → rate_limited, network → no_connection (0.394666ms)
✔ refresh 400 validation, 401 without a code and a malformed 2xx each end the session (no silent loop) (0.540917ms)
✔ a 401 on the retry after a successful refresh ends the session (session_revoked); never a loop (0.404042ms)
✔ a lapsed refresh token ends the session as session_expired with 0 requests (0.135333ms)
✔ aborting a turn while it waits on a shared refresh returns aborted at once; the refresh still lands (13.685791ms)
✔ /ai/transcribe: body exactly {audioBase64}; {transcript} kept; failures mapped (§1.9) (27.876ms)
✔ never signed in: view reason null; chat and transcribe answer signed_out with 0 requests (0.166292ms)
✔ signOut: signed out locally at once, then /auth/logout with the bearer; later calls send nothing (0.385667ms)
✔ signOut never throws when logout fails, and a failing subscriber does not stop the others (11.696833ms)
✔ signOut with an expired access token refreshes once to revoke; the refreshed grant is never installed (0.472958ms)
✔ signOut after the refresh token lapsed sends nothing: there is no server session left to revoke (0.132667ms)
✔ signOut during an in-flight refresh: logout uses the refreshed bearer; the waiting turn ends signed_out (5.586167ms)
✔ a grant from a later sign-in is never handed to a call made under the earlier one (7.05175ms)
✔ the purity gates admit src/net/** as written (fetch shape, PATHS, surface, audience, globals, imports, collisions) (3443.536917ms)
✔ the gates are not vacuous over these files: a tenth path, a second fetch, a storage read and surface "voice" are refused (209.677792ms)
✔ createNet() is structurally SessionPort + Transport (shell/ports.ts, frozen in S0) with no adapter (152.242083ms)
✔ no storage, no document, no cookie: never touched at runtime, never named in src/net (0.461334ms)
✔ the finder: one GET to the allowlisted path, the term percent-encoded, no body and no content type (0.326375ms)
✔ the finder refuses a one-character term before any request, and names the server's own minimum (0.035667ms)
✔ Telegram start: the web body names this page's callback, the native body names none, and only Telegram's own URL is followed (0.467375ms)
✔ the landing signs in: body exactly {state, code}, the login projection reused verbatim, is_new_user carried (0.268083ms)
✔ a callback nobody here asked for is refused before any request — the whole defence against a delivered pair (0.116292ms)
✔ one login, one landing: the second delivery of the same callback is refused without spending a request (0.140584ms)
✔ the two carriers land the same callback: an object from the native shim, this page’s fragment on the web (0.392709ms)
✔ a fragment that is not exactly a callback is not one: no mark, a repeated key, a bad escape, a route (0.349708ms)
✔ the provider said no: error=access_denied is its own state and sends nothing (0.071208ms)
✔ every completion failure the server can answer is a named state, and each one restarts the login (0.915583ms)
✔ a 2xx that is not a login does not sign anyone in (0.290708ms)
✔ conversation history is authenticated GET with no selector/body, refreshes once, and strips action authority (0.538375ms)
✔ every request of this suite went to an approved URL, and all approved URLs were exercised (0.052041ms)
✔ a fresh login over an active session clears its timeline and rejects a delayed previous history, even with identical display names (14.509166ms)
ℹ tests 144
ℹ suites 0
ℹ pass 144
ℹ fail 0
ℹ cancelled 0
ℹ skipped 0
ℹ todo 0
ℹ duration_ms 4780.618583
