✔ receipt restoration uses one bounded read and discards a late old-session result (2.685792ms)
✔ receipt forbidden does not create authority or block restored text chat (0.609542ms)
✔ receipt no_connection does not create authority or block restored text chat (0.23225ms)
✔ receipt server_error does not create authority or block restored text chat (0.186208ms)
✔ receipt tenant_unbound cannot publish unbound text or strand the composer (0.242084ms)
✔ receipt reader_rejects cannot publish unbound text or strand the composer (0.192792ms)
✔ receipt reader_throws cannot publish unbound text or strand the composer (0.173416ms)
✔ receipt sink_throws cannot publish unbound text or strand the composer (0.196375ms)
✔ an older server missing the additive history route remains usable with a visible limitation (0.199792ms)
✔ server continuation waits before send, restores text only, excludes unfinished work from context (0.455833ms)
✔ logout aborts restoration; an old session result never enters the next conversation (0.503792ms)
✔ history failure is visible; next send retries only the read and keeps the draft until context is restored (0.3365ms)
✔ submitUserTurn is the sole path: only it (and retry of its own turn) calls Transport.chat (2.896834ms)
✔ typed and spoken turns are byte-identical on the wire; the modality stays on the item (0.065542ms)
✔ the user text: NFC and trimmed, 1..2000 units, refused visibly and never truncated; one turn in flight (0.341584ms)
✔ D6: after the 3 500-unit reply fixture every history item is ≤ 2000, the pair is not split, and the next turns are accepted (0.2985ms)
✔ history: only sent user turns and real replies, the last 11 plus the new message (DTO 1..12) (0.627875ms)
✔ same-requestId retry only after 429 / 502 / network / abort / 503 — never after 409 or an unknown outcome (0.83225ms)
✔ 409 is terminal for its id; an older failed turn loses its same-id retry once the conversation moves on (0.216917ms)
✔ approval_required: the reply, then the approval_not_here notice; the next turn carries the reply and never the notice (0.247459ms)
✔ 402 / 403 / tenant_required / 400: a conversation notice, the composer state, and none of it in history (0.406583ms)
✔ sign-out empties the timeline and aborts the turn in flight; nothing crosses into the next session (0.264459ms)
✔ display cap: 200 items on screen, older ones dropped and disclosed, never silently (4.466667ms)
✔ subscribers see every state change, in order, and can unsubscribe (0.214834ms)
✔ over the real net client: the long reply and the approval shape end in DTO-valid next turns (fetch replaced) (18.232334ms)
✔ TURN-ID carries only the server conversation reference, preserves retry identity, and clears it on logout (0.392833ms)
✔ finite projections preserve exact decimals and strip source authority; malformed and drift refuse (1.5165ms)
✔ certified approval with assistant correlation passes; wrong kind/capability and contradictory status refuse (0.806667ms)
✔ multipart uses one fixed photo name, no manual boundary or original filename; default parser unavailable is explicit (8.986292ms)
✔ JSON DTOs stay closed, preserve current conversation and witness, and invalid input makes no request (0.932792ms)
✔ review loss or malformed success stays unknown with no resend; 401 refresh is bounded (0.508042ms)
✔ preview adds no chat and performs no lookup; explicit item selection keeps all review fields blank (3.484291ms)
✔ exact correction prepares one version, sends canonical owner resolution, and only explicit changed draft advances (1.089542ms)
✔ response loss blocks every repeat/edit path; held and completed are terminal (0.875792ms)
✔ single photo flight locks chat; close aborts request and suppresses late result (0.323458ms)
✔ privacy epoch and signout erase fields, abort detail and never resurrect a late canonical turn (0.98125ms)
✔ source refusal preserves original witness and does not perform automatic lookup/review (0.318125ms)
✔ absent transport is honestly unavailable without fabricated transcript (0.187333ms)
✔ canonical operation refuses foreign conversation and duplicate canonical turns do not reanimate widgets (0.348167ms)
✔ restored completed canonical review remains display-only on explicit stable replay (0.339666ms)
✔ successful busy-to-idle publication cannot resurrect fields after a synchronous subscriber reset (0.658958ms)
✔ reset queued between operation settlement and caller continuation cannot reapply the response (0.322042ms)
✔ reset during initial search/detail publication prevents dispatch from the closed form (0.221958ms)
✔ conversation subscriber erasure/signout before attachment dispatch makes no transport call (0.223583ms)
✔ exact fractional receipt renders current React wording, freezes controls, and never rewrites sealed facts (10.889375ms)
✔ mismatched company_id never confirms an accepted receipt (1.236167ms)
✔ mismatched goods_id never confirms an accepted receipt (1.163042ms)
✔ mismatched store_id never confirms an accepted receipt (0.873292ms)
✔ mismatched quantity never confirms an accepted receipt (0.829417ms)
✔ mismatched unit_id never confirms an accepted receipt (0.918666ms)
✔ mismatched unit_cost never confirms an accepted receipt (0.685375ms)
✔ mismatched currency never confirms an accepted receipt (0.6765ms)
✔ mismatched line_total never confirms an accepted receipt (0.899916ms)
✔ mismatched received_at never confirms an accepted receipt (0.763291ms)
✔ unknown stays unconfirmed without another submission (0.621625ms)
✔ accepted only stays unconfirmed without another submission (0.525834ms)
✔ no AE stays unconfirmed without another submission (0.779292ms)
✔ no receipt stays unconfirmed without another submission (0.659459ms)
✔ wrong provider stays unconfirmed without another submission (0.591208ms)
✔ not verified stays unconfirmed without another submission (0.746917ms)
✔ sale price requested stays unconfirmed without another submission (0.58225ms)
✔ absolute stock requested stays unconfirmed without another submission (0.558458ms)
✔ wrong operation stays unconfirmed without another submission (0.545833ms)
✔ no_connection cannot offer retry (0.685625ms)
✔ server_error cannot offer retry (0.448125ms)
✔ unexpected_response cannot offer retry (0.332833ms)
✔ only rejection control can claim a rejected receipt (0.746ms)
✔ duplicate or missing preview field cannot borrow readback (1.059792ms)
✔ projection ignores getters and undeclared provider data (0.047916ms)
✔ PATHS holds exactly the approved literals; one fetch call site; API_BASE is the one endpoint line (66.534583ms)
✔ typed methods only: the two widget methods are explicit; no generic request or token accessor (0.296667ms)
✔ widget transport sends only typed bodies and retains only authorized response members (8.544291ms)
✔ explicit booking receipt transport projects only the widget locator; passive reads never inherit it (1.488042ms)
✔ NS-1: `resolved_widget` survives projection in its envelope shape only; every other shape is null, never a rejection (1.434583ms)
✔ email start keeps {next_step} only — debug_code never survives (0.270083ms)
✔ email verify (one business): tokens + TOP-LEVEL tenant.name + user.name; every other key dropped (0.368166ms)
✔ email verify (select_business): businesses[].role dropped, slug echoed verbatim at re-verify (0.1895ms)
✔ password login: body keys exactly {tenantSlug, email, password}; tenant NESTED at user.tenant; null name → "" (0.340291ms)
✔ signInPassword refuses an empty business address before any request (V2-6) (0.110292ms)
✔ refresh: tokens + session only → grant; display stays what sign-in set (0.395792ms)
✔ malformed success bodies are unexpected_response, never a partial sign-in (0.265125ms)
✔ the password path never tells an existing account from a wrong password: /auth/login 401, 403 (either body) and 404 are one state (0.085917ms)
✔ §1.4 sign-in failure table: every row maps to its named state; silent login outcomes = 0 (1.213792ms)
✔ row 9 client-side: the same field state before sending, 0 requests (IsEmail shape, 4..8 digits, MinLength 8) (0.063ms)
✔ row 10: a sign-in request that times out is no_connection (27.501042ms)
✔ row 11: /ai/chat → 403 tenant_required is its own named failure (0.500542ms)
✔ /ai/chat request: exactly {surface, requestId, messages}, surface "web", Bearer, omit, no-store; no audience or tenant on the wire (0.27625ms)
✔ approval_required: action_status copies action.status only — never action.approval (V2-5) (0.201333ms)
✔ B4: /ai/chat retains one exact SH-19 authorized envelope and rejects an incomplete substitute (0.6125ms)
✔ /ai/chat taxonomy: 402, 403×3, 429, 400, 503 modelFailure, 409, 502/network, 5xx, unexpected — one named failure each (0.964125ms)
✔ /ai/chat timeout (80 s in production) is no_connection; a caller abort is aborted (33.136084ms)
✔ 401 → one refresh → one retry with the new bearer (0.502042ms)
✔ two or more parallel 401s produce exactly one /auth/refresh (single flight); every call retried with the new bearer (21.296208ms)
✔ a 401 that arrives after another call already refreshed reuses the new grant (no second refresh) (7.01675ms)
✔ proactive refresh within 30 s of expiry: parallel calls share one refresh (12.488792ms)
✔ terminal refresh codes end the session with that reason, notify once, and send no retry (0.8345ms)
✔ refresh that cannot complete now keeps the session: 429 → rate_limited, network → no_connection (0.510375ms)
✔ refresh 400 validation, 401 without a code and a malformed 2xx each end the session (no silent loop) (0.686333ms)
✔ a 401 on the retry after a successful refresh ends the session (session_revoked); never a loop (0.280042ms)
✔ a lapsed refresh token ends the session as session_expired with 0 requests (0.103542ms)
✔ aborting a turn while it waits on a shared refresh returns aborted at once; the refresh still lands (12.175917ms)
✔ /ai/transcribe: body exactly {audioBase64}; {transcript} kept; failures mapped (§1.9) (28.465584ms)
✔ never signed in: view reason null; chat and transcribe answer signed_out with 0 requests (0.173625ms)
✔ signOut: signed out locally at once, then /auth/logout with the bearer; later calls send nothing (0.40325ms)
✔ signOut never throws when logout fails, and a failing subscriber does not stop the others (13.081291ms)
✔ signOut with an expired access token refreshes once to revoke; the refreshed grant is never installed (0.465375ms)
✔ signOut after the refresh token lapsed sends nothing: there is no server session left to revoke (0.150125ms)
✔ signOut during an in-flight refresh: logout uses the refreshed bearer; the waiting turn ends signed_out (5.849125ms)
✔ a grant from a later sign-in is never handed to a call made under the earlier one (5.963042ms)
✔ the purity gates admit src/net/** as written (fetch shape, PATHS, surface, audience, globals, imports, collisions) (3216.810333ms)
✔ the gates are not vacuous over these files: a tenth path, a second fetch, a storage read and surface "voice" are refused (221.254875ms)
✔ createNet() is structurally SessionPort + Transport (shell/ports.ts, frozen in S0) with no adapter (170.973166ms)
✔ no storage, no document, no cookie: never touched at runtime, never named in src/net (0.527375ms)
✔ the finder: one GET to the allowlisted path, the term percent-encoded, no body and no content type (0.3205ms)
✔ the finder refuses a one-character term before any request, and names the server's own minimum (0.034875ms)
✔ Telegram start: the web body names this page's callback, the native body names none, and only Telegram's own URL is followed (0.472625ms)
✔ the landing signs in: body exactly {state, code}, the login projection reused verbatim, is_new_user carried (0.241125ms)
✔ a callback nobody here asked for is refused before any request — the whole defence against a delivered pair (0.09075ms)
✔ one login, one landing: the second delivery of the same callback is refused without spending a request (0.150458ms)
✔ the two carriers land the same callback: an object from the native shim, this page’s fragment on the web (0.334291ms)
✔ a fragment that is not exactly a callback is not one: no mark, a repeated key, a bad escape, a route (0.326292ms)
✔ the provider said no: error=access_denied is its own state and sends nothing (0.069541ms)
✔ every completion failure the server can answer is a named state, and each one restarts the login (0.937709ms)
✔ a 2xx that is not a login does not sign anyone in (0.272625ms)
✔ conversation history is authenticated GET with no selector/body, refreshes once, and strips action authority (0.451584ms)
✔ every request of this suite went to an approved URL, and all approved URLs were exercised (0.0435ms)
✔ a fresh login over an active session clears its timeline and rejects a delayed previous history, even with identical display names (13.661875ms)
✔ only explicit confirmation for a server-owned current conversation sends erasure (4.073875ms)
✔ lost response freezes actions; manual retry preserves the same tuple and fresh turn has no deleted history (0.658667ms)
✔ inflight chat, retained receipt read and stale timeline callbacks cannot resurrect content (0.761041ms)
✔ all widget capabilities including detail-only entries are released, and late submission is ignored (9.741292ms)
✔ pending render observation cannot start after erasure cleared its entry (0.934417ms)
✔ privacy closes the real personal receiver, drops selections and ignores a late personal read (2.032875ms)
✔ privacy explicitly cancels committed voice transcription; delayed transcript never submits a new turn (0.579375ms)
✔ logout/new login invalidates erasure continuation; late completion cannot clear the next session (0.920167ms)
✔ replacement session during synchronous voice cancellation cannot dispatch the old target (0.35225ms)
✔ replacement session during synchronous conversation freeze cannot dispatch the old target (0.246ms)
✔ replacement session during synchronous retry publication cannot dispatch the old target (0.266875ms)
✔ definite forbidden never claims completion or revives old controls (0.18275ms)
✔ definite unavailable never claims completion or revives old controls (0.201125ms)
✔ definite conflict never claims completion or revives old controls (0.171584ms)
✔ definite invalid_request never claims completion or revives old controls (0.149125ms)
✔ mismatched completion remains uncertain and cannot unlock the conversation (0.146792ms)
ℹ tests 143
ℹ suites 0
ℹ pass 143
ℹ fail 0
ℹ cancelled 0
ℹ skipped 0
ℹ todo 0
ℹ duration_ms 4424.979417
