✔ chat preserves the standard resolution and never reads legacy action.approval (0.851292ms)
✔ a live standard approval suppresses only the legacy notice, including an exact duplicate (14.323208ms)
✔ body mismatch keeps the approval notice (0.990125ms)
✔ expired envelope keeps the approval notice (0.934833ms)
✔ stale lifecycle keeps the approval notice (0.695125ms)
✔ completed approval keeps the approval notice (1.489833ms)
✔ unknown approval state keeps the approval notice (1.388333ms)
✔ blocked approval keeps the approval notice (1.395417ms)
✔ expired approval body keeps the approval notice (1.631334ms)
✔ expired primary intent keeps the approval notice (1.64825ms)
✔ disabled primary intent keeps the approval notice (1.374167ms)
✔ unknown primary availability keeps the approval notice (0.842875ms)
✔ missing primary reference keeps the approval notice (2.251583ms)
✔ missing token keeps the approval notice (1.324583ms)
✔ not primary keeps the approval notice (0.899417ms)
✔ not COMMIT keeps the approval notice (0.935ms)
✔ not drawn keeps the approval notice (0.669292ms)
✔ withheld primary keeps the approval notice (0.436ms)
✔ a duplicate id with body mismatch cannot borrow the current card's presentation (1.251541ms)
✔ a duplicate id with expired envelope cannot borrow the current card's presentation (0.838ms)
✔ a duplicate id with stale lifecycle cannot borrow the current card's presentation (0.983209ms)
✔ a duplicate id with completed approval cannot borrow the current card's presentation (1.343958ms)
✔ a duplicate id with blocked approval cannot borrow the current card's presentation (0.88025ms)
✔ a duplicate id with changed sealed body cannot borrow the current card's presentation (0.778875ms)
✔ a duplicate id with changed seal cannot borrow the current card's presentation (0.799708ms)
✔ a duplicate id with changed token cannot borrow the current card's presentation (1.402042ms)
✔ current envelope expiry is checked even when background timers have not fired (0.987083ms)
✔ current body expiry is checked even when background timers have not fired (0.797417ms)
✔ current intent expiry is checked even when background timers have not fired (0.897834ms)
✔ a superseded envelope cannot borrow its successor presentation or restore old controls (1.780292ms)
✔ no resolution or an unrelated widget keeps the legacy notice (0.694666ms)
✔ standard i1 activation uses the existing gateway once; a lost response claims no success (0.584583ms)
✔ standard i2 activation uses the existing gateway once; a lost response claims no success (0.472375ms)
✔ allowlisted owner projection copies only own data properties, never accessors or extra payload (0.935917ms)
✔ exact approved diff plus verified owner readback shows confirmation through the standard gateway (10.823792ms)
✔ UNKNOWN never confirms an ACCEPTED pricing button (1.144ms)
✔ incomplete status never confirms an ACCEPTED pricing button (0.852917ms)
✔ wrong decision never confirms an ACCEPTED pricing button (0.887833ms)
✔ unverified never confirms an ACCEPTED pricing button (1.085458ms)
✔ truthy verification never confirms an ACCEPTED pricing button (0.834291ms)
✔ different provider never confirms an ACCEPTED pricing button (0.820208ms)
✔ different currency never confirms an ACCEPTED pricing button (0.687875ms)
✔ different service never confirms an ACCEPTED pricing button (1.095709ms)
✔ different price never confirms an ACCEPTED pricing button (0.803417ms)
✔ string price never confirms an ACCEPTED pricing button (0.555833ms)
✔ nonfinite price never confirms an ACCEPTED pricing button (0.521375ms)
✔ missing AE receipt never confirms an ACCEPTED pricing button (0.910042ms)
✔ empty AE receipt never confirms an ACCEPTED pricing button (0.626833ms)
✔ blank AE receipt never confirms an ACCEPTED pricing button (0.533375ms)
✔ missing outcome never confirms an ACCEPTED pricing button (0.574708ms)
✔ missing service row cannot borrow a different diff's owner receipt (0.982666ms)
✔ duplicate service rows cannot borrow a different diff's owner receipt (0.9995ms)
✔ different proposed amount cannot borrow a different diff's owner receipt (0.837542ms)
✔ different proposed currency cannot borrow a different diff's owner receipt (0.612333ms)
✔ ACCEPTED alone and even an unrelated terminal line cannot claim a provider price change (0.389375ms)
✔ canonical rejected decision is shown only for the rejection control (0.560875ms)
✔ successful owner data on a refused gateway response is never confirmation (0.477ms)
✔ lost response says unconfirmed and never automatically sends a second mutation (4.851958ms)
✔ a late result cannot confirm a superseding price proposal (1.083375ms)
✔ unrelated APPROVAL retains its existing ACCEPTED behavior (0.291209ms)
✔ a different WidgetSource cannot borrow pricing wording from an extra capability property (0.751542ms)
✔ React and DOM carriers use the same honest pricing sentences (0.045167ms)
ℹ tests 62
ℹ suites 0
ℹ pass 62
ℹ fail 0
ℹ cancelled 0
ℹ skipped 0
ℹ todo 0
ℹ duration_ms 120.581333
