✔ closed: the dialog exists, is never marked open, and offers nothing (3.159208ms)
✔ progress: «Открываю…» in the title and the body, aria-busy, and no controls yet (0.339875ms)
✔ open: the title is the sealed label, and the card is drawn WHOLE (10.694333ms)
✔ open: the title falls back to the headline when the sealed label is empty (1.728917ms)
✔ the dialog is labelled by its own title (1.396583ms)
✔ close is a real button, named, and first in the tab ring (2.317584ms)
✔ every booking kind can be opened as a detail without losing a control (5.91275ms)
✔ the corpus is the 40 sealed envelopes (0.4815ms)
✔ kind-choice — drawn (11.086083ms)
✔ kind-service-selector — drawn (2.132792ms)
✔ kind-staff-selector — drawn (1.087166ms)
✔ kind-time-slot-selector — drawn (1.574125ms)
✔ kind-booking-confirmation — drawn (1.369625ms)
✔ kind-schedule — drawn (1.481791ms)
✔ kind-client-list — drawn (1.818584ms)
✔ kind-metric — drawn (1.031334ms)
✔ kind-chart — drawn (2.099583ms)
✔ kind-report — drawn (2.043417ms)
✔ kind-strategy-options — drawn (1.1615ms)
✔ kind-approval — drawn (1.020083ms)
✔ kind-progress — drawn (1.108708ms)
✔ kind-limitation-blocking — drawn (0.537208ms)
✔ kind-source-status — drawn (0.819708ms)
✔ kind-settings-draft — drawn (1.094ms)
✔ kind-form — drawn (1.257042ms)
✔ kind-consent-state — drawn (0.713042ms)
✔ kind-identity-binding — drawn (0.557209ms)
✔ kind-payment-handoff — drawn (0.778958ms)
✔ kind-media-preview — drawn (0.689042ms)
✔ kind-artifact — drawn (0.567917ms)
✔ limitation-non-blocking — drawn (0.370708ms)
✔ choice-text-only — drawn (0.926042ms)
✔ booking-expired — drawn (0.906917ms)
✔ booking-tampered-body — drawn (0.69425ms)
✔ booking-token-changed — drawn (1.022875ms)
✔ booking-receipt-pointers-changed — drawn (1.114791ms)
✔ booking-render-tier-changed — drawn (0.654083ms)
✔ booking-cell-index-digest-changed — drawn (0.865292ms)
✔ booking-root-values-changed — drawn (1.067208ms)
✔ metric-class-i-target — drawn (0.726833ms)
✔ metric-class-i-ref-tampered — drawn (0.494333ms)
✔ schedule-withheld-reduced — drawn (0.772708ms)
✔ slots-superseded-predecessor — drawn (0.916542ms)
✔ slots-superseded-successor — drawn (1.123125ms)
✔ approval-consumed — drawn (0.609875ms)
✔ collation-lt-y-j — drawn (1.131333ms)
✔ collation-et-z-t — drawn (1.003583ms)
✔ collation-digits-case — drawn (0.844875ms)
✔ kind-choice — collapsed draws one heading and nothing interactive (0.302166ms)
✔ kind-choice — pending marks the card busy and the one ref disabled (0.62825ms)
✔ kind-service-selector — collapsed draws one heading and nothing interactive (0.306417ms)
✔ kind-service-selector — pending marks the card busy and the one ref disabled (0.684958ms)
✔ kind-staff-selector — collapsed draws one heading and nothing interactive (0.34725ms)
✔ kind-staff-selector — pending marks the card busy and the one ref disabled (0.576041ms)
✔ kind-time-slot-selector — collapsed draws one heading and nothing interactive (0.378333ms)
✔ kind-time-slot-selector — pending marks the card busy and the one ref disabled (0.851917ms)
✔ kind-booking-confirmation — collapsed draws one heading and nothing interactive (0.289209ms)
✔ kind-booking-confirmation — pending marks the card busy and the one ref disabled (0.84875ms)
✔ kind-schedule — collapsed draws one heading and nothing interactive (0.304708ms)
✔ kind-schedule — pending marks the card busy and the one ref disabled (0.642042ms)
✔ M7 SERVICE_SELECTOR — kind-service-selector (0.778417ms)
✔ M7 STAFF_SELECTOR — kind-staff-selector (0.540333ms)
✔ M7 TIME_SLOT_SELECTOR — kind-time-slot-selector (0.943709ms)
✔ M7 BOOKING_CONFIRMATION — kind-booking-confirmation (0.689917ms)
✔ M7 BOOKING_CONFIRMATION — booking-expired (0.441792ms)
✔ M7 BOOKING_CONFIRMATION — booking-tampered-body (0.419166ms)
✔ M7 BOOKING_CONFIRMATION — booking-token-changed (0.658625ms)
✔ M7 BOOKING_CONFIRMATION — booking-receipt-pointers-changed (0.7805ms)
✔ M7 BOOKING_CONFIRMATION — booking-render-tier-changed (0.399292ms)
✔ M7 BOOKING_CONFIRMATION — booking-cell-index-digest-changed (0.376792ms)
✔ M7 BOOKING_CONFIRMATION — booking-root-values-changed (0.6745ms)
✔ M7 TIME_SLOT_SELECTOR — slots-superseded-predecessor (0.495ms)
✔ M7 TIME_SLOT_SELECTOR — slots-superseded-successor (0.993625ms)
✔ M7 — no COMMIT survives a non-valid verdict, anywhere in the corpus (6.164709ms)
✔ M7 — a superseded predecessor offers nothing at all (0.469625ms)
✔ M7 — a terminal card is drawn whole, marked terminal, and carries no control (0.401083ms)
✔ the checker catches a drawer that is wrong (3.271292ms)
✔ the corpus is not vacuous — it contains both admitted and refused candidates (1.691667ms)
✔ isReplyHref agrees with the shell, candidate for candidate (0.757667ms)
✔ replySegments agrees with the shell, byte for byte (0.223375ms)
✔ the hostile-input fixture: three links, and the two dangerous schemes stay text (2.985375ms)
✔ every anchor is rel=noopener noreferrer, and only https opens a new context (0.371041ms)
✔ a reply with no candidate produces no markup elements at all (0.10975ms)
✔ the encoder is byte-identical to the shell’s, over every corpus (3.29675ms)
✔ the 44-byte RIFF header is the one the backend parses (0.115208ms)
✔ the wire form is a data URL, not bare base64 (0.080833ms)
✔ base64 agrees with the platform encoder, including both remainders (1.524125ms)
✔ an insecure context is refused before any API is touched (0.378875ms)
✔ a secure context with no capture APIs reports api_absent, not a crash (0.108166ms)
✔ arm refuses a forged proof, a replayed proof and a wrong gesture type (0.14725ms)
✔ take spends from the same set as arm, so one gesture can never do both (0.10575ms)
✔ the port answers safely with no session at all (0.088875ms)
✔ the negotiated formats and constraints are the shell’s (0.095833ms)
ℹ tests 93
ℹ suites 0
ℹ pass 93
ℹ fail 0
ℹ cancelled 0
ℹ skipped 0
ℹ todo 0
ℹ duration_ms 283.909916
