✔ the vault: tokens by item and intent ref; lookups only, no enumeration; drop and clear (0.992166ms)
✔ FBE2E-1: live submission uses only widget intent/resolve and returns the authorized successor or receipt line (0.441209ms)
✔ FBE2E-1: a drawn selector can submit only one server-declared option/ref value (0.173375ms)
✔ FBE2E-1/3: successor replaces the selector and only a server terminal receipt enters conversation (13.233916ms)
✔ ingest: H7 on the full envelope for all 40 fixtures; display follows the lifecycle and on_expiry quietly (14.79ms)
✔ L7 replace in place: the successor takes the predecessor's position and item id; P-25: a repeated widget_id renders once (2.109458ms)
✔ a late outcome for a replaced emission draws nothing on its successor (3.991875ms)
✔ F60: a NONE escape dismisses locally — 0 transport calls, 0 submissions — and nothing else stays activatable (5.448708ms)
✔ D9: every drawn control of every live fixture ends in a state change or a sentence — silent outcomes 0, requests 0 (37.12225ms)
ℹ activations 129: submitted 73, dismissed 11, sentence without a submission 45
✔ the submission is the contract WidgetIntentSubmission: exact members, the vault token, nothing else (0.521167ms)
✔ the submission literal is checked against the closed contract type: an extra member does not compile (4104.794875ms)
✔ outcomes: each SubmissionOutcome and a rejection end in a neutral sentence; one activation in flight per item (5.516792ms)
✔ NAVIGATE(detail): PROGRESS while the submission runs; the P1 binding closes it, returns to the opener and leaves a sentence (0.54825ms)
✔ R3.3.4 / R7-E3: a detail opens only for the envelope's own fullscreen_detail key, only for the nine fs.* keys, never from inside a detail (4.54975ms)
✔ shell targets: a class-s route resolves through the registry before anything is sent; the route switch waits for an outcome (1.578292ms)
✔ expiry on screen follows on_expiry quietly; a collapsed item gives up its tokens (1.008375ms)
✔ an environment change redraws every item; sign-out releases every item and token (0.778167ms)
✔ the display cap releases a dropped item's tokens but keeps P-25: the same emission redelivered still renders once (0.423792ms)
✔ intentRefFor: an action names its intent; a choice names the intent it selects; anything else names none (0.189584ms)
✔ I-SRC-1 — activating the SCHEDULE entry reaches the submission boundary (0.275584ms)
✔ I-SRC-1 — a ref the server did not map to an intent is REFUSED, and never sent (0.270917ms)
✔ I-SRC-1 — a ref outside the sealed reading order is REFUSED before anything else (0.213291ms)
✔ I-SRC-1 — the fix did not make a schema-bearing intent accept an entry ref (0.285042ms)
✔ I-SRC-1 NAVIGATE: live fs.calendar response resolves PROGRESS to fullscreen, without a timeline insertion or history bounce (0.866875ms)
✔ I-SRC-1 NAVIGATE: undeclared route is route_refused before transport (0.373042ms)
✔ I-SRC-1 NAVIGATE: forged route is route_refused before transport (0.345541ms)
✔ I-SRC-1 NAVIGATE: unknown route is route_refused before transport (0.345333ms)
✔ I-SRC-1 NAVIGATE: substituted parent is refused without fullscreen or timeline pollution (0.372042ms)
✔ I-SRC-1 NAVIGATE: missing parent is refused without fullscreen or timeline pollution (0.339917ms)
✔ I-SRC-1 NAVIGATE: same widget is refused without fullscreen or timeline pollution (0.3545ms)
✔ I-SRC-1 NAVIGATE: wrong tenant is refused without fullscreen or timeline pollution (0.343917ms)
✔ I-SRC-1 NAVIGATE: wrong principal is refused without fullscreen or timeline pollution (0.347125ms)
✔ I-SRC-1 NAVIGATE: wrong turn is refused without fullscreen or timeline pollution (0.341292ms)
✔ I-SRC-1 NAVIGATE: wrong profile is refused without fullscreen or timeline pollution (0.338875ms)
✔ I-SRC-1 NAVIGATE: wrong profile version is refused without fullscreen or timeline pollution (0.337542ms)
✔ I-SRC-1 NAVIGATE: substituted route is refused without fullscreen or timeline pollution (0.365459ms)
✔ I-SRC-1 NAVIGATE: missing returned route is refused without fullscreen or timeline pollution (0.385125ms)
✔ I-SRC-1 NAVIGATE: tampered detail is refused without fullscreen or timeline pollution (0.445708ms)
✔ I-SRC-1 NAVIGATE: expired detail is refused without fullscreen or timeline pollution (0.4705ms)
✔ I-SRC-1 NAVIGATE: terminal detail is refused without fullscreen or timeline pollution (0.498166ms)
✔ I-SRC-1 NAVIGATE: canonical server widget_principal_mismatch refusal never opens a detail (0.295875ms)
✔ I-SRC-1 NAVIGATE: canonical server tenant_mismatch refusal never opens a detail (0.265167ms)
✔ I-SRC-1 NAVIGATE: close while pending prevents a late response from taking chrome ownership (0.450292ms)
✔ I-SRC-1 NAVIGATE: back while pending prevents a late response from taking chrome ownership (0.424792ms)
✔ I-SRC-1 NAVIGATE: navigate while pending prevents a late response from taking chrome ownership (1.660417ms)
✔ I-SRC-1 NAVIGATE: sign-out while pending prevents a late response from taking chrome ownership (0.322458ms)
✔ I-SRC-1 NAVIGATE: another-detail while pending prevents a late response from taking chrome ownership (0.596ms)
✔ I-SRC-1 NAVIGATE: ordinary non-detail advanced response keeps timeline semantics even with fs.calendar in its payload (0.456667ms)
✔ I-SRC-1 NAVIGATE: refused principal even with an attached envelope cannot open fullscreen (0.281708ms)
✔ I-SRC-1 NAVIGATE: refused tenant even with an attached envelope cannot open fullscreen (0.2675ms)
✔ I-SRC-1 NAVIGATE: missing acceptance cannot open fullscreen (0.262458ms)
✔ I-SRC-1 NAVIGATE: verification required cannot open fullscreen (0.256875ms)
✔ I-SRC-1 NAVIGATE: expired successor cannot open fullscreen (0.253875ms)
✔ NS-1: parent → detail → parent, where the parent on the timeline is the server-returned `resolved_widget` (1.146542ms)
✔ NS-1: a return with no `resolved_widget` fails closed — nothing is reconstructed and no parent is restored (0.799584ms)
✔ NS-1: substituted parent widget is refused, with the detail closed and no parent restored (0.722916ms)
✔ NS-1: the detail itself returned as its own parent is refused, with the detail closed and no parent restored (0.706084ms)
✔ NS-1: wrong tenant is refused, with the detail closed and no parent restored (0.707875ms)
✔ NS-1: wrong principal is refused, with the detail closed and no parent restored (0.698959ms)
✔ NS-1: wrong turn is refused, with the detail closed and no parent restored (0.698583ms)
✔ NS-1: wrong profile is refused, with the detail closed and no parent restored (0.70975ms)
✔ NS-1: wrong profile version is refused, with the detail closed and no parent restored (0.691917ms)
✔ NS-1: tampered parent body is refused, with the detail closed and no parent restored (0.795375ms)
✔ NS-1: stale parent: expired is refused, with the detail closed and no parent restored (0.857334ms)
✔ NS-1: stale parent: superseded is refused, with the detail closed and no parent restored (0.876417ms)
✔ NS-1: stale parent: consumed is refused, with the detail closed and no parent restored (0.827042ms)
✔ NS-1: a parent return is admitted only from an open detail, and only for a NAVIGATE to a re-resolved widget (1.265791ms)
✔ NS-1: ordinary ACCEPTED responses are unchanged — the reread still settles, and a successor still advances (1.796292ms)
✔ historical booking outcomes share live receipt dedupe without holding controls or tokens (0.501209ms)
✔ L27: COMMIT → CONFIRMED → Dismiss leaves one business effect, one receipt and ONE visible terminal outcome (0.338875ms)
✔ L27: repeated Dismiss keeps the visible terminal outcome at one, however many times it is pressed (0.312416ms)
✔ L27: two genuinely different terminal outcomes both remain representable (1.673333ms)
✔ L27: identity is the canonical reference, never the sentence — in BOTH directions (0.736417ms)
✔ L27: an ordinary assistant message and a terminal outcome never deduplicate each other, in either order (3.632833ms)
✔ L27: UNKNOWN → reconciliation → CONFIRMED keeps the later canonical transition visible (0.404917ms)
✔ L27: retry and refusal paths are unchanged (1.570875ms)
✔ L27: a successor emission carrying its predecessor's confirmation states it once (0.572167ms)
✔ L27: the record survives the display cap, on the path where that is reachable (0.848375ms)
✔ L27: one canonical receipt is stated once ACROSS widgets, even after the first statement is evicted (0.775834ms)
✔ L27: a cleared conversation starts again (0.361917ms)
✔ L27: a settled submission whose thread page failed loses nothing — the next one writes the outcome (0.300375ms)
✔ L27: two identical lines inside ONE response are one outcome, and two different ones are two (0.265833ms)
✔ L27: a reference identifies an outcome only on the line class the contract gives it to (0.284875ms)
✔ L25: tap alone never observes rendering; explicit mounted callback is bounded, idempotent and gates selector REFINE (0.821417ms)
✔ L25: refused render evidence never opens selector submission and can be retried only after a new mounted observation (0.318916ms)
✔ schedule owner failure reads its canonical terminal line without treating it as authority denial (0.112625ms)
✔ personal receiver follows real Widgets integrity/expiry and survives accessibility redraw (1.285333ms)
✔ PATHS holds exactly the approved literals; one fetch call site; API_BASE is the one endpoint line (72.362ms)
✔ typed methods only: the two widget methods are explicit; no generic request or token accessor (0.295042ms)
✔ widget transport sends only typed bodies and retains only authorized response members (8.560792ms)
✔ NS-1: `resolved_widget` survives projection in its envelope shape only; every other shape is null, never a rejection (2.46675ms)
✔ email start keeps {next_step} only — debug_code never survives (0.274459ms)
✔ email verify (one business): tokens + TOP-LEVEL tenant.name + user.name; every other key dropped (0.464167ms)
✔ email verify (select_business): businesses[].role dropped, slug echoed verbatim at re-verify (0.216375ms)
✔ password login: body keys exactly {tenantSlug, email, password}; tenant NESTED at user.tenant; null name → "" (0.29825ms)
✔ signInPassword refuses an empty business address before any request (V2-6) (0.097083ms)
✔ refresh: tokens + session only → grant; display stays what sign-in set (0.481084ms)
✔ malformed success bodies are unexpected_response, never a partial sign-in (0.304375ms)
✔ the password path never tells an existing account from a wrong password: /auth/login 401, 403 (either body) and 404 are one state (0.092208ms)
✔ §1.4 sign-in failure table: every row maps to its named state; silent login outcomes = 0 (1.115541ms)
✔ row 9 client-side: the same field state before sending, 0 requests (IsEmail shape, 4..8 digits, MinLength 8) (0.075542ms)
✔ row 10: a sign-in request that times out is no_connection (27.06775ms)
✔ row 11: /ai/chat → 403 tenant_required is its own named failure (0.32475ms)
✔ /ai/chat request: exactly {surface, requestId, messages}, surface "web", Bearer, omit, no-store; no audience or tenant on the wire (0.192458ms)
✔ approval_required: action_status copies action.status only — never action.approval (V2-5) (0.165ms)
✔ B4: /ai/chat retains one exact SH-19 authorized envelope and rejects an incomplete substitute (0.491ms)
✔ /ai/chat taxonomy: 402, 403×3, 429, 400, 503 modelFailure, 409, 502/network, 5xx, unexpected — one named failure each (0.929834ms)
✔ /ai/chat timeout (80 s in production) is no_connection; a caller abort is aborted (32.893542ms)
✔ 401 → one refresh → one retry with the new bearer (0.315ms)
✔ two or more parallel 401s produce exactly one /auth/refresh (single flight); every call retried with the new bearer (21.025125ms)
✔ a 401 that arrives after another call already refreshed reuses the new grant (no second refresh) (6.948916ms)
✔ proactive refresh within 30 s of expiry: parallel calls share one refresh (12.484292ms)
✔ terminal refresh codes end the session with that reason, notify once, and send no retry (0.779ms)
✔ refresh that cannot complete now keeps the session: 429 → rate_limited, network → no_connection (0.381666ms)
✔ refresh 400 validation, 401 without a code and a malformed 2xx each end the session (no silent loop) (0.536166ms)
✔ a 401 on the retry after a successful refresh ends the session (session_revoked); never a loop (0.241542ms)
✔ a lapsed refresh token ends the session as session_expired with 0 requests (0.085209ms)
✔ aborting a turn while it waits on a shared refresh returns aborted at once; the refresh still lands (12.120167ms)
✔ /ai/transcribe: body exactly {audioBase64}; {transcript} kept; failures mapped (§1.9) (27.220334ms)
✔ never signed in: view reason null; chat and transcribe answer signed_out with 0 requests (0.154417ms)
✔ signOut: signed out locally at once, then /auth/logout with the bearer; later calls send nothing (0.371541ms)
✔ signOut never throws when logout fails, and a failing subscriber does not stop the others (11.93ms)
✔ signOut with an expired access token refreshes once to revoke; the refreshed grant is never installed (0.3045ms)
✔ signOut after the refresh token lapsed sends nothing: there is no server session left to revoke (0.108208ms)
✔ signOut during an in-flight refresh: logout uses the refreshed bearer; the waiting turn ends signed_out (5.649959ms)
✔ a grant from a later sign-in is never handed to a call made under the earlier one (6.863291ms)
✔ the purity gates admit src/net/** as written (fetch shape, PATHS, surface, audience, globals, imports, collisions) (3169.481208ms)
✔ the gates are not vacuous over these files: a tenth path, a second fetch, a storage read and surface "voice" are refused (207.002291ms)
✔ createNet() is structurally SessionPort + Transport (shell/ports.ts, frozen in S0) with no adapter (151.65175ms)
✔ no storage, no document, no cookie: never touched at runtime, never named in src/net (0.50875ms)
✔ the finder: one GET to the allowlisted path, the term percent-encoded, no body and no content type (0.338083ms)
✔ the finder refuses a one-character term before any request, and names the server's own minimum (0.04025ms)
✔ Telegram start: the web body names this page's callback, the native body names none, and only Telegram's own URL is followed (0.449834ms)
✔ the landing signs in: body exactly {state, code}, the login projection reused verbatim, is_new_user carried (0.24675ms)
✔ a callback nobody here asked for is refused before any request — the whole defence against a delivered pair (0.110958ms)
✔ one login, one landing: the second delivery of the same callback is refused without spending a request (0.1355ms)
✔ the two carriers land the same callback: an object from the native shim, this page’s fragment on the web (0.38ms)
✔ a fragment that is not exactly a callback is not one: no mark, a repeated key, a bad escape, a route (0.332709ms)
✔ the provider said no: error=access_denied is its own state and sends nothing (0.066084ms)
✔ every completion failure the server can answer is a named state, and each one restarts the login (0.917125ms)
✔ a 2xx that is not a login does not sign anyone in (0.285125ms)
✔ conversation history is authenticated GET with no selector/body, refreshes once, and strips action authority (0.540875ms)
✔ every request of this suite went to an approved URL, and all approved URLs were exercised (0.047834ms)
✔ a fresh login over an active session clears its timeline and rejects a delayed previous history, even with identical display names (16.114875ms)
✔ only admitted personal child opens; closing/sign-out/expiry invalidation drops form and ignores late reads (0.749958ms)
✔ selection invalidates preview, unknown choices cannot alter it, confirmation requires a fresh preview (1.189458ms)
✔ double confirmation sends exact frozen selection once; only same canonical selection SUCCEEDED confirms (0.552166ms)
✔ unrelated success cannot confirm UNKNOWN; refresh and recreated runtime never dispatch (0.362083ms)
✔ revocation at preview prevents create; a pending older result blocks new booking even outside page (0.178917ms)
✔ wire projection rejects malformed pending/result states and strips private preview extras (8.667916ms)
✔ fixed personal wire adds literal header only on personal routes, encodes query and drops identity fields (10.312375ms)
✔ forbidden at result read clears prior private facts even after exact succeeded (0.162542ms)
✔ initial state: the conversation is open, the primary route is shell.root, nothing is fullscreen (0.619542ms)
✔ pure transitions: only the five base routes are primary; one detail at a time; closing always works (0.184292ms)
✔ no route key or URL opens a fullscreen: the module has no key-based opener (0.392125ms)
✔ PROGRESS → OPEN → close: one history entry for the current address, popped once; the opener is kept for focus return (0.21875ms)
✔ Back closes the detail without popping another entry; Esc/Close pops the entry it pushed (0.079208ms)
✔ closeProgress closes only a PROGRESS detail for that item; navigate closes any detail (P-06: the conversation is one action away) (0.075625ms)
✔ presentDetail refuses without a source, without a timeline opener, and when the source refuses (0.068584ms)
✔ sign-out closes the detail and returns to the root route (0.111ms)
✔ signed out, the primary route stays the root (SH-04); a route landed while signed out applies at sign-in (0.089083ms)
✔ the runtime: one widget port for the DOM, a real detail at SHEET density, and the fragment landed without a request (12.575292ms)
✔ P-B4: a successful chat resolution reaches the existing H7/vault/renderer path without a second transport (1.062459ms)
✔ login restores only bounded booking terminal prose through the existing reader, without widget activation (0.789041ms)
✔ personal receiver survives normal detail redraw and is removed by frozen/expired result (0.126709ms)
ℹ tests 165
ℹ suites 0
ℹ pass 165
ℹ fail 0
ℹ cancelled 0
ℹ skipped 0
ℹ todo 0
ℹ duration_ms 4353.040833
