✔ the vault: tokens by item and intent ref; lookups only, no enumeration; drop and clear (0.889542ms)
✔ FBE2E-1: live submission uses only widget intent/resolve and returns the authorized successor or receipt line (0.380208ms)
✔ FBE2E-1: a drawn selector can submit only one server-declared option/ref value (0.164041ms)
✔ FBE2E-1/3: successor replaces the selector and only a server terminal receipt enters conversation (11.016583ms)
✔ ingest: H7 on the full envelope for all 40 fixtures; display follows the lifecycle and on_expiry quietly (14.066625ms)
✔ L7 replace in place: the successor takes the predecessor's position and item id; P-25: a repeated widget_id renders once (1.772292ms)
✔ a late outcome for a replaced emission draws nothing on its successor (3.899292ms)
✔ F60: a NONE escape dismisses locally — 0 transport calls, 0 submissions — and nothing else stays activatable (5.025ms)
✔ D9: every drawn control of every live fixture ends in a state change or a sentence — silent outcomes 0, requests 0 (35.132333ms)
ℹ activations 129: submitted 73, dismissed 11, sentence without a submission 45
✔ the submission is the contract WidgetIntentSubmission: exact members, the vault token, nothing else (0.483125ms)
✔ the submission literal is checked against the closed contract type: an extra member does not compile (3774.466417ms)
✔ outcomes: each SubmissionOutcome and a rejection end in a neutral sentence; one activation in flight per item (2.969792ms)
✔ NAVIGATE(detail): PROGRESS while the submission runs; the P1 binding closes it, returns to the opener and leaves a sentence (0.453625ms)
✔ R3.3.4 / R7-E3: a detail opens only for the envelope's own fullscreen_detail key, only for the nine fs.* keys, never from inside a detail (4.4925ms)
✔ shell targets: a class-s route resolves through the registry before anything is sent; the route switch waits for an outcome (1.549084ms)
✔ expiry on screen follows on_expiry quietly; a collapsed item gives up its tokens (0.973292ms)
✔ an environment change redraws every item; sign-out releases every item and token (0.767125ms)
✔ the display cap releases a dropped item's tokens but keeps P-25: the same emission redelivered still renders once (0.419875ms)
✔ intentRefFor: an action names its intent; a choice names the intent it selects; anything else names none (0.193958ms)
✔ I-SRC-1 — activating the SCHEDULE entry reaches the submission boundary (0.2545ms)
✔ I-SRC-1 — a ref the server did not map to an intent is REFUSED, and never sent (0.265083ms)
✔ I-SRC-1 — a ref outside the sealed reading order is REFUSED before anything else (0.210417ms)
✔ I-SRC-1 — the fix did not make a schema-bearing intent accept an entry ref (0.276708ms)
✔ I-SRC-1 NAVIGATE: live fs.calendar response resolves PROGRESS to fullscreen, without a timeline insertion or history bounce (0.852708ms)
✔ I-SRC-1 NAVIGATE: undeclared route is route_refused before transport (0.3695ms)
✔ I-SRC-1 NAVIGATE: forged route is route_refused before transport (0.337583ms)
✔ I-SRC-1 NAVIGATE: unknown route is route_refused before transport (0.332666ms)
✔ I-SRC-1 NAVIGATE: substituted parent is refused without fullscreen or timeline pollution (0.369542ms)
✔ I-SRC-1 NAVIGATE: missing parent is refused without fullscreen or timeline pollution (0.33675ms)
✔ I-SRC-1 NAVIGATE: same widget is refused without fullscreen or timeline pollution (0.339667ms)
✔ I-SRC-1 NAVIGATE: wrong tenant is refused without fullscreen or timeline pollution (0.339209ms)
✔ I-SRC-1 NAVIGATE: wrong principal is refused without fullscreen or timeline pollution (0.344666ms)
✔ I-SRC-1 NAVIGATE: wrong turn is refused without fullscreen or timeline pollution (0.340666ms)
✔ I-SRC-1 NAVIGATE: wrong profile is refused without fullscreen or timeline pollution (0.334959ms)
✔ I-SRC-1 NAVIGATE: wrong profile version is refused without fullscreen or timeline pollution (0.340167ms)
✔ I-SRC-1 NAVIGATE: substituted route is refused without fullscreen or timeline pollution (0.354334ms)
✔ I-SRC-1 NAVIGATE: missing returned route is refused without fullscreen or timeline pollution (0.344458ms)
✔ I-SRC-1 NAVIGATE: tampered detail is refused without fullscreen or timeline pollution (0.434458ms)
✔ I-SRC-1 NAVIGATE: expired detail is refused without fullscreen or timeline pollution (0.470583ms)
✔ I-SRC-1 NAVIGATE: terminal detail is refused without fullscreen or timeline pollution (0.469959ms)
✔ I-SRC-1 NAVIGATE: canonical server widget_principal_mismatch refusal never opens a detail (0.281459ms)
✔ I-SRC-1 NAVIGATE: canonical server tenant_mismatch refusal never opens a detail (0.257334ms)
✔ I-SRC-1 NAVIGATE: close while pending prevents a late response from taking chrome ownership (2.116ms)
✔ I-SRC-1 NAVIGATE: back while pending prevents a late response from taking chrome ownership (0.447625ms)
✔ I-SRC-1 NAVIGATE: navigate while pending prevents a late response from taking chrome ownership (0.424583ms)
✔ I-SRC-1 NAVIGATE: sign-out while pending prevents a late response from taking chrome ownership (0.290709ms)
✔ I-SRC-1 NAVIGATE: another-detail while pending prevents a late response from taking chrome ownership (0.592125ms)
✔ I-SRC-1 NAVIGATE: ordinary non-detail advanced response keeps timeline semantics even with fs.calendar in its payload (0.449167ms)
✔ I-SRC-1 NAVIGATE: refused principal even with an attached envelope cannot open fullscreen (0.277917ms)
✔ I-SRC-1 NAVIGATE: refused tenant even with an attached envelope cannot open fullscreen (0.266125ms)
✔ I-SRC-1 NAVIGATE: missing acceptance cannot open fullscreen (0.264417ms)
✔ I-SRC-1 NAVIGATE: verification required cannot open fullscreen (0.252417ms)
✔ I-SRC-1 NAVIGATE: expired successor cannot open fullscreen (0.25275ms)
✔ NS-1: parent → detail → parent, where the parent on the timeline is the server-returned `resolved_widget` (1.120833ms)
✔ NS-1: a return with no `resolved_widget` fails closed — nothing is reconstructed and no parent is restored (0.803583ms)
✔ NS-1: substituted parent widget is refused, with the detail closed and no parent restored (0.762958ms)
✔ NS-1: the detail itself returned as its own parent is refused, with the detail closed and no parent restored (0.687916ms)
✔ NS-1: wrong tenant is refused, with the detail closed and no parent restored (0.684583ms)
✔ NS-1: wrong principal is refused, with the detail closed and no parent restored (0.680417ms)
✔ NS-1: wrong turn is refused, with the detail closed and no parent restored (0.690167ms)
✔ NS-1: wrong profile is refused, with the detail closed and no parent restored (0.680958ms)
✔ NS-1: wrong profile version is refused, with the detail closed and no parent restored (0.679958ms)
✔ NS-1: tampered parent body is refused, with the detail closed and no parent restored (0.865042ms)
✔ NS-1: stale parent: expired is refused, with the detail closed and no parent restored (0.935917ms)
✔ NS-1: stale parent: superseded is refused, with the detail closed and no parent restored (0.870833ms)
✔ NS-1: stale parent: consumed is refused, with the detail closed and no parent restored (0.8265ms)
✔ NS-1: a parent return is admitted only from an open detail, and only for a NAVIGATE to a re-resolved widget (1.303041ms)
✔ NS-1: ordinary ACCEPTED responses are unchanged — the reread still settles, and a successor still advances (1.8325ms)
✔ historical booking outcomes share live receipt dedupe without holding controls or tokens (0.560083ms)
✔ L27: COMMIT → CONFIRMED → Dismiss leaves one business effect, one receipt and ONE visible terminal outcome (0.337333ms)
✔ L27: repeated Dismiss keeps the visible terminal outcome at one, however many times it is pressed (1.154875ms)
✔ L27: two genuinely different terminal outcomes both remain representable (1.003208ms)
✔ L27: identity is the canonical reference, never the sentence — in BOTH directions (0.714625ms)
✔ L27: an ordinary assistant message and a terminal outcome never deduplicate each other, in either order (3.8315ms)
✔ L27: UNKNOWN → reconciliation → CONFIRMED keeps the later canonical transition visible (0.407666ms)
✔ L27: retry and refusal paths are unchanged (1.580916ms)
✔ L27: a successor emission carrying its predecessor's confirmation states it once (0.588209ms)
✔ L27: the record survives the display cap, on the path where that is reachable (0.886208ms)
✔ L27: one canonical receipt is stated once ACROSS widgets, even after the first statement is evicted (0.778583ms)
✔ L27: a cleared conversation starts again (0.373167ms)
✔ L27: a settled submission whose thread page failed loses nothing — the next one writes the outcome (0.300834ms)
✔ L27: two identical lines inside ONE response are one outcome, and two different ones are two (0.263167ms)
✔ L27: a reference identifies an outcome only on the line class the contract gives it to (0.265583ms)
✔ L25: tap alone never observes rendering; explicit mounted callback is bounded, idempotent and gates selector REFINE (0.84675ms)
✔ L25: refused render evidence never opens selector submission and can be retried only after a new mounted observation (0.351125ms)
✔ schedule owner failure reads its canonical terminal line without treating it as authority denial (0.112625ms)
✔ personal receiver follows real Widgets integrity/expiry and survives accessibility redraw (1.28275ms)
✔ PATHS holds exactly the approved literals; one fetch call site; API_BASE is the one endpoint line (63.008166ms)
✔ typed methods only: the two widget methods are explicit; no generic request or token accessor (0.266791ms)
✔ widget transport sends only typed bodies and retains only authorized response members (7.780083ms)
✔ NS-1: `resolved_widget` survives projection in its envelope shape only; every other shape is null, never a rejection (2.140458ms)
✔ email start keeps {next_step} only — debug_code never survives (0.246ms)
✔ email verify (one business): tokens + TOP-LEVEL tenant.name + user.name; every other key dropped (0.427833ms)
✔ email verify (select_business): businesses[].role dropped, slug echoed verbatim at re-verify (0.190417ms)
✔ password login: body keys exactly {tenantSlug, email, password}; tenant NESTED at user.tenant; null name → "" (0.295125ms)
✔ signInPassword refuses an empty business address before any request (V2-6) (0.103333ms)
✔ refresh: tokens + session only → grant; display stays what sign-in set (0.442625ms)
✔ malformed success bodies are unexpected_response, never a partial sign-in (0.274875ms)
✔ the password path never tells an existing account from a wrong password: /auth/login 401, 403 (either body) and 404 are one state (0.090541ms)
✔ §1.4 sign-in failure table: every row maps to its named state; silent login outcomes = 0 (1.052959ms)
✔ row 9 client-side: the same field state before sending, 0 requests (IsEmail shape, 4..8 digits, MinLength 8) (0.066375ms)
✔ row 10: a sign-in request that times out is no_connection (26.94675ms)
✔ row 11: /ai/chat → 403 tenant_required is its own named failure (0.362417ms)
✔ /ai/chat request: exactly {surface, requestId, messages}, surface "web", Bearer, omit, no-store; no audience or tenant on the wire (0.215458ms)
✔ approval_required: action_status copies action.status only — never action.approval (V2-5) (0.183875ms)
✔ B4: /ai/chat retains one exact SH-19 authorized envelope and rejects an incomplete substitute (0.513458ms)
✔ /ai/chat taxonomy: 402, 403×3, 429, 400, 503 modelFailure, 409, 502/network, 5xx, unexpected — one named failure each (0.955875ms)
✔ /ai/chat timeout (80 s in production) is no_connection; a caller abort is aborted (33.954625ms)
✔ 401 → one refresh → one retry with the new bearer (0.321083ms)
✔ two or more parallel 401s produce exactly one /auth/refresh (single flight); every call retried with the new bearer (20.8215ms)
✔ a 401 that arrives after another call already refreshed reuses the new grant (no second refresh) (6.780209ms)
✔ proactive refresh within 30 s of expiry: parallel calls share one refresh (12.427708ms)
✔ terminal refresh codes end the session with that reason, notify once, and send no retry (0.845041ms)
✔ refresh that cannot complete now keeps the session: 429 → rate_limited, network → no_connection (0.462542ms)
✔ refresh 400 validation, 401 without a code and a malformed 2xx each end the session (no silent loop) (0.672167ms)
✔ a 401 on the retry after a successful refresh ends the session (session_revoked); never a loop (0.2685ms)
✔ a lapsed refresh token ends the session as session_expired with 0 requests (0.100416ms)
✔ aborting a turn while it waits on a shared refresh returns aborted at once; the refresh still lands (12.2005ms)
✔ /ai/transcribe: body exactly {audioBase64}; {transcript} kept; failures mapped (§1.9) (28.207291ms)
✔ never signed in: view reason null; chat and transcribe answer signed_out with 0 requests (0.19275ms)
✔ signOut: signed out locally at once, then /auth/logout with the bearer; later calls send nothing (0.485791ms)
✔ signOut never throws when logout fails, and a failing subscriber does not stop the others (13.150917ms)
✔ signOut with an expired access token refreshes once to revoke; the refreshed grant is never installed (0.536416ms)
✔ signOut after the refresh token lapsed sends nothing: there is no server session left to revoke (0.197125ms)
✔ signOut during an in-flight refresh: logout uses the refreshed bearer; the waiting turn ends signed_out (7.226916ms)
✔ a grant from a later sign-in is never handed to a call made under the earlier one (7.222416ms)
✔ the purity gates admit src/net/** as written (fetch shape, PATHS, surface, audience, globals, imports, collisions) (2910.87ms)
✔ the gates are not vacuous over these files: a tenth path, a second fetch, a storage read and surface "voice" are refused (181.6055ms)
✔ createNet() is structurally SessionPort + Transport (shell/ports.ts, frozen in S0) with no adapter (141.105625ms)
✔ no storage, no document, no cookie: never touched at runtime, never named in src/net (0.487209ms)
✔ the finder: one GET to the allowlisted path, the term percent-encoded, no body and no content type (0.319333ms)
✔ the finder refuses a one-character term before any request, and names the server's own minimum (0.035583ms)
✔ Telegram start: the web body names this page's callback, the native body names none, and only Telegram's own URL is followed (0.408042ms)
✔ the landing signs in: body exactly {state, code}, the login projection reused verbatim, is_new_user carried (0.229916ms)
✔ a callback nobody here asked for is refused before any request — the whole defence against a delivered pair (0.103125ms)
✔ one login, one landing: the second delivery of the same callback is refused without spending a request (0.13125ms)
✔ the two carriers land the same callback: an object from the native shim, this page’s fragment on the web (0.379708ms)
✔ a fragment that is not exactly a callback is not one: no mark, a repeated key, a bad escape, a route (0.3165ms)
✔ the provider said no: error=access_denied is its own state and sends nothing (0.0595ms)
✔ every completion failure the server can answer is a named state, and each one restarts the login (0.891959ms)
✔ a 2xx that is not a login does not sign anyone in (0.283375ms)
✔ conversation history is authenticated GET with no selector/body, refreshes once, and strips action authority (0.515875ms)
✔ every request of this suite went to an approved URL, and all approved URLs were exercised (0.04375ms)
✔ a fresh login over an active session clears its timeline and rejects a delayed previous history, even with identical display names (14.890084ms)
✔ only admitted personal child opens; closing/sign-out/expiry invalidation drops form and ignores late reads (0.679375ms)
✔ selection invalidates preview, unknown choices cannot alter it, confirmation requires a fresh preview (1.027458ms)
✔ double confirmation sends exact frozen selection once; only same canonical selection SUCCEEDED confirms (0.468291ms)
✔ unrelated success cannot confirm UNKNOWN; refresh and recreated runtime never dispatch (0.313ms)
✔ revocation at preview prevents create; a pending older result blocks new booking even outside page (0.163125ms)
✔ wire projection rejects malformed pending/result states and strips private preview extras (7.532959ms)
✔ fixed personal wire adds literal header only on personal routes, encodes query and drops identity fields (8.913667ms)
✔ forbidden at result read clears prior private facts even after exact succeeded (0.128625ms)
✔ initial state: the conversation is open, the primary route is shell.root, nothing is fullscreen (0.547ms)
✔ pure transitions: only the five base routes are primary; one detail at a time; closing always works (0.171667ms)
✔ no route key or URL opens a fullscreen: the module has no key-based opener (0.321584ms)
✔ PROGRESS → OPEN → close: one history entry for the current address, popped once; the opener is kept for focus return (0.205625ms)
✔ Back closes the detail without popping another entry; Esc/Close pops the entry it pushed (0.077125ms)
✔ closeProgress closes only a PROGRESS detail for that item; navigate closes any detail (P-06: the conversation is one action away) (0.078875ms)
✔ presentDetail refuses without a source, without a timeline opener, and when the source refuses (0.064625ms)
✔ sign-out closes the detail and returns to the root route (0.101875ms)
✔ signed out, the primary route stays the root (SH-04); a route landed while signed out applies at sign-in (0.085375ms)
✔ the runtime: one widget port for the DOM, a real detail at SHEET density, and the fragment landed without a request (11.58775ms)
✔ P-B4: a successful chat resolution reaches the existing H7/vault/renderer path without a second transport (1.045334ms)
✔ login restores only bounded booking terminal prose through the existing reader, without widget activation (0.477125ms)
✔ personal receiver survives normal detail redraw and is removed by frozen/expired result (0.092ms)
✔ personal child expiring during preparation never mounts a receiver (0.037458ms)
ℹ tests 166
ℹ suites 0
ℹ pass 166
ℹ fail 0
ℹ cancelled 0
ℹ skipped 0
ℹ todo 0
ℹ duration_ms 7791.754166
