PASS src/crm/crm.service.spec.ts
[Nest] 76443  - 10/09/2026, 6:51:23 PM    WARN [CrmService] CRM preview failed provider=yclients operation=connection_check status=unknown
[Nest] 76443  - 10/09/2026, 6:51:23 PM    WARN [CrmService] CRM connection failed provider=yclients code=crm_credentials_rejected detail=401 token
[Nest] 76443  - 10/09/2026, 6:51:23 PM    WARN [CrmService] CRM connection failed provider=yclients code=crm_platform_configuration_error detail=YCLIENTS_PARTNER_TOKEN is not configured
[Nest] 76443  - 10/09/2026, 6:51:23 PM    WARN [CrmService] CRM team access synchronization deferred tenant=tenant-1: unavailable
PASS src/crm/adapters/yclients-company-profile-source.spec.ts
PASS src/ai-tools/ai-core.service.spec.ts
PASS src/crm/crm.company-profile-source.spec.ts
PASS src/ai-tools/ai-core.public-company.spec.ts
PASS src/crm/adapters/yclients-crm.adapter.spec.ts
PASS src/ai-tools/ai-tool-handler.service.spec.ts
PASS src/ai-tools/ai-tool-runtime.service.spec.ts
PASS src/ai-tools/ai-core.employee-journal.spec.ts
PASS src/ai-tools/ai-core.employee-schedule.spec.ts
PASS src/ai-tools/public-consultation-presentation.spec.ts

Test Suites: 11 passed, 11 total
Tests:       838 passed, 838 total
Snapshots:   0 total
Time:        2.598 s, estimated 3 s
Ran all test suites within paths "src/ai-tools/ai-core.public-company.spec.ts", "src/ai-tools/ai-tool-handler.service.spec.ts", "src/ai-tools/ai-tool-runtime.service.spec.ts", "src/ai-tools/public-consultation-presentation.spec.ts", "src/crm/crm.company-profile-source.spec.ts", "src/crm/adapters/yclients-company-profile-source.spec.ts", "src/ai-tools/ai-core.service.spec.ts", "src/ai-tools/ai-core.employee-journal.spec.ts", "src/ai-tools/ai-core.employee-schedule.spec.ts", "src/crm/crm.service.spec.ts", "src/crm/adapters/yclients-crm.adapter.spec.ts".
Test results written to: ../../../../../../../../private/tmp/maya-public-company-final-20261009-unit.json
