widgets-live: proof database maya_widget_gate_proof_bookingconfirmation_3d6a5a89cc35 on 127.0.0.1:62048 (local)
[31m[Nest] 53348  - [39m10/07/2026, 12:05:37 AM [31m  ERROR[39m [38;5;3m[CrmAdapterFactory] [39m[31mYCLIENTS_PARTNER_TOKEN не задан: подключение YClients и Altegio будет отклоняться для ВСЕХ салонов. Внутренний календарь при этом работает.[39m
[31m[Nest] 53348  - [39m10/07/2026, 12:05:37 AM [31m  ERROR[39m [38;5;3m[CrmAdapterFactory] [39m[31mYCLIENTS_PARTNER_TOKEN не задан: подключение YClients и Altegio будет отклоняться для ВСЕХ салонов. Внутренний календарь при этом работает.[39m
FAIL test/widgets-live/booking-confirmation-react.probe-spec.ts (77.941 s)
  Current React canonical booking confirmation [SCRIPTED MODEL / SYNTHETIC A18 / OWN LOCAL PROVIDER]
    ✕ shows current names before explicit COMMIT; success once, revoked link refused, natural UNKNOWN persists on reload (77093 ms)

  ● Current React canonical booking confirmation [SCRIPTED MODEL / SYNTHETIC A18 / OWN LOCAL PROVIDER] › shows current names before explicit COMMIT; success once, revoked link refused, natural UNKNOWN persists on reload

    Browser 1: The expression evaluated to a falsy value:

      assert.ok(await page.waitFor(`document.body.innerText.includes(${JSON.stringify(expectedText)})`))

      433 |             : code === 0
      434 |               ? resolve()
    > 435 |               : reject(new Error(`Browser ${code}: ${stderr.slice(-2000)}`)),
          |                        ^
      436 |         );
      437 |       });
      438 |     });

      at widgets-live/booking-confirmation-react.probe-spec.ts:435:24

Test Suites: 1 failed, 1 total
Tests:       1 failed, 1 total
Snapshots:   0 total
Time:        77.957 s
Ran all test suites within paths "test/widgets-live/booking-confirmation-react.probe-spec.ts".
Test results written to: ../../../../../../../../tmp/maya-booking-confirmation-http-react-20261006-r5/browser-jest.json
