widgets-live: proof database maya_widget_gate_proof_personalowner_ff117eaba6b8 on 127.0.0.1:63245 (local)
[31m[Nest] 26280  - [39m10/07/2026, 2:17:20 AM [31m  ERROR[39m [38;5;3m[CrmAdapterFactory] [39m[31mYCLIENTS_PARTNER_TOKEN не задан: подключение YClients и Altegio будет отклоняться для ВСЕХ салонов. Внутренний календарь при этом работает.[39m
[31m[Nest] 26280  - [39m10/07/2026, 2:17:20 AM [31m  ERROR[39m [38;5;3m[CrmAdapterFactory] [39m[31mYCLIENTS_PARTNER_TOKEN не задан: подключение YClients и Altegio будет отклоняться для ВСЕХ салонов. Внутренний календарь при этом работает.[39m
(node:26280) DeprecationWarning: Calling client.query() when the client is already executing a query is deprecated and will be removed in pg@9.0. Use async/await or an external async flow control mechanism instead.
(Use `node --trace-deprecation ...` to show where the warning was created)
FAIL test/widgets-live/personal-owner-react.probe-spec.ts (17.423 s)
  Owner personal booking HTTP/read/restart [SYNTHETIC IDENTITY / SERIALIZED SCRIPTED MODEL / OWN PROVIDER]
    ✕ current owner React form confirms canonical success, revokes safely, and never redispatches UNKNOWN after actual app/PG restart (16196 ms)

  ● Owner personal booking HTTP/read/restart [SYNTHETIC IDENTITY / SERIALIZED SCRIPTED MODEL / OWN PROVIDER] › current owner React form confirms canonical success, revokes safely, and never redispatches UNKNOWN after actual app/PG restart

    Personal owner browser failed: Timed out: live availability

      578 |           if (failure) reject(failure);
      579 |           else if (code !== 0)
    > 580 |             reject(new Error('Personal owner browser failed: ' + stderr));
          |                    ^
      581 |           else resolve();
      582 |         }, reject);
      583 |       });

      at widgets-live/personal-owner-react.probe-spec.ts:580:20

Test Suites: 1 failed, 1 total
Tests:       1 failed, 1 total
Snapshots:   0 total
Time:        17.439 s, estimated 77 s
Ran all test suites within paths "test/widgets-live/personal-owner-react.probe-spec.ts".
Test results written to: ../../../../../../../../tmp/maya-empty-owner-react-20261007-r1/prepare-jest.json
