widgets-live: proof database maya_widget_gate_proof_bireact_599216416624 on 127.0.0.1:65268 (local)
[31m[Nest] 17705  - [39m10/07/2026, 5:06:06 AM [31m  ERROR[39m [38;5;3m[CrmAdapterFactory] [39m[31mYCLIENTS_PARTNER_TOKEN не задан: подключение YClients и Altegio будет отклоняться для ВСЕХ салонов. Внутренний календарь при этом работает.[39m
[31m[Nest] 17705  - [39m10/07/2026, 5:06:06 AM [31m  ERROR[39m [38;5;3m[CrmAdapterFactory] [39m[31mYCLIENTS_PARTNER_TOKEN не задан: подключение YClients и Altegio будет отклоняться для ВСЕХ салонов. Внутренний календарь при этом работает.[39m
FAIL test/widgets-live/bi-owner-react.probe-spec.ts (56.15 s)
  BI published snapshot current React [synthetic facts, actual HTTP and PG restart]
    ✕ restores history and exact-version replay, selects a newer report only for a new explicit UI request (55400 ms)

  ● BI published snapshot current React [synthetic facts, actual HTTP and PG restart] › restores history and exact-version replay, selects a newer report only for a new explicit UI request

    BI browser failed: Persisted factual response restored after process/database restart

      358 |               ? reject(failure)
      359 |               : code !== 0
    > 360 |                 ? reject(new Error('BI browser failed: ' + stderr))
          |                          ^
      361 |                 : resolve(),
      362 |           reject,
      363 |         );

      at widgets-live/bi-owner-react.probe-spec.ts:360:26

Test Suites: 1 failed, 1 total
Tests:       1 failed, 1 total
Snapshots:   0 total
Time:        56.166 s, estimated 82 s
Ran all test suites within paths "test/widgets-live/bi-owner-react.probe-spec.ts".
Test results written to: ../../../../../../../../tmp/maya-bi-react-20261007-r1/resume-jest.json
