widgets-live: proof database maya_widget_gate_proof_c9occ_a229277bef62 on 127.0.0.1:61794 (local)
FAIL test/widgets-live/crm-a17-operation-restart.probe-spec.ts
  A17 exact configuration and persisted operation recovery through actual HTTP/PG restart
    ✕ pins versions, loses committed responses, and restores only existing A17 outcomes after actual restart

  ● A17 exact configuration and persisted operation recovery through actual HTTP/PG restart › pins versions, loses committed responses, and restores only existing A17 outcomes after actual restart

    A circular dependency has been detected inside ActionEngineModule. Please, make sure that each side of a bidirectional relationships are decorated with "forwardRef()". Note that circular relationships between custom providers (e.g., factories) are not supported since functions cannot be called more than once.

      202 | export async function bootFixtureContext(): Promise<FixtureContext> {
      203 |   assertProofDatabase(process.env);
    > 204 |   const moduleRef = await Test.createTestingModule({
          |                     ^
      205 |     imports: [
      206 |       harnessConfig(),
      207 |       PrismaModule,

      at NestContainer.addProvider (../../../maya-development-integration/maya-saas-backend/node_modules/@nestjs/core/injector/container.js:160:19)
      at DependenciesScanner.insertProvider (../../../maya-development-integration/maya-saas-backend/node_modules/@nestjs/core/scanner.js:238:35)
      at ../../../maya-development-integration/maya-saas-backend/node_modules/@nestjs/core/scanner.js:127:18
          at Array.forEach (<anonymous>)
      at DependenciesScanner.reflectProviders (../../../maya-development-integration/maya-saas-backend/node_modules/@nestjs/core/scanner.js:126:19)
      at DependenciesScanner.scanModulesForDependencies (../../../maya-development-integration/maya-saas-backend/node_modules/@nestjs/core/scanner.js:107:18)
      at DependenciesScanner.scan (../../../maya-development-integration/maya-saas-backend/node_modules/@nestjs/core/scanner.js:32:9)
      at TestingModuleBuilder.compile (../../../maya-development-integration/maya-saas-backend/node_modules/@nestjs/testing/testing-module.builder.js:70:9)
      at bootFixtureContext (widgets-live/support/bootstrap.ts:204:21)
      at Object.<anonymous> (widgets-live/crm-a17-operation-restart.probe-spec.ts:134:10)

Test Suites: 1 failed, 1 total
Tests:       1 failed, 1 total
Snapshots:   0 total
Time:        1.034 s, estimated 2 s
Ran all test suites within paths "test/widgets-live/crm-a17-operation-restart.probe-spec.ts".
Test results written to: ../../../../../../../../private/tmp/maya-a17-same-id-20261010-01/prepare-jest.json
