widgets-live: proof database maya_widget_gate_proof_bookingconfirmation_c9b0f0ec4599 on 127.0.0.1:62623 (local)
[31m[Nest] 55037  - [39m10/07/2026, 12:08:12 AM [31m  ERROR[39m [38;5;3m[CrmAdapterFactory] [39m[31mYCLIENTS_PARTNER_TOKEN не задан: подключение YClients и Altegio будет отклоняться для ВСЕХ салонов. Внутренний календарь при этом работает.[39m
[31m[Nest] 55037  - [39m10/07/2026, 12:08:13 AM [31m  ERROR[39m [38;5;3m[CrmAdapterFactory] [39m[31mYCLIENTS_PARTNER_TOKEN не задан: подключение YClients и Altegio будет отклоняться для ВСЕХ салонов. Внутренний календарь при этом работает.[39m
FAIL test/widgets-live/booking-confirmation-react.probe-spec.ts (77.889 s)
  Current React canonical booking confirmation [SCRIPTED MODEL / SYNTHETIC A18 / OWN LOCAL PROVIDER]
    ✕ shows current names before explicit COMMIT; success once, revoked link refused, natural UNKNOWN persists on reload (77086 ms)

  ● Current React canonical booking confirmation [SCRIPTED MODEL / SYNTHETIC A18 / OWN LOCAL PROVIDER] › shows current names before explicit COMMIT; success once, revoked link refused, natural UNKNOWN persists on reload

    Browser 1: success: restored terminal text must be visible

      433 |             : code === 0
      434 |               ? resolve()
    > 435 |               : reject(new Error(`Browser ${code}: ${stderr.slice(-2000)}`)),
          |                        ^
      436 |         );
      437 |       });
      438 |     });

      at widgets-live/booking-confirmation-react.probe-spec.ts:435:24

Test Suites: 1 failed, 1 total
Tests:       1 failed, 1 total
Snapshots:   0 total
Time:        77.906 s, estimated 78 s
Ran all test suites within paths "test/widgets-live/booking-confirmation-react.probe-spec.ts".
Test results written to: ../../../../../../../../tmp/maya-booking-confirmation-http-react-20261006-r6/browser-jest.json
