✔ finite projections preserve exact decimals and strip source authority; malformed and drift refuse (1.82075ms)
✔ certified approval with assistant correlation passes; wrong kind/capability and contradictory status refuse (0.851666ms)
✔ multipart uses one fixed photo name, no manual boundary or original filename; default parser unavailable is explicit (9.776417ms)
✔ JSON DTOs stay closed, preserve current conversation and witness, and invalid input makes no request (0.936666ms)
✔ review loss or malformed success stays unknown with no resend; 401 refresh is bounded (0.446542ms)
✔ preview recognizes only exact OCR message and HTTP status pairs, with one request and no retry (1.620458ms)
✔ OCR error names do not reclassify source reads or uncertain proposal preparation (1.255417ms)
✔ preview error classification does not invoke message accessors or inherit a message (0.13025ms)
✔ preview adds no chat and performs no lookup; explicit item selection keeps all review fields blank (3.570291ms)
✔ exact correction prepares one version, sends canonical owner resolution, and only explicit changed draft advances (1.191125ms)
✔ response loss blocks every repeat/edit path; held and completed are terminal (0.954916ms)
✔ single photo flight locks chat; close aborts request and suppresses late result (0.335791ms)
✔ privacy epoch and signout erase fields, abort detail and never resurrect a late canonical turn (0.913541ms)
✔ source refusal preserves original witness and does not perform automatic lookup/review (0.272417ms)
✔ absent transport is honestly unavailable without fabricated transcript (0.18375ms)
✔ canonical operation refuses foreign conversation and duplicate canonical turns do not reanimate widgets (0.326167ms)
✔ restored completed canonical review remains display-only on explicit stable replay (0.362958ms)
✔ successful busy-to-idle publication cannot resurrect fields after a synchronous subscriber reset (0.7345ms)
✔ reset queued between operation settlement and caller continuation cannot reapply the response (0.328042ms)
✔ reset during initial search/detail publication prevents dispatch from the closed form (0.241083ms)
✔ conversation subscriber erasure/signout before attachment dispatch makes no transport call (0.227917ms)
ℹ tests 21
ℹ suites 0
ℹ pass 21
ℹ fail 0
ℹ cancelled 0
ℹ skipped 0
ℹ todo 0
ℹ duration_ms 80.317
