widgets-live: proof database maya_widget_gate_proof_employeejournal_0f383e9ad71c on 127.0.0.1:64659 (local)
[33m[Nest] 49722  - [39m10/09/2026, 3:14:08 PM [33m   WARN[39m [38;5;3m[YclientsCRMAdapter] [39m[33mgetJournal: record fetch truncated (page_limit_reached) after 2 pages; absence conclusions are not allowed[39m
[33m[Nest] 49722  - [39m10/09/2026, 3:14:08 PM [33m   WARN[39m [38;5;3m[AppointmentPeriodReader] [39m[33mjournal read for 2026-10-10T10:00:00.000Z..2026-10-11T09:59:59.999Z is truncated (page_limit_reached); absence conclusions are not allowed[39m
FAIL test/widgets-live/employee-journal-read-restart.probe-spec.ts
  employee journal actual HTTP/auth/CI/C9/native READ [SCRIPTED MODEL, SYNTHETIC CRM]
    ✕ qualifies only actual scoped READ results, survives restart, and refuses source/authority drift (1985 ms)

  ● employee journal actual HTTP/auth/CI/C9/native READ [SCRIPTED MODEL, SYNTHETIC CRM] › qualifies only actual scoped READ results, survives restart, and refuses source/authority drift

    expect(received).toBe(expected) // Object.is equality

    Expected: "not_required"
    Received: "blocked"

      648 |     expect(conversation.body.action).toBeNull();
      649 |     expect(conversation.body.tools_used).toEqual([]);
    > 650 |     expect(object(conversation.body.grounding).status).toBe('not_required');
          |                                                        ^
      651 |     // This is explicitly scripted model prose, not server-authored or language acceptance.
      652 |     expect(conversation.body.reply).toBe(SCRIPTED_DENIAL);
      653 |     expect(conversation.body.resolution).toBeUndefined();

      at roleRefusal (widgets-live/employee-journal-read-restart.probe-spec.ts:650:56)
      at Object.<anonymous> (widgets-live/employee-journal-read-restart.probe-spec.ts:985:7)

Test Suites: 1 failed, 1 total
Tests:       1 failed, 1 total
Snapshots:   0 total
Time:        2.955 s, estimated 3 s
Ran all test suites within paths "test/widgets-live/employee-journal-read-restart.probe-spec.ts".
Test results written to: ../../../../../../../../private/tmp/maya-employee-journal-http-20261009-r3/prepare-jest.json
