✔ receipt restoration uses one bounded read and discards a late old-session result (2.956708ms)
✔ receipt forbidden does not create authority or block restored text chat (1.056291ms)
✔ receipt no_connection does not create authority or block restored text chat (0.467542ms)
✔ receipt server_error does not create authority or block restored text chat (0.73175ms)
✔ receipt tenant_unbound cannot publish unbound text or strand the composer (0.716458ms)
✔ receipt reader_rejects cannot publish unbound text or strand the composer (0.421125ms)
✔ receipt reader_throws cannot publish unbound text or strand the composer (0.811833ms)
✔ receipt sink_throws cannot publish unbound text or strand the composer (0.55ms)
✔ an older server missing the additive history route remains usable with a visible limitation (0.607291ms)
✔ server continuation waits before send, restores text only, excludes unfinished work from context (1.216916ms)
✔ logout aborts restoration; an old session result never enters the next conversation (0.483667ms)
✔ history failure is visible; next send retries only the read and keeps the draft until context is restored (0.859875ms)
✔ submitUserTurn is the sole path: only it (and retry of its own turn) calls Transport.chat (2.766459ms)
✔ typed and spoken turns are byte-identical on the wire; the modality stays on the item (0.085167ms)
✔ the user text: NFC and trimmed, 1..2000 units, refused visibly and never truncated; one turn in flight (0.700167ms)
✔ D6: after the 3 500-unit reply fixture every history item is ≤ 2000, the pair is not split, and the next turns are accepted (0.450208ms)
✔ history: only sent user turns and real replies, the last 11 plus the new message (DTO 1..12) (0.933ms)
✔ same-requestId retry only after 429 / 502 / network / abort / 503 — never after 409 or an unknown outcome (0.931208ms)
✔ 409 is terminal for its id; an older failed turn loses its same-id retry once the conversation moves on (0.220417ms)
✔ approval_required: the reply, then the approval_not_here notice; the next turn carries the reply and never the notice (0.265ms)
✔ 402 / 403 / tenant_required / 400: a conversation notice, the composer state, and none of it in history (0.574791ms)
✔ sign-out empties the timeline and aborts the turn in flight; nothing crosses into the next session (0.252209ms)
✔ display cap: 200 items on screen, older ones dropped and disclosed, never silently (4.589209ms)
✔ subscribers see every state change, in order, and can unsubscribe (0.206792ms)
✔ over the real net client: the long reply and the approval shape end in DTO-valid next turns (fetch replaced) (15.331083ms)
✔ TURN-ID carries only the server conversation reference, preserves retry identity, and clears it on logout (0.640541ms)
✔ entry/index.html: meta CSP without frame-ancestors (D10), data: favicon, digest placeholder, no inline script (1.015459ms)
✔ entry/main.ts: `document` on exactly one code line — the one host acquisition — and the closed tag set equals dom-port.ts DomTag (0.417959ms)
✔ entry/styles.css: tokens, forced colours, reduced motion, 44 px targets, nothing external (0.2135ms)
✔ entry/styles.css: the document refuses overscroll and EVERY scroll container contains it — a pull-to-refresh reload would end the memory-only session (A6) (1.421958ms)
✔ entry/styles.css: the four device insets are read once, and every surface with no .app-shell above it pads from them — IN EVERY at-rule context (2.229458ms)
✔ entry/styles.css: the nav keeps its home-indicator inset because a media block can only change the row token, not the inset (0.336792ms)
✔ entry/styles.css: the conversation column cannot spill out of the fixed-height shell, and the hint is what gives way (0.405416ms)
✔ entry/styles.css + entry/main.ts: what must fit above the on-screen keyboard is sized from the visible height, never from vh (0.582084ms)
✔ entry/styles.css: the fullscreen BODY scrolls, not the <dialog>, and the flex display is scoped to [open] (0.328917ms)
✔ the only href write in src/** is renderReplyLink in dom/timeline.ts (N-3, V2-15) (2.3435ms)
✔ signed out: the root screen is the sign-in state — no composer, no nav, no route, 0 chat requests (2.135292ms)
✔ the business handle comes from the finder, never from a person: password sign-in carries it and no field asks for it (V2-6) (5.461959ms)
✔ «Продолжить с Telegram» hands off the chosen business, and appears only once one is chosen (1.334625ms)
✔ the finder names every outcome: nothing found, too short, no connection — each a sentence and a focused control (2.170209ms)
✔ every sign-in failure is a named state: sentence, focus on a control, no role="alert"; silent login outcomes = 0 (V2-16) (6.8645ms)
✔ the unknown business: /auth/login 404 «Tenant not found», 401 and 403 end in the same «never says which» state (real createNet) (8.723417ms)
✔ session-not-active 401 (a bearer after logout or revocation): one refresh, then the named signed-out state — end to end on the real net (6.149833ms)
✔ rate limit: the countdown decreases, the submitting control is held until it ends, attempts meanwhile send nothing (1.523959ms)
✔ the first run through the app: the root screen finds a business by name and address, then hands off — the handle is never shown (1.062833ms)
✔ after sign-in the root is the signed-in app: identity, a focused composer, and the sign-in state gone (1.465708ms)
✔ the landing is visible: it says it is finishing, and every way it can fail is a sentence on a control (1.552959ms)
✔ a session that ends shows the signed-out state with its reason and focus on its heading; nothing typed survives (0.81875ms)
✔ typed turn: bubble before the reply, one role=status while pending, polite log, focus stays in the composer, text cleared once sent (1.426ms)
✔ approval_required (SH-06): the reply, then the exact notice — no control, link or route, not role="alert", never history (1.19ms)
✔ failures: 502 retry on the same id; 429 counts down, then retry; 409 has no retry and keeps the text; 402 disables the composer with a reason (1.96375ms)
✔ every notice kind draws its own sentence, exactly, with no control but tenant_required’s «Выйти» and never role="alert" (1.840458ms)
✔ the real paths end in their notices: 403 feature_locked, 402 and 400 on a turn; #r=fs.* refused and #r=w unavailable at load, with 0 requests (3.709417ms)
✔ tenant_required (§1.4 row 11): the named signed-in state with «Выйти», composer disabled with the reason (1.023667ms)
✔ reply links: only https:, tel: and mailto: become anchors with rel="noopener noreferrer"; javascript: and data: stay text (4.403458ms)
✔ nav: exactly five buttons with the registry labels and aria-current; Tab order composer → Отправить → mic → nav (0.441791ms)
✔ routes: a base route draws its chrome with the escape back; account hosts «Выйти»; back returns focus to the composer (1.038625ms)
✔ every fixture drawn through the shell: DOM interactive order == reading order, names byte-equal, 0 secret bytes, closed tags, no role="alert" (39.103333ms)
✔ per-kind focus (D7): heading for BOOKING_CONFIRMATION, CONSENT_STATE, PAYMENT_HANDOFF; first refused field for FORM; none for the others (3.989792ms)
✔ in-place successor keeps position and takes heading focus when its row says so; a local NONE dismiss focuses the collapsed headline (1.10075ms)
✔ the NONE escape through the real shell: 0 requests, the item collapses, focus on its headline (0.767959ms)
✔ live regions (D7): LIMITATION blocking assertive, non-blocking polite; PROGRESS announces at most once per 5 s; never role="alert" (2.101167ms)
✔ A-17: CLIENT_LIST table — caption, column headers, row headers, in-row buttons, no row click handler (0.58725ms)
✔ drawResult never composes a name: every aria-label is a sealed accessible name or the result label (23.411833ms)
✔ fullscreen: PROGRESS opens one modal dialog with focus inside; Tab cycles inside; Esc asks the shell to close; focus returns to the opener (0.876792ms)
✔ the real shell: NAVIGATE(detail) opens PROGRESS in the dialog, the P1 binding closes it, focus returns to the opener, the item carries a sentence, history balanced (2.312791ms)
✔ I-SRC-1 NAVIGATE DOM: accepted detail keeps one dialog; Escape returns focus to the original timeline control (3.522583ms)
✔ I-SRC-1 NAVIGATE DOM: accepted detail keeps one dialog; closeDetail returns focus to the original timeline control (1.942ms)
✔ I-SRC-1 NAVIGATE DOM: accepted detail keeps one dialog; Back returns focus to the original timeline control (1.70525ms)
✔ the vault: tokens by item and intent ref; lookups only, no enumeration; drop and clear (1.002833ms)
✔ FBE2E-1: live submission uses only widget intent/resolve and returns the authorized successor or receipt line (0.454041ms)
✔ FBE2E-1: a drawn selector can submit only one server-declared option/ref value (0.17675ms)
✔ FBE2E-1/3: successor replaces the selector and only a server terminal receipt enters conversation (12.529917ms)
✔ ingest: H7 on the full envelope for all 40 fixtures; display follows the lifecycle and on_expiry quietly (15.877125ms)
✔ L7 replace in place: the successor takes the predecessor's position and item id; P-25: a repeated widget_id renders once (2.005875ms)
✔ a late outcome for a replaced emission draws nothing on its successor (4.237041ms)
✔ F60: a NONE escape dismisses locally — 0 transport calls, 0 submissions — and nothing else stays activatable (5.486041ms)
✔ D9: every drawn control of every live fixture ends in a state change or a sentence — silent outcomes 0, requests 0 (38.811625ms)
ℹ activations 129: submitted 73, dismissed 11, sentence without a submission 45
✔ the submission is the contract WidgetIntentSubmission: exact members, the vault token, nothing else (0.545042ms)
✔ the submission literal is checked against the closed contract type: an extra member does not compile (3693.852042ms)
✔ outcomes: each SubmissionOutcome and a rejection end in a neutral sentence; one activation in flight per item (2.903583ms)
✔ NAVIGATE(detail): PROGRESS while the submission runs; the P1 binding closes it, returns to the opener and leaves a sentence (0.478084ms)
✔ R3.3.4 / R7-E3: a detail opens only for the envelope's own fullscreen_detail key, only for the nine fs.* keys, never from inside a detail (4.442958ms)
✔ shell targets: a class-s route resolves through the registry before anything is sent; the route switch waits for an outcome (3.978666ms)
✔ expiry on screen follows on_expiry quietly; a collapsed item gives up its tokens (1.0865ms)
✔ an environment change redraws every item; sign-out releases every item and token (0.823959ms)
✔ the display cap releases a dropped item's tokens but keeps P-25: the same emission redelivered still renders once (0.421ms)
✔ intentRefFor: an action names its intent; a choice names the intent it selects; anything else names none (0.195417ms)
✔ I-SRC-1 — activating the SCHEDULE entry reaches the submission boundary (0.2645ms)
✔ I-SRC-1 — a ref the server did not map to an intent is REFUSED, and never sent (0.267584ms)
✔ I-SRC-1 — a ref outside the sealed reading order is REFUSED before anything else (0.209417ms)
✔ I-SRC-1 — the fix did not make a schema-bearing intent accept an entry ref (0.279458ms)
✔ I-SRC-1 NAVIGATE: live fs.calendar response resolves PROGRESS to fullscreen, without a timeline insertion or history bounce (0.758875ms)
✔ I-SRC-1 NAVIGATE: undeclared route is route_refused before transport (0.377125ms)
✔ I-SRC-1 NAVIGATE: forged route is route_refused before transport (0.341875ms)
✔ I-SRC-1 NAVIGATE: unknown route is route_refused before transport (0.332833ms)
✔ I-SRC-1 NAVIGATE: substituted parent is refused without fullscreen or timeline pollution (0.367667ms)
✔ I-SRC-1 NAVIGATE: missing parent is refused without fullscreen or timeline pollution (0.3375ms)
✔ I-SRC-1 NAVIGATE: same widget is refused without fullscreen or timeline pollution (0.343958ms)
✔ I-SRC-1 NAVIGATE: wrong tenant is refused without fullscreen or timeline pollution (0.33975ms)
✔ I-SRC-1 NAVIGATE: wrong principal is refused without fullscreen or timeline pollution (0.344167ms)
✔ I-SRC-1 NAVIGATE: wrong turn is refused without fullscreen or timeline pollution (0.335375ms)
✔ I-SRC-1 NAVIGATE: wrong profile is refused without fullscreen or timeline pollution (0.331417ms)
✔ I-SRC-1 NAVIGATE: wrong profile version is refused without fullscreen or timeline pollution (0.3365ms)
✔ I-SRC-1 NAVIGATE: substituted route is refused without fullscreen or timeline pollution (0.341459ms)
✔ I-SRC-1 NAVIGATE: missing returned route is refused without fullscreen or timeline pollution (0.335542ms)
✔ I-SRC-1 NAVIGATE: tampered detail is refused without fullscreen or timeline pollution (0.404416ms)
✔ I-SRC-1 NAVIGATE: expired detail is refused without fullscreen or timeline pollution (0.498667ms)
✔ I-SRC-1 NAVIGATE: terminal detail is refused without fullscreen or timeline pollution (0.472584ms)
✔ I-SRC-1 NAVIGATE: canonical server widget_principal_mismatch refusal never opens a detail (0.310209ms)
✔ I-SRC-1 NAVIGATE: canonical server tenant_mismatch refusal never opens a detail (0.254584ms)
✔ I-SRC-1 NAVIGATE: close while pending prevents a late response from taking chrome ownership (0.446791ms)
✔ I-SRC-1 NAVIGATE: back while pending prevents a late response from taking chrome ownership (0.41ms)
✔ I-SRC-1 NAVIGATE: navigate while pending prevents a late response from taking chrome ownership (0.406167ms)
✔ I-SRC-1 NAVIGATE: sign-out while pending prevents a late response from taking chrome ownership (0.26625ms)
✔ I-SRC-1 NAVIGATE: another-detail while pending prevents a late response from taking chrome ownership (0.590125ms)
✔ I-SRC-1 NAVIGATE: ordinary non-detail advanced response keeps timeline semantics even with fs.calendar in its payload (0.450959ms)
✔ I-SRC-1 NAVIGATE: refused principal even with an attached envelope cannot open fullscreen (0.282708ms)
✔ I-SRC-1 NAVIGATE: refused tenant even with an attached envelope cannot open fullscreen (0.267208ms)
✔ I-SRC-1 NAVIGATE: missing acceptance cannot open fullscreen (0.267625ms)
✔ I-SRC-1 NAVIGATE: verification required cannot open fullscreen (0.253334ms)
✔ I-SRC-1 NAVIGATE: expired successor cannot open fullscreen (0.25375ms)
✔ NS-1: parent → detail → parent, where the parent on the timeline is the server-returned `resolved_widget` (1.182834ms)
✔ NS-1: a return with no `resolved_widget` fails closed — nothing is reconstructed and no parent is restored (0.82725ms)
✔ NS-1: substituted parent widget is refused, with the detail closed and no parent restored (0.72925ms)
✔ NS-1: the detail itself returned as its own parent is refused, with the detail closed and no parent restored (0.7025ms)
✔ NS-1: wrong tenant is refused, with the detail closed and no parent restored (1.921833ms)
✔ NS-1: wrong principal is refused, with the detail closed and no parent restored (0.818417ms)
✔ NS-1: wrong turn is refused, with the detail closed and no parent restored (0.754416ms)
✔ NS-1: wrong profile is refused, with the detail closed and no parent restored (0.707875ms)
✔ NS-1: wrong profile version is refused, with the detail closed and no parent restored (0.700208ms)
✔ NS-1: tampered parent body is refused, with the detail closed and no parent restored (0.850458ms)
✔ NS-1: stale parent: expired is refused, with the detail closed and no parent restored (0.837542ms)
✔ NS-1: stale parent: superseded is refused, with the detail closed and no parent restored (0.859875ms)
✔ NS-1: stale parent: consumed is refused, with the detail closed and no parent restored (0.806584ms)
✔ NS-1: a parent return is admitted only from an open detail, and only for a NAVIGATE to a re-resolved widget (1.282958ms)
✔ NS-1: ordinary ACCEPTED responses are unchanged — the reread still settles, and a successor still advances (1.763084ms)
✔ historical booking outcomes share live receipt dedupe without holding controls or tokens (0.542959ms)
✔ L27: COMMIT → CONFIRMED → Dismiss leaves one business effect, one receipt and ONE visible terminal outcome (0.338333ms)
✔ L27: repeated Dismiss keeps the visible terminal outcome at one, however many times it is pressed (0.326709ms)
✔ L27: two genuinely different terminal outcomes both remain representable (1.030875ms)
✔ L27: identity is the canonical reference, never the sentence — in BOTH directions (0.708209ms)
✔ L27: an ordinary assistant message and a terminal outcome never deduplicate each other, in either order (3.825625ms)
✔ L27: UNKNOWN → reconciliation → CONFIRMED keeps the later canonical transition visible (0.375583ms)
✔ L27: retry and refusal paths are unchanged (1.529166ms)
✔ L27: a successor emission carrying its predecessor's confirmation states it once (0.56875ms)
✔ L27: the record survives the display cap, on the path where that is reachable (0.847208ms)
✔ L27: one canonical receipt is stated once ACROSS widgets, even after the first statement is evicted (0.778375ms)
✔ L27: a cleared conversation starts again (0.363208ms)
✔ L27: a settled submission whose thread page failed loses nothing — the next one writes the outcome (0.292208ms)
✔ L27: two identical lines inside ONE response are one outcome, and two different ones are two (1.03475ms)
✔ L27: a reference identifies an outcome only on the line class the contract gives it to (0.38225ms)
✔ L25: tap alone never observes rendering; explicit mounted callback is bounded, idempotent and gates selector REFINE (1.08375ms)
✔ L25: refused render evidence never opens selector submission and can be retried only after a new mounted observation (0.364709ms)
✔ schedule owner failure reads its canonical terminal line without treating it as authority denial (0.1665ms)
✔ initial state: the conversation is open, the primary route is shell.root, nothing is fullscreen (0.608458ms)
✔ pure transitions: only the five base routes are primary; one detail at a time; closing always works (0.181542ms)
✔ no route key or URL opens a fullscreen: the module has no key-based opener (0.373292ms)
✔ PROGRESS → OPEN → close: one history entry for the current address, popped once; the opener is kept for focus return (0.211792ms)
✔ Back closes the detail without popping another entry; Esc/Close pops the entry it pushed (0.076083ms)
✔ closeProgress closes only a PROGRESS detail for that item; navigate closes any detail (P-06: the conversation is one action away) (0.078ms)
✔ presentDetail refuses without a source, without a timeline opener, and when the source refuses (0.072416ms)
✔ sign-out closes the detail and returns to the root route (0.103208ms)
✔ signed out, the primary route stays the root (SH-04); a route landed while signed out applies at sign-in (0.098708ms)
✔ the runtime: one widget port for the DOM, a real detail at SHEET density, and the fragment landed without a request (13.016417ms)
✔ P-B4: a successful chat resolution reaches the existing H7/vault/renderer path without a second transport (1.272167ms)
✔ login restores only bounded booking terminal prose through the existing reader, without widget activation (0.598416ms)
ℹ tests 167
ℹ suites 0
ℹ pass 167
ℹ fail 0
ℹ cancelled 0
ℹ skipped 0
ℹ todo 0
ℹ duration_ms 3941.127125
