✔ receipt restoration uses one bounded read and discards a late old-session result (2.622667ms)
✔ receipt forbidden does not create authority or block restored text chat (0.482209ms)
✔ receipt no_connection does not create authority or block restored text chat (0.221833ms)
✔ receipt server_error does not create authority or block restored text chat (0.174333ms)
✔ receipt tenant_unbound cannot publish unbound text or strand the composer (0.292334ms)
✔ receipt reader_rejects cannot publish unbound text or strand the composer (0.271834ms)
✔ receipt reader_throws cannot publish unbound text or strand the composer (0.19925ms)
✔ receipt sink_throws cannot publish unbound text or strand the composer (0.181083ms)
✔ an older server missing the additive history route remains usable with a visible limitation (0.212416ms)
✔ server continuation waits before send, restores text only, excludes unfinished work from context (0.545ms)
✔ logout aborts restoration; an old session result never enters the next conversation (0.251083ms)
✔ history failure is visible; next send retries only the read and keeps the draft until context is restored (0.6045ms)
✔ submitUserTurn is the sole path: only it (and retry of its own turn) calls Transport.chat (2.717875ms)
✔ typed and spoken turns are byte-identical on the wire; the modality stays on the item (0.078666ms)
✔ the user text: NFC and trimmed, 1..2000 units, refused visibly and never truncated; one turn in flight (0.406292ms)
✔ D6: after the 3 500-unit reply fixture every history item is ≤ 2000, the pair is not split, and the next turns are accepted (0.332042ms)
✔ history: only sent user turns and real replies, the last 11 plus the new message (DTO 1..12) (0.72325ms)
✔ same-requestId retry only after 429 / 502 / network / abort / 503 — never after 409 or an unknown outcome (0.823917ms)
✔ 409 is terminal for its id; an older failed turn loses its same-id retry once the conversation moves on (0.226459ms)
✔ approval_required: the reply, then the approval_not_here notice; the next turn carries the reply and never the notice (0.397083ms)
✔ 402 / 403 / tenant_required / 400: a conversation notice, the composer state, and none of it in history (0.322083ms)
✔ sign-out empties the timeline and aborts the turn in flight; nothing crosses into the next session (0.183959ms)
✔ display cap: 200 items on screen, older ones dropped and disclosed, never silently (4.284417ms)
✔ subscribers see every state change, in order, and can unsubscribe (0.177709ms)
✔ over the real net client: the long reply and the approval shape end in DTO-valid next turns (fetch replaced) (15.072042ms)
✔ TURN-ID carries only the server conversation reference, preserves retry identity, and clears it on logout (0.615ms)
✔ booking prose TEXT_ONLY preserves each itemized warning and source exactly once (8.175916ms)
✔ booking prose frozen preserves each itemized warning and source exactly once (0.263833ms)
✔ reading order covers every interactive element (2.993875ms)
✔ DOM order EQUALS reading order, and the check can see a difference (13.695417ms)
✔ no interactive element appears twice — a duplicate ref is a tab stop you cannot leave (7.490917ms)
✔ accessible_names is TOTAL over reading order (6.942042ms)
✔ accessible_names is CLOSED over reading order — no name for a ref nobody can reach (6.149667ms)
✔ no accessible name is empty or whitespace (6.122125ms)
✔ an unnamed intent is caught rather than rendered (0.265375ms)
✔ the escape is a drawn control in the reading order of every envelope that carries one (2.587083ms)
✔ the escape is present on EVERY tier, including the most degraded (2.570625ms)
✔ reduced motion changes MOTION (0.484375ms)
✔ reduced motion changes motion and NEVER content (11.938ms)
✔ the text equivalent is used verbatim and is never composed here (0.924334ms)
✔ the text equivalent is produced on every tier, never optional (27.9205ms)
✔ the renderer is pure: same input, same output, no clock, no randomness, no mutation (7.425416ms)
✔ the renderer cannot add an intent the server did not mint (0.236ms)
✔ KIND_A11Y_FLOOR has exactly 22 rows, each with a present suffix descriptor, keyed by the contract kinds (0.071125ms)
✔ every kind renders through its own branch and reproduces its sealed reading order (4.320208ms)
✔ R-3: every string the renderer places is a minted string of the view, byte-equal (6.995167ms)
✔ A-1: every retained intent renders as a real button; nothing else activates an intent (4.950334ms)
✔ A-2: every drawn control carries its sealed accessible name byte-for-byte (6.358834ms)
✔ A-3: DOM order equals reading order in every tier the envelope is drawn at (27.730916ms)
✔ A-5 / A-18: SHEET density is inside the same floor — identical controls, order and names (11.075166ms)
✔ A-6: options and slots are one group — one tab stop — labelled by a minted prompt, under the sealed role (1.259667ms)
✔ A-7: the five Cell branches — every non-KNOWN Cell is stated with its label, never by state alone (5.958208ms)
✔ A-11: no capability is reachable only by drag — every retained intent is a keyboard control (4.900666ms)
✔ A-12: live regions are the sealed value and the kind row; assertive iff a blocking LIMITATION; never an alert (7.418959ms)
✔ A-17: CLIENT_LIST — caption, column headers, one row-header column, in-row buttons, bulk outside (0.350416ms)
✔ A-17: REPORT section tables carry row-group headers from group_by; CHART draws table_equivalent in full (0.601833ms)
✔ A-21 (shell half): at every tier the text equivalent is byte-equal, non-KNOWN labels appear, retained intents are reachable (22.959208ms)
✔ D7 focus: heading focus for BOOKING_CONFIRMATION, CONSENT_STATE, PAYMENT_HANDOFF; first refused field for FORM (3.301125ms)
✔ H7 fallback: a tampered or expired envelope draws frozen prose plus the one REFINE — never an error surface (1.53075ms)
✔ FR2: terminal lifecycles draw static text and no control, never a disabled button (0.363084ms)
✔ R-2 / D1: neither the renderer input nor its output carries a token, class-i ref, receipt pointer, tenant, seal or proof (6.979708ms)
✔ R-4: the tier comes from the envelope, never from the environment (0.838167ms)
✔ R-6: limitations are always drawn; a non-KNOWN or false enabled state keeps the control and explains it (5.959208ms)
✔ an envelope whose structured drawing would not match its sealed order is drawn as prose in the sealed order (0.415291ms)
ℹ tests 64
ℹ suites 0
ℹ pass 64
ℹ fail 0
ℹ cancelled 0
ℹ skipped 0
ℹ todo 0
ℹ duration_ms 307.308792
