✔ chat preserves the standard resolution and never reads legacy action.approval (0.948583ms)
✔ a live standard approval suppresses only the legacy notice, including an exact duplicate (14.501459ms)
✔ body mismatch keeps the approval notice (1.099875ms)
✔ expired envelope keeps the approval notice (1.023042ms)
✔ stale lifecycle keeps the approval notice (0.870583ms)
✔ completed approval keeps the approval notice (1.47ms)
✔ unknown approval state keeps the approval notice (1.508416ms)
✔ blocked approval keeps the approval notice (1.493792ms)
✔ expired approval body keeps the approval notice (1.620042ms)
✔ expired primary intent keeps the approval notice (1.499417ms)
✔ disabled primary intent keeps the approval notice (1.550875ms)
✔ unknown primary availability keeps the approval notice (0.974375ms)
✔ missing primary reference keeps the approval notice (2.182958ms)
✔ missing token keeps the approval notice (1.208083ms)
✔ not primary keeps the approval notice (0.811541ms)
✔ not COMMIT keeps the approval notice (0.857458ms)
✔ not drawn keeps the approval notice (0.541667ms)
✔ withheld primary keeps the approval notice (0.433833ms)
✔ a duplicate id with body mismatch cannot borrow the current card's presentation (1.351625ms)
✔ a duplicate id with expired envelope cannot borrow the current card's presentation (1.07475ms)
✔ a duplicate id with stale lifecycle cannot borrow the current card's presentation (0.933125ms)
✔ a duplicate id with completed approval cannot borrow the current card's presentation (1.50475ms)
✔ a duplicate id with blocked approval cannot borrow the current card's presentation (0.933375ms)
✔ a duplicate id with changed sealed body cannot borrow the current card's presentation (0.73275ms)
✔ a duplicate id with changed seal cannot borrow the current card's presentation (0.801708ms)
✔ a duplicate id with changed token cannot borrow the current card's presentation (1.086667ms)
✔ current envelope expiry is checked even when background timers have not fired (0.766292ms)
✔ current body expiry is checked even when background timers have not fired (0.697291ms)
✔ current intent expiry is checked even when background timers have not fired (0.932708ms)
✔ a superseded envelope cannot borrow its successor presentation or restore old controls (1.717ms)
✔ no resolution or an unrelated widget keeps the legacy notice (0.568708ms)
✔ standard i1 activation uses the existing gateway once; a lost response claims no success (0.516ms)
✔ standard i2 activation uses the existing gateway once; a lost response claims no success (0.458958ms)
✔ allowlisted owner projection copies only own data properties, never accessors or extra payload (0.923334ms)
✔ exact approved diff plus verified owner readback shows confirmation through the standard gateway (10.664625ms)
✔ UNKNOWN never confirms an ACCEPTED pricing button (1.1245ms)
✔ incomplete status never confirms an ACCEPTED pricing button (0.863542ms)
✔ wrong decision never confirms an ACCEPTED pricing button (1.245208ms)
✔ unverified never confirms an ACCEPTED pricing button (0.860417ms)
✔ truthy verification never confirms an ACCEPTED pricing button (0.788333ms)
✔ different provider never confirms an ACCEPTED pricing button (0.905583ms)
✔ different currency never confirms an ACCEPTED pricing button (0.644292ms)
✔ different service never confirms an ACCEPTED pricing button (0.758083ms)
✔ different price never confirms an ACCEPTED pricing button (0.717042ms)
✔ string price never confirms an ACCEPTED pricing button (0.794625ms)
✔ nonfinite price never confirms an ACCEPTED pricing button (0.60075ms)
✔ missing AE receipt never confirms an ACCEPTED pricing button (0.529708ms)
✔ empty AE receipt never confirms an ACCEPTED pricing button (0.577417ms)
✔ blank AE receipt never confirms an ACCEPTED pricing button (0.825625ms)
✔ missing outcome never confirms an ACCEPTED pricing button (0.606667ms)
✔ missing service row cannot borrow a different diff's owner receipt (0.686291ms)
✔ duplicate service rows cannot borrow a different diff's owner receipt (0.949167ms)
✔ different proposed amount cannot borrow a different diff's owner receipt (0.738875ms)
✔ different proposed currency cannot borrow a different diff's owner receipt (0.572583ms)
✔ ACCEPTED alone and even an unrelated terminal line cannot claim a provider price change (0.326291ms)
✔ canonical rejected decision is shown only for the rejection control (1.009125ms)
✔ successful owner data on a refused gateway response is never confirmation (0.385709ms)
✔ lost response says unconfirmed and never automatically sends a second mutation (4.40675ms)
✔ a late result cannot confirm a superseding price proposal (1.357666ms)
✔ unrelated APPROVAL retains its existing ACCEPTED behavior (0.3645ms)
✔ a different WidgetSource cannot borrow pricing wording from an extra capability property (0.6985ms)
✔ React and DOM carriers use the same honest pricing sentences (0.066375ms)
✔ confirmed becomes a static diff; repeated callbacks and accessibility redraw preserve its receipt (0.889625ms)
✔ rejected becomes a static diff; repeated callbacks and accessibility redraw preserve its receipt (0.667583ms)
✔ UNKNOWN becomes a static diff; repeated callbacks and accessibility redraw preserve its receipt (0.617542ms)
✔ lost mutation response freezes the preview and explicit repeated click cannot resend or replace UNKNOWN (0.54575ms)
✔ a newly loaded runtime carries no old pricing result or enabled confirmation from history alone (2.990791ms)
✔ receipt preserves colliding exact service labels (PENDING, textOnly=false) (0.639958ms)
✔ receipt preserves colliding exact service labels (Подтвердить цену, textOnly=false) (0.498541ms)
✔ receipt preserves colliding exact service labels (PENDING, textOnly=true) (0.856041ms)
✔ receipt preserves colliding exact service labels (Подтвердить цену, textOnly=true) (0.592875ms)
✔ a corrected proposal supersedes a frozen UNKNOWN card and needs its own authoritative receipt (0.981333ms)
✔ a SUCCEEDED decision from detail freezes its exact parent preview (1.656833ms)
✔ a UNKNOWN decision from detail freezes its exact parent preview (1.022209ms)
ℹ tests 74
ℹ suites 0
ℹ pass 74
ℹ fail 0
ℹ cancelled 0
ℹ skipped 0
ℹ todo 0
ℹ duration_ms 129.941708
