PASS src/ai-tools/routing-regression.acceptance.spec.ts
  КОРПУС: живые формулировки владельца барбершопа
    ✓ advise-return-clients (12 ms)
    ✓ who-in-drawdown (9 ms)
    ✓ why-drawdown-yoy (4 ms)
    ✓ what-to-do-load
    ✓ weak-spots-full-review (1 ms)
    ✓ max-slice-follow-up (1 ms)
    ✓ records-today (2 ms)
    ✓ cash-today-slang (2 ms)
    ✓ compare-today-vs-last-week
    ✓ how-we-doing-today (1 ms)
    ✓ report-aug-7 (1 ms)
    ✓ only-aug-7 (1 ms)
    ✓ followup-day-7
    ✓ cash-dotted-day
    ✓ range-1-7 (1 ms)
    ✓ first-week-august
    ✓ yesterday-cash
    ✓ last-week
    ✓ last-7-days
    ✓ profit-july (1 ms)
    ✓ profit-august-followup (1 ms)
    ✓ net-july
    ✓ am-i-in-plus (1 ms)
    ✓ acquisition-cost
    ✓ acquisition-cost-alt (1 ms)
    ✓ client-price-economy
    ✓ haircut-price (1 ms)
    ✓ beard-price (1 ms)
    ✓ price-list
    ✓ spend-structure
    ✓ consumables-spend (1 ms)
    ✓ where-money-goes
    ✓ who-are-barbers-named (1 ms)
    ✓ load-how
    ✓ cancellations (1 ms)
    ✓ average-check
    ✓ haircut-not-ticket
    ✓ today-records-not-month-cash (1 ms)
    ✓ revenue-july
    ✓ money-slang (1 ms)
    ✓ inherit-today-records
    ✓ followup-day-after-month
    ✓ new-vs-returning
    ✓ staff-breakdown-ask
    ✓ month-to-date-default (1 ms)
    ✓ команда «Запиши аренду 60 тысяч» — карточка расхода, а не отчёт
    ✓ «сколько всего клиентов в базе» — полный CRM-реестр, не гости месяца (1 ms)
    ✓ «не ходят больше двух месяцев» — точный готовый порог (1 ms)
    ✓ «сколько лояльных» — пожизненные визиты карточки CRM
    ✓ пересекает лояльность и срок отсутствия, а не берёт всю базу (1 ms)
    ✓ удерживает retention-сегмент в реплике «как их вернуть»
    ✓ «сколько визитов у клиента» — точное обезличенное CRM-досье (2 ms)
    ✓ «сколько бонусов у клиента» — не баланс самого владельца (1 ms)
    ✓ «какие услуги покупает клиент» — привычки из последних визитов (1 ms)
    ✓ уточнение «что он обычно берёт» сохраняет клиента из прошлого хода (1 ms)
  КОРПУС: роли остались на своих данных
    ✓ клиент: «какие у вас мастера» — справочник мастеров (1 ms)
    ✓ клиент: «мои записи» — своя история, и она не уходит в модель (1 ms)
    ✓ клиент: «сколько у меня баллов» — баланс, собранный сервером
    ✓ клиент: «свободные окна завтра» — реальные слоты (1 ms)
    ✓ мастер: «сколько у меня записей» — личная аналитика, а не отказ (1 ms)
    ✓ мастер: «мои повторные клиенты» — личная аналитика (1 ms)
    ✓ мастер: «что за клиент Иван» — CRM-досье
    ✓ владелец: «ты видишь базу клиентов?» — честный доступ, без отказа
  КОРПУС: audience=staff — поверхность мастера, а не кабинета
    ✓ владелец в режиме мастера: «сколько я заработал» — личная аналитика, не касса салона
    ✓ владелец в режиме мастера: «моя статистика» — личный масштаб (1 ms)
    ✓ владелец в режиме мастера: досье клиента остаётся доступным
    ✓ владелец в режиме мастера: команда графика уходит с ролью мастера (1 ms)
    ✓ клиент с audience=staff НЕ повышается: деньги салона — отказ
    ✓ настоящий мастер с audience=staff работает как раньше (1 ms)
    ✓ мастер: вопрос о технике — свободный ответ, без принудительного заземления
  КОРПУС: промах подсказки больше не отказ
    ✓ модель взяла НЕ подсказанный инструмент — ответ доходит, а не отказ (1 ms)
    ✓ перехват ПД идёт по вызванному инструменту, а не по угаданной теме
    ✓ ни одного инструмента данных для роли — прежний честный отказ

Test Suites: 1 passed, 1 total
Tests:       73 passed, 73 total
Snapshots:   0 total
Time:        0.578 s, estimated 1 s
Ran all test suites within paths "src/ai-tools/routing-regression.acceptance.spec.ts".
Test results written to: ../../../../../../../../tmp/maya-personal-read-routing-green.json
