FAIL src/ai-tools/ai-tool-runtime.service.spec.ts
  AiToolRuntimeService
    ○ skipped executes read-only tools directly and stores only encrypted results
    ○ skipped SH-19 attaches the authorized widget resolution to a completed model-free read
    ○ skipped D-17 binds a T-2b mint to the current server request trace when the caller supplies no internal trace
    ○ skipped returns the latest verified analytics snapshot when the CRM read fails
    ○ skipped creates an approval without executing a write tool
    ○ skipped executes an actor-approved write exactly once
    ○ skipped blocks approval when the immutable payload hash is changed
    ○ skipped rejects reusing an approval key for a different payload
    ○ skipped replays a completed approved result without a second domain call
    ○ skipped fails closed on cross-tenant principals before policy or handlers
    current verified personal READ context
      ✕ refuses revoked verified linkage before cached payload on replay=false even without Client.userId (3 ms)
      ✕ refuses revoked verified linkage before cached payload on replay=true even without Client.userId (1 ms)
      ✕ keeps the business actor and binds the read to the server-selected Client (1 ms)
      ✕ refuses a changed verified Client episode instead of replaying the previous personal result
      ✕ revalidates after a source read and withholds the response if linkage changed in flight

  ● AiToolRuntimeService › current verified personal READ context › refuses revoked verified linkage before cached payload on replay=false even without Client.userId

    expect(received).rejects.toThrow()

    Received promise resolved instead of rejected
    Resolved to value: {"execution_id": "personal-execution", "replayed": true, "result": {"appointments": [{"id": "private-appointment"}]}, "status": "completed", "tool_name": "appointments.own.list"}

      77 |           new ForbiddenException('new_verified_maya_user_binding_required'),
      78 |         );
    > 79 |         await expect(h.run(replay)).rejects.toThrow(
         |               ^
      80 |           'new_verified_maya_user_binding_required',
      81 |         );
      82 |         expect(h.handlerExecute).toHaveBeenCalledTimes(1);

      at expect (../node_modules/expect/build/index.js:2116:15)
      at ai-tools/ai-tool-runtime.service.spec.ts:79:15

  ● AiToolRuntimeService › current verified personal READ context › refuses revoked verified linkage before cached payload on replay=true even without Client.userId

    expect(received).rejects.toThrow()

    Received promise resolved instead of rejected
    Resolved to value: {"execution_id": "personal-execution", "replayed": true, "result": {"appointments": [{"id": "private-appointment"}]}, "status": "completed", "tool_name": "appointments.own.list"}

      77 |           new ForbiddenException('new_verified_maya_user_binding_required'),
      78 |         );
    > 79 |         await expect(h.run(replay)).rejects.toThrow(
         |               ^
      80 |           'new_verified_maya_user_binding_required',
      81 |         );
      82 |         expect(h.handlerExecute).toHaveBeenCalledTimes(1);

      at expect (../node_modules/expect/build/index.js:2116:15)
      at ai-tools/ai-tool-runtime.service.spec.ts:79:15

  ● AiToolRuntimeService › current verified personal READ context › keeps the business actor and binds the read to the server-selected Client

    expect(jest.fn()).toHaveBeenCalledWith(...expected)

    Expected: {"branchId": null, "email": "redacted@example.invalid", "membershipId": "membership-a", "membershipStatus": "active", "role": "tenant_owner", "sessionId": "session-a", "tenantId": "tenant-a", "userId": "customer_12345678"}, "personal_client"

    Number of calls: 0

      90 |       const h = personalHarness();
      91 |       await expect(h.run()).resolves.toMatchObject({ status: 'completed' });
    > 92 |       expect(h.personalSelect).toHaveBeenCalledWith(h.actor, 'personal_client');
         |                                ^
      93 |       expect(h.clientFindMany).toHaveBeenCalledWith(
      94 |         expect.objectContaining({
      95 |           where: { tenantId: 'tenant-a', id: 'verified-client' },

      at Object.<anonymous> (ai-tools/ai-tool-runtime.service.spec.ts:92:32)

  ● AiToolRuntimeService › current verified personal READ context › refuses a changed verified Client episode instead of replaying the previous personal result

    expect(received).rejects.toBeInstanceOf()

    Received promise resolved instead of rejected
    Resolved to value: {"execution_id": "personal-execution", "replayed": true, "result": {"appointments": [{"id": "private-appointment"}]}, "status": "completed", "tool_name": "appointments.own.list"}

      115 |         clientId: 'other-verified-client',
      116 |       });
    > 117 |       await expect(h.run(true)).rejects.toBeInstanceOf(ConflictException);
          |             ^
      118 |       expect(h.handlerExecute).toHaveBeenCalledTimes(1);
      119 |     });
      120 |     it('revalidates after a source read and withholds the response if linkage changed in flight', async () => {

      at expect (../node_modules/expect/build/index.js:2116:15)
      at Object.<anonymous> (ai-tools/ai-tool-runtime.service.spec.ts:117:13)

  ● AiToolRuntimeService › current verified personal READ context › revalidates after a source read and withholds the response if linkage changed in flight

    expect(received).rejects.toThrow()

    Received promise resolved instead of rejected
    Resolved to value: {"execution_id": "personal-execution", "replayed": false, "result": {"appointments": [{"id": "private-appointment"}]}, "status": "completed", "tool_name": "appointments.own.list"}

      123 |         new ForbiddenException('personal_client_context_changed'),
      124 |       );
    > 125 |       await expect(h.run()).rejects.toThrow('personal_client_context_changed');
          |             ^
      126 |       expect(h.handlerExecute).toHaveBeenCalledTimes(1);
      127 |     });
      128 |   });

      at expect (../node_modules/expect/build/index.js:2116:15)
      at Object.<anonymous> (ai-tools/ai-tool-runtime.service.spec.ts:125:13)

Test Suites: 1 failed, 1 total
Tests:       5 failed, 10 skipped, 15 total
Snapshots:   0 total
Time:        0.531 s, estimated 1 s
Ran all test suites within paths "src/ai-tools/ai-tool-runtime.service.spec.ts".
Test results written to: ../../../../../../../../tmp/maya-personal-read-context-red.json
