widgets-live: proof database maya_widget_gate_proof_lifecyclecalendar_96b3d7566ba9 on 127.0.0.1:55943 (local)
[31m[Nest] 97978  - [39m10/09/2026, 7:04:29 PM [31m  ERROR[39m [38;5;3m[CrmAdapterFactory] [39m[31mYCLIENTS_PARTNER_TOKEN не задан: подключение YClients и Altegio будет отклоняться для ВСЕХ салонов. Внутренний календарь при этом работает.[39m
[31m[Nest] 97978  - [39m10/09/2026, 7:04:29 PM [31m  ERROR[39m [38;5;3m[CrmAdapterFactory] [39m[31mYCLIENTS_PARTNER_TOKEN не задан: подключение YClients и Altegio будет отклоняться для ВСЕХ салонов. Внутренний календарь при этом работает.[39m
FAIL test/widgets-live/lifecycle-calendar-read-restart.probe-spec.ts
  Exact two-calendar-month lifecycle [supplemental actual HTTP/PG restart]
    ✕ restores history and exact receipts, then rejects revoked/current-policy and late-policy evidence (1044 ms)

  ● Exact two-calendar-month lifecycle [supplemental actual HTTP/PG restart] › restores history and exact receipts, then rejects revoked/current-policy and late-policy evidence

    expect(received).toEqual(expected) // deep equality

    - Expected  -  1
    + Received  + 86

    - Array []
    + Array [
    +   Object {
    +     "lock": false,
    +     "model": "ActionExecution",
    +     "operation": "create",
    +     "scope": null,
    +     "write": true,
    +   },
    +   Object {
    +     "lock": false,
    +     "model": "ActionAttempt",
    +     "operation": "create",
    +     "scope": null,
    +     "write": true,
    +   },
    +   Object {
    +     "lock": false,
    +     "model": "ActionExecution",
    +     "operation": "update",
    +     "scope": null,
    +     "write": true,
    +   },
    +   Object {
    +     "lock": false,
    +     "model": "ActionTargetMutation",
    +     "operation": "create",
    +     "scope": null,
    +     "write": true,
    +   },
    +   Object {
    +     "lock": false,
    +     "model": "ActionAttempt",
    +     "operation": "update",
    +     "scope": null,
    +     "write": true,
    +   },
    +   Object {
    +     "lock": false,
    +     "model": "ActionExecution",
    +     "operation": "update",
    +     "scope": null,
    +     "write": true,
    +   },
    +   Object {
    +     "lock": false,
    +     "model": "ActionExecution",
    +     "operation": "create",
    +     "scope": null,
    +     "write": true,
    +   },
    +   Object {
    +     "lock": false,
    +     "model": "ActionAttempt",
    +     "operation": "create",
    +     "scope": null,
    +     "write": true,
    +   },
    +   Object {
    +     "lock": false,
    +     "model": "ActionExecution",
    +     "operation": "update",
    +     "scope": null,
    +     "write": true,
    +   },
    +   Object {
    +     "lock": false,
    +     "model": "ActionTargetMutation",
    +     "operation": "create",
    +     "scope": null,
    +     "write": true,
    +   },
    +   Object {
    +     "lock": false,
    +     "model": "ActionAttempt",
    +     "operation": "update",
    +     "scope": null,
    +     "write": true,
    +   },
    +   Object {
    +     "lock": false,
    +     "model": "ActionExecution",
    +     "operation": "update",
    +     "scope": null,
    +     "write": true,
    +   },
    + ]

      974 |                 )),
      975 |         ),
    > 976 |     ).toEqual([]);
          |       ^
      977 |     expect(transport.mock.calls).toHaveLength(0);
      978 |   }
      979 |   function observe(result: Result) {

      at noEffects (widgets-live/lifecycle-calendar-read-restart.probe-spec.ts:976:7)
      at Object.<anonymous> (widgets-live/lifecycle-calendar-read-restart.probe-spec.ts:1318:7)

Test Suites: 1 failed, 1 total
Tests:       1 failed, 1 total
Snapshots:   0 total
Time:        1.931 s, estimated 6 s
Ran all test suites within paths "test/widgets-live/lifecycle-calendar-read-restart.probe-spec.ts".
Test results written to: ../../../../../../../../private/tmp/maya-c8-two-months-http-20261009-r2/resume-jest.json
