PASS src/ai-tools/employee-journal-read.spec.ts
PASS src/ai-tools/ai-core.employee-journal-continuation.spec.ts
PASS src/ai-tools/ai-core.service.spec.ts
PASS src/ai-tools/ai-tool-runtime.service.spec.ts
PASS src/ai-tools/ai-tool-handler.service.spec.ts
PASS src/ai-tools/ai-core.employee-journal.spec.ts
PASS src/ai-tools/staff-schedule-command.service.spec.ts
PASS src/business-facts/journal-consolidation.spec.ts
[Nest] 68427  - 10/09/2026, 9:20:45 PM    WARN [AppointmentPeriodReader] journal read for 2026-08-17T21:00:00.000Z..2026-08-18T20:59:59.999Z is truncated (unknown); absence conclusions are not allowed
[Nest] 68427  - 10/09/2026, 9:20:45 PM     LOG [AppointmentPeriodReader] provider returned 1 record(s) outside the requested period (2026-08-17T21:00:00.000Z..2026-08-18T20:59:59.999Z); they are not counted
[Nest] 68427  - 10/09/2026, 9:20:45 PM     LOG [AppointmentPeriodReader] provider returned 1 record(s) outside the requested period (2026-05-20T00:00:00.000Z..2026-08-17T23:59:59.999Z); they are not counted
[Nest] 68427  - 10/09/2026, 9:20:45 PM     LOG [AppointmentPeriodReader] provider returned 1 record(s) outside the requested period (2026-08-17T00:00:00.000Z..2026-08-17T23:59:59.999Z); they are not counted
[Nest] 68427  - 10/09/2026, 9:20:45 PM     LOG [AppointmentPeriodReader] provider returned 1 record(s) outside the requested period (2026-05-19T00:00:00.000Z..2026-08-16T23:59:59.999Z); they are not counted
PASS src/crm/crm.journal-source.spec.ts
PASS src/crm/crm.staff-schedule-source.spec.ts
PASS src/ai-tools/ai-core.reviews-calendar.spec.ts
PASS src/analytics/operations-analytics.journal-source.spec.ts
PASS src/business-facts/appointment-period.journal-source.spec.ts
PASS src/conversation-intelligence/conversation-intelligence.service.spec.ts
[Nest] 68427  - 10/09/2026, 9:20:45 PM    WARN [AppointmentPeriodReader] journal read for 2026-10-09T07:00:00.000Z..2026-10-10T06:59:59.999Z is truncated (unknown); absence conclusions are not allowed
[Nest] 68427  - 10/09/2026, 9:20:45 PM     LOG [AppointmentPeriodReader] provider returned 1 record(s) outside the requested period (2026-10-09T07:00:00.000Z..2026-10-10T06:59:59.999Z); they are not counted
[Nest] 68427  - 10/09/2026, 9:20:45 PM    WARN [AppointmentPeriodReader] journal read for 2026-10-09T07:00:00.000Z..2026-10-10T06:59:59.999Z is truncated (unknown); absence conclusions are not allowed
PASS src/crm/adapters/yclients-journal-source.spec.ts
PASS src/ai-tools/ai-tool-registry.service.spec.ts
PASS src/conversation-intelligence/semantic-slot-normalization.spec.ts
PASS src/conversation-intelligence/conversation-capability.spec.ts
PASS src/ai-tools/reviews-calendar-read.spec.ts

Test Suites: 19 passed, 19 total
Tests:       959 passed, 959 total
Snapshots:   0 total
Time:        2.124 s, estimated 3 s
Ran all test suites within paths "src/ai-tools/ai-core.employee-journal-continuation.spec.ts", "src/ai-tools/ai-core.employee-journal.spec.ts", "src/ai-tools/employee-journal-read.spec.ts", "src/ai-tools/ai-core.reviews-calendar.spec.ts", "src/ai-tools/reviews-calendar-read.spec.ts", "src/ai-tools/ai-core.service.spec.ts", "src/ai-tools/ai-tool-runtime.service.spec.ts", "src/ai-tools/ai-tool-handler.service.spec.ts", "src/ai-tools/ai-tool-registry.service.spec.ts", "src/ai-tools/staff-schedule-command.service.spec.ts", "src/crm/crm.journal-source.spec.ts", "src/crm/crm.staff-schedule-source.spec.ts", "src/crm/adapters/yclients-journal-source.spec.ts", "src/business-facts/appointment-period.journal-source.spec.ts", "src/business-facts/journal-consolidation.spec.ts", "src/analytics/operations-analytics.journal-source.spec.ts", "src/conversation-intelligence/conversation-intelligence.service.spec.ts", "src/conversation-intelligence/semantic-slot-normalization.spec.ts", "src/conversation-intelligence/conversation-capability.spec.ts".
Test results written to: ../../../../../../../../private/tmp/maya-journal-calendar-r2-20261009-unit.json
