FAIL src/ai-tools/ai-core.service-price-semantic.spec.ts
  service price update semantic contract [actual parser/CI]
    ✕ routes tenant_owner only to the existing high-risk price preparation tool
    ✕ routes business_owner only to the existing high-risk price preparation tool
    ✕ denies platform_owner even if a caller advertises the write tool (1 ms)
    ✕ denies platform_admin even if a caller advertises the write tool
    ✕ denies administrator even if a caller advertises the write tool
    ✕ denies manager even if a caller advertises the write tool
    ✕ denies provider even if a caller advertises the write tool
    ✕ denies employee even if a caller advertises the write tool
    ✕ denies accountant even if a caller advertises the write tool
    ✕ denies customer even if a caller advertises the write tool
    ✕ denies integration_service even if a caller advertises the write tool
    ✕ denies tenant_admin even if a caller advertises the write tool
    ✕ denies branch_manager even if a caller advertises the write tool (1 ms)
    ✕ denies staff even if a caller advertises the write tool
    ✕ denies client even if a caller advertises the write tool
    ✓ keeps services.price a READ and rejects using that plan to prepare a write (1 ms)
    ✕ clarifies missing price even when model arguments contain an ID and price
    ✕ clarifies missing service even when model arguments contain an ID and price
    ✕ clarifies missing both even when model arguments contain an ID and price
    ✕ does not substitute a catalog READ when the existing write capability is unavailable
    ✕ uses explicit model-carried service as a preference while binding corrected price only from actual user messages
    ✕ does not fill a missing current semantic service from tool arguments or an unrelated previous READ
    ✕ does not convert an inflected corpus title into a literal authoritative selection
  AiCore price preparation [actual semantic parser, synthetic owners]
    ✕ binds literal raw intent and current catalog; correction=false (14 ms)
    ✕ binds literal raw intent and current catalog; correction=true (6 ms)
    ✕ inflected title cannot prepare a change using model service or amount (1 ms)
    ✕ stale catalog cannot prepare a change using model service or amount

  ● service price update semantic contract [actual parser/CI] › routes tenant_owner only to the existing high-risk price preparation tool

    conversation_intent_unknown

    [0m [90m 142 |[39m         [90m// A hallucinated intent must fail the structured planning stage. Falling[39m
     [90m 143 |[39m         [90m// back to small talk here can bypass the data and permission contract.[39m
    [31m[1m>[22m[39m[90m 144 |[39m         [36mthrow[39m [36mnew[39m [33mError[39m([32m'conversation_intent_unknown'[39m)[33m;[39m
     [90m     |[39m               [31m[1m^[22m[39m
     [90m 145 |[39m       }
     [90m 146 |[39m       [36mconst[39m id [33m=[39m [36mthis[39m[33m.[39muniqueTaskId(rawTask[33m.[39mid[33m,[39m index[33m,[39m usedIds)[33m;[39m
     [90m 147 |[39m       usedIds[33m.[39madd(id)[33m;[39m[0m

      at ConversationIntelligenceService.validatePlan (conversation-intelligence/conversation-intelligence.service.ts:144:15)
      at AiCoreModelService.validateSemanticPlan (ai-tools/ai-core-model.service.ts:1365:42)
      at AiCoreModelService.validatePlanningResponse (ai-tools/ai-core-model.service.ts:1248:29)
      at parse (ai-tools/ai-core.service-price-semantic.spec.ts:102:36)
      at ai-tools/ai-core.service-price-semantic.spec.ts:108:22

  ● service price update semantic contract [actual parser/CI] › routes business_owner only to the existing high-risk price preparation tool

    conversation_intent_unknown

    [0m [90m 142 |[39m         [90m// A hallucinated intent must fail the structured planning stage. Falling[39m
     [90m 143 |[39m         [90m// back to small talk here can bypass the data and permission contract.[39m
    [31m[1m>[22m[39m[90m 144 |[39m         [36mthrow[39m [36mnew[39m [33mError[39m([32m'conversation_intent_unknown'[39m)[33m;[39m
     [90m     |[39m               [31m[1m^[22m[39m
     [90m 145 |[39m       }
     [90m 146 |[39m       [36mconst[39m id [33m=[39m [36mthis[39m[33m.[39muniqueTaskId(rawTask[33m.[39mid[33m,[39m index[33m,[39m usedIds)[33m;[39m
     [90m 147 |[39m       usedIds[33m.[39madd(id)[33m;[39m[0m

      at ConversationIntelligenceService.validatePlan (conversation-intelligence/conversation-intelligence.service.ts:144:15)
      at AiCoreModelService.validateSemanticPlan (ai-tools/ai-core-model.service.ts:1365:42)
      at AiCoreModelService.validatePlanningResponse (ai-tools/ai-core-model.service.ts:1248:29)
      at parse (ai-tools/ai-core.service-price-semantic.spec.ts:102:36)
      at ai-tools/ai-core.service-price-semantic.spec.ts:108:22

  ● service price update semantic contract [actual parser/CI] › denies platform_owner even if a caller advertises the write tool

    conversation_intent_unknown

    [0m [90m 142 |[39m         [90m// A hallucinated intent must fail the structured planning stage. Falling[39m
     [90m 143 |[39m         [90m// back to small talk here can bypass the data and permission contract.[39m
    [31m[1m>[22m[39m[90m 144 |[39m         [36mthrow[39m [36mnew[39m [33mError[39m([32m'conversation_intent_unknown'[39m)[33m;[39m
     [90m     |[39m               [31m[1m^[22m[39m
     [90m 145 |[39m       }
     [90m 146 |[39m       [36mconst[39m id [33m=[39m [36mthis[39m[33m.[39muniqueTaskId(rawTask[33m.[39mid[33m,[39m index[33m,[39m usedIds)[33m;[39m
     [90m 147 |[39m       usedIds[33m.[39madd(id)[33m;[39m[0m

      at ConversationIntelligenceService.validatePlan (conversation-intelligence/conversation-intelligence.service.ts:144:15)
      at AiCoreModelService.validateSemanticPlan (ai-tools/ai-core-model.service.ts:1365:42)
      at AiCoreModelService.validatePlanningResponse (ai-tools/ai-core-model.service.ts:1248:29)
      at parse (ai-tools/ai-core.service-price-semantic.spec.ts:102:36)
      at ai-tools/ai-core.service-price-semantic.spec.ts:141:20

  ● service price update semantic contract [actual parser/CI] › denies platform_admin even if a caller advertises the write tool

    conversation_intent_unknown

    [0m [90m 142 |[39m         [90m// A hallucinated intent must fail the structured planning stage. Falling[39m
     [90m 143 |[39m         [90m// back to small talk here can bypass the data and permission contract.[39m
    [31m[1m>[22m[39m[90m 144 |[39m         [36mthrow[39m [36mnew[39m [33mError[39m([32m'conversation_intent_unknown'[39m)[33m;[39m
     [90m     |[39m               [31m[1m^[22m[39m
     [90m 145 |[39m       }
     [90m 146 |[39m       [36mconst[39m id [33m=[39m [36mthis[39m[33m.[39muniqueTaskId(rawTask[33m.[39mid[33m,[39m index[33m,[39m usedIds)[33m;[39m
     [90m 147 |[39m       usedIds[33m.[39madd(id)[33m;[39m[0m

      at ConversationIntelligenceService.validatePlan (conversation-intelligence/conversation-intelligence.service.ts:144:15)
      at AiCoreModelService.validateSemanticPlan (ai-tools/ai-core-model.service.ts:1365:42)
      at AiCoreModelService.validatePlanningResponse (ai-tools/ai-core-model.service.ts:1248:29)
      at parse (ai-tools/ai-core.service-price-semantic.spec.ts:102:36)
      at ai-tools/ai-core.service-price-semantic.spec.ts:141:20

  ● service price update semantic contract [actual parser/CI] › denies administrator even if a caller advertises the write tool

    conversation_intent_unknown

    [0m [90m 142 |[39m         [90m// A hallucinated intent must fail the structured planning stage. Falling[39m
     [90m 143 |[39m         [90m// back to small talk here can bypass the data and permission contract.[39m
    [31m[1m>[22m[39m[90m 144 |[39m         [36mthrow[39m [36mnew[39m [33mError[39m([32m'conversation_intent_unknown'[39m)[33m;[39m
     [90m     |[39m               [31m[1m^[22m[39m
     [90m 145 |[39m       }
     [90m 146 |[39m       [36mconst[39m id [33m=[39m [36mthis[39m[33m.[39muniqueTaskId(rawTask[33m.[39mid[33m,[39m index[33m,[39m usedIds)[33m;[39m
     [90m 147 |[39m       usedIds[33m.[39madd(id)[33m;[39m[0m

      at ConversationIntelligenceService.validatePlan (conversation-intelligence/conversation-intelligence.service.ts:144:15)
      at AiCoreModelService.validateSemanticPlan (ai-tools/ai-core-model.service.ts:1365:42)
      at AiCoreModelService.validatePlanningResponse (ai-tools/ai-core-model.service.ts:1248:29)
      at parse (ai-tools/ai-core.service-price-semantic.spec.ts:102:36)
      at ai-tools/ai-core.service-price-semantic.spec.ts:141:20

  ● service price update semantic contract [actual parser/CI] › denies manager even if a caller advertises the write tool

    conversation_intent_unknown

    [0m [90m 142 |[39m         [90m// A hallucinated intent must fail the structured planning stage. Falling[39m
     [90m 143 |[39m         [90m// back to small talk here can bypass the data and permission contract.[39m
    [31m[1m>[22m[39m[90m 144 |[39m         [36mthrow[39m [36mnew[39m [33mError[39m([32m'conversation_intent_unknown'[39m)[33m;[39m
     [90m     |[39m               [31m[1m^[22m[39m
     [90m 145 |[39m       }
     [90m 146 |[39m       [36mconst[39m id [33m=[39m [36mthis[39m[33m.[39muniqueTaskId(rawTask[33m.[39mid[33m,[39m index[33m,[39m usedIds)[33m;[39m
     [90m 147 |[39m       usedIds[33m.[39madd(id)[33m;[39m[0m

      at ConversationIntelligenceService.validatePlan (conversation-intelligence/conversation-intelligence.service.ts:144:15)
      at AiCoreModelService.validateSemanticPlan (ai-tools/ai-core-model.service.ts:1365:42)
      at AiCoreModelService.validatePlanningResponse (ai-tools/ai-core-model.service.ts:1248:29)
      at parse (ai-tools/ai-core.service-price-semantic.spec.ts:102:36)
      at ai-tools/ai-core.service-price-semantic.spec.ts:141:20

  ● service price update semantic contract [actual parser/CI] › denies provider even if a caller advertises the write tool

    conversation_intent_unknown

    [0m [90m 142 |[39m         [90m// A hallucinated intent must fail the structured planning stage. Falling[39m
     [90m 143 |[39m         [90m// back to small talk here can bypass the data and permission contract.[39m
    [31m[1m>[22m[39m[90m 144 |[39m         [36mthrow[39m [36mnew[39m [33mError[39m([32m'conversation_intent_unknown'[39m)[33m;[39m
     [90m     |[39m               [31m[1m^[22m[39m
     [90m 145 |[39m       }
     [90m 146 |[39m       [36mconst[39m id [33m=[39m [36mthis[39m[33m.[39muniqueTaskId(rawTask[33m.[39mid[33m,[39m index[33m,[39m usedIds)[33m;[39m
     [90m 147 |[39m       usedIds[33m.[39madd(id)[33m;[39m[0m

      at ConversationIntelligenceService.validatePlan (conversation-intelligence/conversation-intelligence.service.ts:144:15)
      at AiCoreModelService.validateSemanticPlan (ai-tools/ai-core-model.service.ts:1365:42)
      at AiCoreModelService.validatePlanningResponse (ai-tools/ai-core-model.service.ts:1248:29)
      at parse (ai-tools/ai-core.service-price-semantic.spec.ts:102:36)
      at ai-tools/ai-core.service-price-semantic.spec.ts:141:20

  ● service price update semantic contract [actual parser/CI] › denies employee even if a caller advertises the write tool

    conversation_intent_unknown

    [0m [90m 142 |[39m         [90m// A hallucinated intent must fail the structured planning stage. Falling[39m
     [90m 143 |[39m         [90m// back to small talk here can bypass the data and permission contract.[39m
    [31m[1m>[22m[39m[90m 144 |[39m         [36mthrow[39m [36mnew[39m [33mError[39m([32m'conversation_intent_unknown'[39m)[33m;[39m
     [90m     |[39m               [31m[1m^[22m[39m
     [90m 145 |[39m       }
     [90m 146 |[39m       [36mconst[39m id [33m=[39m [36mthis[39m[33m.[39muniqueTaskId(rawTask[33m.[39mid[33m,[39m index[33m,[39m usedIds)[33m;[39m
     [90m 147 |[39m       usedIds[33m.[39madd(id)[33m;[39m[0m

      at ConversationIntelligenceService.validatePlan (conversation-intelligence/conversation-intelligence.service.ts:144:15)
      at AiCoreModelService.validateSemanticPlan (ai-tools/ai-core-model.service.ts:1365:42)
      at AiCoreModelService.validatePlanningResponse (ai-tools/ai-core-model.service.ts:1248:29)
      at parse (ai-tools/ai-core.service-price-semantic.spec.ts:102:36)
      at ai-tools/ai-core.service-price-semantic.spec.ts:141:20

  ● service price update semantic contract [actual parser/CI] › denies accountant even if a caller advertises the write tool

    conversation_intent_unknown

    [0m [90m 142 |[39m         [90m// A hallucinated intent must fail the structured planning stage. Falling[39m
     [90m 143 |[39m         [90m// back to small talk here can bypass the data and permission contract.[39m
    [31m[1m>[22m[39m[90m 144 |[39m         [36mthrow[39m [36mnew[39m [33mError[39m([32m'conversation_intent_unknown'[39m)[33m;[39m
     [90m     |[39m               [31m[1m^[22m[39m
     [90m 145 |[39m       }
     [90m 146 |[39m       [36mconst[39m id [33m=[39m [36mthis[39m[33m.[39muniqueTaskId(rawTask[33m.[39mid[33m,[39m index[33m,[39m usedIds)[33m;[39m
     [90m 147 |[39m       usedIds[33m.[39madd(id)[33m;[39m[0m

      at ConversationIntelligenceService.validatePlan (conversation-intelligence/conversation-intelligence.service.ts:144:15)
      at AiCoreModelService.validateSemanticPlan (ai-tools/ai-core-model.service.ts:1365:42)
      at AiCoreModelService.validatePlanningResponse (ai-tools/ai-core-model.service.ts:1248:29)
      at parse (ai-tools/ai-core.service-price-semantic.spec.ts:102:36)
      at ai-tools/ai-core.service-price-semantic.spec.ts:141:20

  ● service price update semantic contract [actual parser/CI] › denies customer even if a caller advertises the write tool

    conversation_intent_unknown

    [0m [90m 142 |[39m         [90m// A hallucinated intent must fail the structured planning stage. Falling[39m
     [90m 143 |[39m         [90m// back to small talk here can bypass the data and permission contract.[39m
    [31m[1m>[22m[39m[90m 144 |[39m         [36mthrow[39m [36mnew[39m [33mError[39m([32m'conversation_intent_unknown'[39m)[33m;[39m
     [90m     |[39m               [31m[1m^[22m[39m
     [90m 145 |[39m       }
     [90m 146 |[39m       [36mconst[39m id [33m=[39m [36mthis[39m[33m.[39muniqueTaskId(rawTask[33m.[39mid[33m,[39m index[33m,[39m usedIds)[33m;[39m
     [90m 147 |[39m       usedIds[33m.[39madd(id)[33m;[39m[0m

      at ConversationIntelligenceService.validatePlan (conversation-intelligence/conversation-intelligence.service.ts:144:15)
      at AiCoreModelService.validateSemanticPlan (ai-tools/ai-core-model.service.ts:1365:42)
      at AiCoreModelService.validatePlanningResponse (ai-tools/ai-core-model.service.ts:1248:29)
      at parse (ai-tools/ai-core.service-price-semantic.spec.ts:102:36)
      at ai-tools/ai-core.service-price-semantic.spec.ts:141:20

  ● service price update semantic contract [actual parser/CI] › denies integration_service even if a caller advertises the write tool

    conversation_intent_unknown

    [0m [90m 142 |[39m         [90m// A hallucinated intent must fail the structured planning stage. Falling[39m
     [90m 143 |[39m         [90m// back to small talk here can bypass the data and permission contract.[39m
    [31m[1m>[22m[39m[90m 144 |[39m         [36mthrow[39m [36mnew[39m [33mError[39m([32m'conversation_intent_unknown'[39m)[33m;[39m
     [90m     |[39m               [31m[1m^[22m[39m
     [90m 145 |[39m       }
     [90m 146 |[39m       [36mconst[39m id [33m=[39m [36mthis[39m[33m.[39muniqueTaskId(rawTask[33m.[39mid[33m,[39m index[33m,[39m usedIds)[33m;[39m
     [90m 147 |[39m       usedIds[33m.[39madd(id)[33m;[39m[0m

      at ConversationIntelligenceService.validatePlan (conversation-intelligence/conversation-intelligence.service.ts:144:15)
      at AiCoreModelService.validateSemanticPlan (ai-tools/ai-core-model.service.ts:1365:42)
      at AiCoreModelService.validatePlanningResponse (ai-tools/ai-core-model.service.ts:1248:29)
      at parse (ai-tools/ai-core.service-price-semantic.spec.ts:102:36)
      at ai-tools/ai-core.service-price-semantic.spec.ts:141:20

  ● service price update semantic contract [actual parser/CI] › denies tenant_admin even if a caller advertises the write tool

    conversation_intent_unknown

    [0m [90m 142 |[39m         [90m// A hallucinated intent must fail the structured planning stage. Falling[39m
     [90m 143 |[39m         [90m// back to small talk here can bypass the data and permission contract.[39m
    [31m[1m>[22m[39m[90m 144 |[39m         [36mthrow[39m [36mnew[39m [33mError[39m([32m'conversation_intent_unknown'[39m)[33m;[39m
     [90m     |[39m               [31m[1m^[22m[39m
     [90m 145 |[39m       }
     [90m 146 |[39m       [36mconst[39m id [33m=[39m [36mthis[39m[33m.[39muniqueTaskId(rawTask[33m.[39mid[33m,[39m index[33m,[39m usedIds)[33m;[39m
     [90m 147 |[39m       usedIds[33m.[39madd(id)[33m;[39m[0m

      at ConversationIntelligenceService.validatePlan (conversation-intelligence/conversation-intelligence.service.ts:144:15)
      at AiCoreModelService.validateSemanticPlan (ai-tools/ai-core-model.service.ts:1365:42)
      at AiCoreModelService.validatePlanningResponse (ai-tools/ai-core-model.service.ts:1248:29)
      at parse (ai-tools/ai-core.service-price-semantic.spec.ts:102:36)
      at ai-tools/ai-core.service-price-semantic.spec.ts:141:20

  ● service price update semantic contract [actual parser/CI] › denies branch_manager even if a caller advertises the write tool

    conversation_intent_unknown

    [0m [90m 142 |[39m         [90m// A hallucinated intent must fail the structured planning stage. Falling[39m
     [90m 143 |[39m         [90m// back to small talk here can bypass the data and permission contract.[39m
    [31m[1m>[22m[39m[90m 144 |[39m         [36mthrow[39m [36mnew[39m [33mError[39m([32m'conversation_intent_unknown'[39m)[33m;[39m
     [90m     |[39m               [31m[1m^[22m[39m
     [90m 145 |[39m       }
     [90m 146 |[39m       [36mconst[39m id [33m=[39m [36mthis[39m[33m.[39muniqueTaskId(rawTask[33m.[39mid[33m,[39m index[33m,[39m usedIds)[33m;[39m
     [90m 147 |[39m       usedIds[33m.[39madd(id)[33m;[39m[0m

      at ConversationIntelligenceService.validatePlan (conversation-intelligence/conversation-intelligence.service.ts:144:15)
      at AiCoreModelService.validateSemanticPlan (ai-tools/ai-core-model.service.ts:1365:42)
      at AiCoreModelService.validatePlanningResponse (ai-tools/ai-core-model.service.ts:1248:29)
      at parse (ai-tools/ai-core.service-price-semantic.spec.ts:102:36)
      at ai-tools/ai-core.service-price-semantic.spec.ts:141:20

  ● service price update semantic contract [actual parser/CI] › denies staff even if a caller advertises the write tool

    conversation_intent_unknown

    [0m [90m 142 |[39m         [90m// A hallucinated intent must fail the structured planning stage. Falling[39m
     [90m 143 |[39m         [90m// back to small talk here can bypass the data and permission contract.[39m
    [31m[1m>[22m[39m[90m 144 |[39m         [36mthrow[39m [36mnew[39m [33mError[39m([32m'conversation_intent_unknown'[39m)[33m;[39m
     [90m     |[39m               [31m[1m^[22m[39m
     [90m 145 |[39m       }
     [90m 146 |[39m       [36mconst[39m id [33m=[39m [36mthis[39m[33m.[39muniqueTaskId(rawTask[33m.[39mid[33m,[39m index[33m,[39m usedIds)[33m;[39m
     [90m 147 |[39m       usedIds[33m.[39madd(id)[33m;[39m[0m

      at ConversationIntelligenceService.validatePlan (conversation-intelligence/conversation-intelligence.service.ts:144:15)
      at AiCoreModelService.validateSemanticPlan (ai-tools/ai-core-model.service.ts:1365:42)
      at AiCoreModelService.validatePlanningResponse (ai-tools/ai-core-model.service.ts:1248:29)
      at parse (ai-tools/ai-core.service-price-semantic.spec.ts:102:36)
      at ai-tools/ai-core.service-price-semantic.spec.ts:141:20

  ● service price update semantic contract [actual parser/CI] › denies client even if a caller advertises the write tool

    conversation_intent_unknown

    [0m [90m 142 |[39m         [90m// A hallucinated intent must fail the structured planning stage. Falling[39m
     [90m 143 |[39m         [90m// back to small talk here can bypass the data and permission contract.[39m
    [31m[1m>[22m[39m[90m 144 |[39m         [36mthrow[39m [36mnew[39m [33mError[39m([32m'conversation_intent_unknown'[39m)[33m;[39m
     [90m     |[39m               [31m[1m^[22m[39m
     [90m 145 |[39m       }
     [90m 146 |[39m       [36mconst[39m id [33m=[39m [36mthis[39m[33m.[39muniqueTaskId(rawTask[33m.[39mid[33m,[39m index[33m,[39m usedIds)[33m;[39m
     [90m 147 |[39m       usedIds[33m.[39madd(id)[33m;[39m[0m

      at ConversationIntelligenceService.validatePlan (conversation-intelligence/conversation-intelligence.service.ts:144:15)
      at AiCoreModelService.validateSemanticPlan (ai-tools/ai-core-model.service.ts:1365:42)
      at AiCoreModelService.validatePlanningResponse (ai-tools/ai-core-model.service.ts:1248:29)
      at parse (ai-tools/ai-core.service-price-semantic.spec.ts:102:36)
      at ai-tools/ai-core.service-price-semantic.spec.ts:141:20

  ● service price update semantic contract [actual parser/CI] › clarifies missing price even when model arguments contain an ID and price

    conversation_intent_unknown

    [0m [90m 142 |[39m         [90m// A hallucinated intent must fail the structured planning stage. Falling[39m
     [90m 143 |[39m         [90m// back to small talk here can bypass the data and permission contract.[39m
    [31m[1m>[22m[39m[90m 144 |[39m         [36mthrow[39m [36mnew[39m [33mError[39m([32m'conversation_intent_unknown'[39m)[33m;[39m
     [90m     |[39m               [31m[1m^[22m[39m
     [90m 145 |[39m       }
     [90m 146 |[39m       [36mconst[39m id [33m=[39m [36mthis[39m[33m.[39muniqueTaskId(rawTask[33m.[39mid[33m,[39m index[33m,[39m usedIds)[33m;[39m
     [90m 147 |[39m       usedIds[33m.[39madd(id)[33m;[39m[0m

      at ConversationIntelligenceService.validatePlan (conversation-intelligence/conversation-intelligence.service.ts:144:15)
      at AiCoreModelService.validateSemanticPlan (ai-tools/ai-core-model.service.ts:1365:42)
      at AiCoreModelService.validatePlanningResponse (ai-tools/ai-core-model.service.ts:1248:29)
      at parse (ai-tools/ai-core.service-price-semantic.spec.ts:102:36)
      at ai-tools/ai-core.service-price-semantic.spec.ts:174:22

  ● service price update semantic contract [actual parser/CI] › clarifies missing service even when model arguments contain an ID and price

    conversation_intent_unknown

    [0m [90m 142 |[39m         [90m// A hallucinated intent must fail the structured planning stage. Falling[39m
     [90m 143 |[39m         [90m// back to small talk here can bypass the data and permission contract.[39m
    [31m[1m>[22m[39m[90m 144 |[39m         [36mthrow[39m [36mnew[39m [33mError[39m([32m'conversation_intent_unknown'[39m)[33m;[39m
     [90m     |[39m               [31m[1m^[22m[39m
     [90m 145 |[39m       }
     [90m 146 |[39m       [36mconst[39m id [33m=[39m [36mthis[39m[33m.[39muniqueTaskId(rawTask[33m.[39mid[33m,[39m index[33m,[39m usedIds)[33m;[39m
     [90m 147 |[39m       usedIds[33m.[39madd(id)[33m;[39m[0m

      at ConversationIntelligenceService.validatePlan (conversation-intelligence/conversation-intelligence.service.ts:144:15)
      at AiCoreModelService.validateSemanticPlan (ai-tools/ai-core-model.service.ts:1365:42)
      at AiCoreModelService.validatePlanningResponse (ai-tools/ai-core-model.service.ts:1248:29)
      at parse (ai-tools/ai-core.service-price-semantic.spec.ts:102:36)
      at ai-tools/ai-core.service-price-semantic.spec.ts:174:22

  ● service price update semantic contract [actual parser/CI] › clarifies missing both even when model arguments contain an ID and price

    conversation_intent_unknown

    [0m [90m 142 |[39m         [90m// A hallucinated intent must fail the structured planning stage. Falling[39m
     [90m 143 |[39m         [90m// back to small talk here can bypass the data and permission contract.[39m
    [31m[1m>[22m[39m[90m 144 |[39m         [36mthrow[39m [36mnew[39m [33mError[39m([32m'conversation_intent_unknown'[39m)[33m;[39m
     [90m     |[39m               [31m[1m^[22m[39m
     [90m 145 |[39m       }
     [90m 146 |[39m       [36mconst[39m id [33m=[39m [36mthis[39m[33m.[39muniqueTaskId(rawTask[33m.[39mid[33m,[39m index[33m,[39m usedIds)[33m;[39m
     [90m 147 |[39m       usedIds[33m.[39madd(id)[33m;[39m[0m

      at ConversationIntelligenceService.validatePlan (conversation-intelligence/conversation-intelligence.service.ts:144:15)
      at AiCoreModelService.validateSemanticPlan (ai-tools/ai-core-model.service.ts:1365:42)
      at AiCoreModelService.validatePlanningResponse (ai-tools/ai-core-model.service.ts:1248:29)
      at parse (ai-tools/ai-core.service-price-semantic.spec.ts:102:36)
      at ai-tools/ai-core.service-price-semantic.spec.ts:174:22

  ● service price update semantic contract [actual parser/CI] › does not substitute a catalog READ when the existing write capability is unavailable

    conversation_intent_unknown

    [0m [90m 142 |[39m         [90m// A hallucinated intent must fail the structured planning stage. Falling[39m
     [90m 143 |[39m         [90m// back to small talk here can bypass the data and permission contract.[39m
    [31m[1m>[22m[39m[90m 144 |[39m         [36mthrow[39m [36mnew[39m [33mError[39m([32m'conversation_intent_unknown'[39m)[33m;[39m
     [90m     |[39m               [31m[1m^[22m[39m
     [90m 145 |[39m       }
     [90m 146 |[39m       [36mconst[39m id [33m=[39m [36mthis[39m[33m.[39muniqueTaskId(rawTask[33m.[39mid[33m,[39m index[33m,[39m usedIds)[33m;[39m
     [90m 147 |[39m       usedIds[33m.[39madd(id)[33m;[39m[0m

      at ConversationIntelligenceService.validatePlan (conversation-intelligence/conversation-intelligence.service.ts:144:15)
      at AiCoreModelService.validateSemanticPlan (ai-tools/ai-core-model.service.ts:1365:42)
      at AiCoreModelService.validatePlanningResponse (ai-tools/ai-core-model.service.ts:1248:29)
      at parse (ai-tools/ai-core.service-price-semantic.spec.ts:102:36)
      at Object.<anonymous> (ai-tools/ai-core.service-price-semantic.spec.ts:192:20)

  ● service price update semantic contract [actual parser/CI] › uses explicit model-carried service as a preference while binding corrected price only from actual user messages

    conversation_intent_unknown

    [0m [90m 142 |[39m         [90m// A hallucinated intent must fail the structured planning stage. Falling[39m
     [90m 143 |[39m         [90m// back to small talk here can bypass the data and permission contract.[39m
    [31m[1m>[22m[39m[90m 144 |[39m         [36mthrow[39m [36mnew[39m [33mError[39m([32m'conversation_intent_unknown'[39m)[33m;[39m
     [90m     |[39m               [31m[1m^[22m[39m
     [90m 145 |[39m       }
     [90m 146 |[39m       [36mconst[39m id [33m=[39m [36mthis[39m[33m.[39muniqueTaskId(rawTask[33m.[39mid[33m,[39m index[33m,[39m usedIds)[33m;[39m
     [90m 147 |[39m       usedIds[33m.[39madd(id)[33m;[39m[0m

      at ConversationIntelligenceService.validatePlan (conversation-intelligence/conversation-intelligence.service.ts:144:15)
      at AiCoreModelService.validateSemanticPlan (ai-tools/ai-core-model.service.ts:1365:42)
      at AiCoreModelService.validatePlanningResponse (ai-tools/ai-core-model.service.ts:1248:29)
      at parse (ai-tools/ai-core.service-price-semantic.spec.ts:102:36)
      at Object.<anonymous> (ai-tools/ai-core.service-price-semantic.spec.ts:204:22)

  ● service price update semantic contract [actual parser/CI] › does not fill a missing current semantic service from tool arguments or an unrelated previous READ

    conversation_intent_unknown

    [0m [90m 142 |[39m         [90m// A hallucinated intent must fail the structured planning stage. Falling[39m
     [90m 143 |[39m         [90m// back to small talk here can bypass the data and permission contract.[39m
    [31m[1m>[22m[39m[90m 144 |[39m         [36mthrow[39m [36mnew[39m [33mError[39m([32m'conversation_intent_unknown'[39m)[33m;[39m
     [90m     |[39m               [31m[1m^[22m[39m
     [90m 145 |[39m       }
     [90m 146 |[39m       [36mconst[39m id [33m=[39m [36mthis[39m[33m.[39muniqueTaskId(rawTask[33m.[39mid[33m,[39m index[33m,[39m usedIds)[33m;[39m
     [90m 147 |[39m       usedIds[33m.[39madd(id)[33m;[39m[0m

      at ConversationIntelligenceService.validatePlan (conversation-intelligence/conversation-intelligence.service.ts:144:15)
      at AiCoreModelService.validateSemanticPlan (ai-tools/ai-core-model.service.ts:1365:42)
      at AiCoreModelService.validatePlanningResponse (ai-tools/ai-core-model.service.ts:1248:29)
      at parse (ai-tools/ai-core.service-price-semantic.spec.ts:102:36)
      at Object.<anonymous> (ai-tools/ai-core.service-price-semantic.spec.ts:252:20)

  ● service price update semantic contract [actual parser/CI] › does not convert an inflected corpus title into a literal authoritative selection

    conversation_intent_unknown

    [0m [90m 142 |[39m         [90m// A hallucinated intent must fail the structured planning stage. Falling[39m
     [90m 143 |[39m         [90m// back to small talk here can bypass the data and permission contract.[39m
    [31m[1m>[22m[39m[90m 144 |[39m         [36mthrow[39m [36mnew[39m [33mError[39m([32m'conversation_intent_unknown'[39m)[33m;[39m
     [90m     |[39m               [31m[1m^[22m[39m
     [90m 145 |[39m       }
     [90m 146 |[39m       [36mconst[39m id [33m=[39m [36mthis[39m[33m.[39muniqueTaskId(rawTask[33m.[39mid[33m,[39m index[33m,[39m usedIds)[33m;[39m
     [90m 147 |[39m       usedIds[33m.[39madd(id)[33m;[39m[0m

      at ConversationIntelligenceService.validatePlan (conversation-intelligence/conversation-intelligence.service.ts:144:15)
      at AiCoreModelService.validateSemanticPlan (ai-tools/ai-core-model.service.ts:1365:42)
      at AiCoreModelService.validatePlanningResponse (ai-tools/ai-core-model.service.ts:1248:29)
      at parse (ai-tools/ai-core.service-price-semantic.spec.ts:102:36)
      at Object.<anonymous> (ai-tools/ai-core.service-price-semantic.spec.ts:266:20)

  ● AiCore price preparation [actual semantic parser, synthetic owners] › binds literal raw intent and current catalog; correction=false

    conversation_intent_unknown

    [0m [90m 142 |[39m         [90m// A hallucinated intent must fail the structured planning stage. Falling[39m
     [90m 143 |[39m         [90m// back to small talk here can bypass the data and permission contract.[39m
    [31m[1m>[22m[39m[90m 144 |[39m         [36mthrow[39m [36mnew[39m [33mError[39m([32m'conversation_intent_unknown'[39m)[33m;[39m
     [90m     |[39m               [31m[1m^[22m[39m
     [90m 145 |[39m       }
     [90m 146 |[39m       [36mconst[39m id [33m=[39m [36mthis[39m[33m.[39muniqueTaskId(rawTask[33m.[39mid[33m,[39m index[33m,[39m usedIds)[33m;[39m
     [90m 147 |[39m       usedIds[33m.[39madd(id)[33m;[39m[0m

      at ConversationIntelligenceService.validatePlan (conversation-intelligence/conversation-intelligence.service.ts:144:15)
      at AiCoreModelService.validateSemanticPlan (ai-tools/ai-core-model.service.ts:1365:42)
      at AiCoreModelService.validatePlanningResponse (ai-tools/ai-core-model.service.ts:1248:29)
      at Object.<anonymous> (ai-tools/ai-core.service-price-semantic.spec.ts:309:45)
      at AiCoreService.chat (ai-tools/ai-core.service.ts:1108:43)
      at ai-tools/ai-core.service-price-semantic.spec.ts:401:22

  ● AiCore price preparation [actual semantic parser, synthetic owners] › binds literal raw intent and current catalog; correction=true

    conversation_intent_unknown

    [0m [90m 142 |[39m         [90m// A hallucinated intent must fail the structured planning stage. Falling[39m
     [90m 143 |[39m         [90m// back to small talk here can bypass the data and permission contract.[39m
    [31m[1m>[22m[39m[90m 144 |[39m         [36mthrow[39m [36mnew[39m [33mError[39m([32m'conversation_intent_unknown'[39m)[33m;[39m
     [90m     |[39m               [31m[1m^[22m[39m
     [90m 145 |[39m       }
     [90m 146 |[39m       [36mconst[39m id [33m=[39m [36mthis[39m[33m.[39muniqueTaskId(rawTask[33m.[39mid[33m,[39m index[33m,[39m usedIds)[33m;[39m
     [90m 147 |[39m       usedIds[33m.[39madd(id)[33m;[39m[0m

      at ConversationIntelligenceService.validatePlan (conversation-intelligence/conversation-intelligence.service.ts:144:15)
      at AiCoreModelService.validateSemanticPlan (ai-tools/ai-core-model.service.ts:1365:42)
      at AiCoreModelService.validatePlanningResponse (ai-tools/ai-core-model.service.ts:1248:29)
      at Object.<anonymous> (ai-tools/ai-core.service-price-semantic.spec.ts:309:45)
      at AiCoreService.chat (ai-tools/ai-core.service.ts:1108:43)
      at ai-tools/ai-core.service-price-semantic.spec.ts:401:22

  ● AiCore price preparation [actual semantic parser, synthetic owners] › inflected title cannot prepare a change using model service or amount

    conversation_intent_unknown

    [0m [90m 142 |[39m         [90m// A hallucinated intent must fail the structured planning stage. Falling[39m
     [90m 143 |[39m         [90m// back to small talk here can bypass the data and permission contract.[39m
    [31m[1m>[22m[39m[90m 144 |[39m         [36mthrow[39m [36mnew[39m [33mError[39m([32m'conversation_intent_unknown'[39m)[33m;[39m
     [90m     |[39m               [31m[1m^[22m[39m
     [90m 145 |[39m       }
     [90m 146 |[39m       [36mconst[39m id [33m=[39m [36mthis[39m[33m.[39muniqueTaskId(rawTask[33m.[39mid[33m,[39m index[33m,[39m usedIds)[33m;[39m
     [90m 147 |[39m       usedIds[33m.[39madd(id)[33m;[39m[0m

      at ConversationIntelligenceService.validatePlan (conversation-intelligence/conversation-intelligence.service.ts:144:15)
      at AiCoreModelService.validateSemanticPlan (ai-tools/ai-core-model.service.ts:1365:42)
      at AiCoreModelService.validatePlanningResponse (ai-tools/ai-core-model.service.ts:1248:29)
      at Object.<anonymous> (ai-tools/ai-core.service-price-semantic.spec.ts:309:45)
      at AiCoreService.chat (ai-tools/ai-core.service.ts:1108:43)
      at ai-tools/ai-core.service-price-semantic.spec.ts:440:22

  ● AiCore price preparation [actual semantic parser, synthetic owners] › stale catalog cannot prepare a change using model service or amount

    conversation_intent_unknown

    [0m [90m 142 |[39m         [90m// A hallucinated intent must fail the structured planning stage. Falling[39m
     [90m 143 |[39m         [90m// back to small talk here can bypass the data and permission contract.[39m
    [31m[1m>[22m[39m[90m 144 |[39m         [36mthrow[39m [36mnew[39m [33mError[39m([32m'conversation_intent_unknown'[39m)[33m;[39m
     [90m     |[39m               [31m[1m^[22m[39m
     [90m 145 |[39m       }
     [90m 146 |[39m       [36mconst[39m id [33m=[39m [36mthis[39m[33m.[39muniqueTaskId(rawTask[33m.[39mid[33m,[39m index[33m,[39m usedIds)[33m;[39m
     [90m 147 |[39m       usedIds[33m.[39madd(id)[33m;[39m[0m

      at ConversationIntelligenceService.validatePlan (conversation-intelligence/conversation-intelligence.service.ts:144:15)
      at AiCoreModelService.validateSemanticPlan (ai-tools/ai-core-model.service.ts:1365:42)
      at AiCoreModelService.validatePlanningResponse (ai-tools/ai-core-model.service.ts:1248:29)
      at Object.<anonymous> (ai-tools/ai-core.service-price-semantic.spec.ts:309:45)
      at AiCoreService.chat (ai-tools/ai-core.service.ts:1108:43)
      at ai-tools/ai-core.service-price-semantic.spec.ts:440:22

Test Suites: 1 failed, 1 total
Tests:       26 failed, 1 passed, 27 total
Snapshots:   0 total
Time:        2.721 s
Ran all test suites within paths "src/ai-tools/ai-core.service-price-semantic.spec.ts".
