✔ finite projections preserve exact decimals and strip source authority; malformed and drift refuse (1.750375ms)
✔ certified approval with assistant correlation passes; wrong kind/capability and contradictory status refuse (0.834625ms)
✔ multipart uses one fixed photo name, no manual boundary or original filename; default parser unavailable is explicit (10.067375ms)
✔ JSON DTOs stay closed, preserve current conversation and witness, and invalid input makes no request (0.953625ms)
✔ review loss or malformed success stays unknown with no resend; 401 refresh is bounded (0.44175ms)
✔ preview adds no chat and performs no lookup; explicit item selection keeps all review fields blank (3.422667ms)
✔ exact correction prepares one version, sends canonical owner resolution, and only explicit changed draft advances (1.129833ms)
✔ response loss blocks every repeat/edit path; held and completed are terminal (1.047625ms)
✔ single photo flight locks chat; close aborts request and suppresses late result (0.466917ms)
✔ privacy epoch and signout erase fields, abort detail and never resurrect a late canonical turn (0.74375ms)
✔ source refusal preserves original witness and does not perform automatic lookup/review (0.780791ms)
✔ absent transport is honestly unavailable without fabricated transcript (0.184541ms)
✔ canonical operation refuses foreign conversation and duplicate canonical turns do not reanimate widgets (0.319875ms)
✔ restored completed canonical review remains display-only on explicit stable replay (0.326708ms)
ℹ tests 14
ℹ suites 0
ℹ pass 14
ℹ fail 0
ℹ cancelled 0
ℹ skipped 0
ℹ todo 0
ℹ duration_ms 80.076125
