✔ receipt restoration uses one bounded read and discards a late old-session result (9.37375ms)
✔ receipt forbidden does not create authority or block restored text chat (1.475083ms)
✔ receipt no_connection does not create authority or block restored text chat (0.430541ms)
✔ receipt server_error does not create authority or block restored text chat (0.422ms)
✔ receipt tenant_unbound cannot publish unbound text or strand the composer (0.305292ms)
✔ receipt reader_rejects cannot publish unbound text or strand the composer (0.310917ms)
✔ receipt reader_throws cannot publish unbound text or strand the composer (0.400292ms)
✔ receipt sink_throws cannot publish unbound text or strand the composer (0.390625ms)
✔ an older server missing the additive history route remains usable with a visible limitation (0.512042ms)
✔ server continuation waits before send, restores text only, excludes unfinished work from context (0.963584ms)
✔ logout aborts restoration; an old session result never enters the next conversation (0.746583ms)
✔ history failure is visible; next send retries only the read and keeps the draft until context is restored (1.562792ms)
✔ submitUserTurn is the sole path: only it (and retry of its own turn) calls Transport.chat (3.168875ms)
✔ typed and spoken turns are byte-identical on the wire; the modality stays on the item (0.085041ms)
✔ the user text: NFC and trimmed, 1..2000 units, refused visibly and never truncated; one turn in flight (0.375625ms)
✔ D6: after the 3 500-unit reply fixture every history item is ≤ 2000, the pair is not split, and the next turns are accepted (0.350417ms)
✔ history: only sent user turns and real replies, the last 11 plus the new message (DTO 1..12) (1.142208ms)
✔ same-requestId retry only after 429 / 502 / network / abort / 503 — never after 409 or an unknown outcome (1.111917ms)
✔ 409 is terminal for its id; an older failed turn loses its same-id retry once the conversation moves on (0.418125ms)
✔ approval_required: the reply, then the approval_not_here notice; the next turn carries the reply and never the notice (0.280333ms)
✔ 402 / 403 / tenant_required / 400: a conversation notice, the composer state, and none of it in history (0.343416ms)
✔ sign-out empties the timeline and aborts the turn in flight; nothing crosses into the next session (0.19475ms)
✔ display cap: 200 items on screen, older ones dropped and disclosed, never silently (5.167875ms)
✔ subscribers see every state change, in order, and can unsubscribe (0.269875ms)
✔ over the real net client: the long reply and the approval shape end in DTO-valid next turns (fetch replaced) (17.586959ms)
✔ TURN-ID carries only the server conversation reference, preserves retry identity, and clears it on logout (0.453542ms)
✔ history erasure net: canonical path, exact body, current bearer and allowlisted original completion (15.397541ms)
✔ history erasure net: invalid UUIDs and getters are refused before authorization or fetch (0.342666ms)
✔ history erasure net: completion needs exact contract, canonical echoes and a real UTC timestamp (0.178209ms)
✔ history erasure net: malformed 2xx is unknown and never resends (0.614958ms)
✔ history erasure net: finite HTTP failures disclose no response content and never resend (0.976541ms)
✔ history erasure net: lost result stays unknown until an explicit same-request retry returns persisted completion (0.206209ms)
✔ history erasure net: timeout and caller abort after dispatch are unknown, with no retry (5.055667ms)
✔ history erasure net: signed-out, unavailable auth and pre-abort dispatch nothing (0.166542ms)
✔ history erasure net: one current-auth 401 refresh preserves the exact frozen request (0.287125ms)
✔ history erasure net: second 401 ends the session without a third dispatch (0.169334ms)
✔ history erasure net: revocation or lost refresh after 401 cannot dispatch again (0.138459ms)
✔ history erasure ratchet: only the exact UUID-guarded encoded suffix is admitted (4093.299542ms)
✔ PATHS holds exactly the approved literals; one fetch call site; API_BASE is the one endpoint line (73.932625ms)
✔ typed methods only: the two widget methods are explicit; no generic request or token accessor (0.317833ms)
✔ widget transport sends only typed bodies and retains only authorized response members (9.074792ms)
✔ NS-1: `resolved_widget` survives projection in its envelope shape only; every other shape is null, never a rejection (2.397209ms)
✔ email start keeps {next_step} only — debug_code never survives (0.263084ms)
✔ email verify (one business): tokens + TOP-LEVEL tenant.name + user.name; every other key dropped (0.479083ms)
✔ email verify (select_business): businesses[].role dropped, slug echoed verbatim at re-verify (0.200791ms)
✔ password login: body keys exactly {tenantSlug, email, password}; tenant NESTED at user.tenant; null name → "" (0.29925ms)
✔ signInPassword refuses an empty business address before any request (V2-6) (0.0915ms)
✔ refresh: tokens + session only → grant; display stays what sign-in set (0.482125ms)
✔ malformed success bodies are unexpected_response, never a partial sign-in (0.291084ms)
✔ the password path never tells an existing account from a wrong password: /auth/login 401, 403 (either body) and 404 are one state (0.092375ms)
✔ §1.4 sign-in failure table: every row maps to its named state; silent login outcomes = 0 (1.155125ms)
✔ row 9 client-side: the same field state before sending, 0 requests (IsEmail shape, 4..8 digits, MinLength 8) (0.057292ms)
✔ row 10: a sign-in request that times out is no_connection (26.593625ms)
✔ row 11: /ai/chat → 403 tenant_required is its own named failure (0.480375ms)
✔ /ai/chat request: exactly {surface, requestId, messages}, surface "web", Bearer, omit, no-store; no audience or tenant on the wire (0.252042ms)
✔ approval_required: action_status copies action.status only — never action.approval (V2-5) (0.20275ms)
✔ B4: /ai/chat retains one exact SH-19 authorized envelope and rejects an incomplete substitute (0.56625ms)
✔ /ai/chat taxonomy: 402, 403×3, 429, 400, 503 modelFailure, 409, 502/network, 5xx, unexpected — one named failure each (1.082541ms)
✔ /ai/chat timeout (80 s in production) is no_connection; a caller abort is aborted (34.155959ms)
✔ 401 → one refresh → one retry with the new bearer (0.508167ms)
✔ two or more parallel 401s produce exactly one /auth/refresh (single flight); every call retried with the new bearer (21.342083ms)
✔ a 401 that arrives after another call already refreshed reuses the new grant (no second refresh) (6.957417ms)
✔ proactive refresh within 30 s of expiry: parallel calls share one refresh (12.659458ms)
✔ terminal refresh codes end the session with that reason, notify once, and send no retry (0.841875ms)
✔ refresh that cannot complete now keeps the session: 429 → rate_limited, network → no_connection (0.392667ms)
✔ refresh 400 validation, 401 without a code and a malformed 2xx each end the session (no silent loop) (0.533041ms)
✔ a 401 on the retry after a successful refresh ends the session (session_revoked); never a loop (0.203042ms)
✔ a lapsed refresh token ends the session as session_expired with 0 requests (0.073791ms)
✔ aborting a turn while it waits on a shared refresh returns aborted at once; the refresh still lands (11.235833ms)
✔ /ai/transcribe: body exactly {audioBase64}; {transcript} kept; failures mapped (§1.9) (27.20125ms)
✔ never signed in: view reason null; chat and transcribe answer signed_out with 0 requests (0.137958ms)
✔ signOut: signed out locally at once, then /auth/logout with the bearer; later calls send nothing (0.322458ms)
✔ signOut never throws when logout fails, and a failing subscriber does not stop the others (12.98275ms)
✔ signOut with an expired access token refreshes once to revoke; the refreshed grant is never installed (0.45875ms)
✔ signOut after the refresh token lapsed sends nothing: there is no server session left to revoke (0.134083ms)
✔ signOut during an in-flight refresh: logout uses the refreshed bearer; the waiting turn ends signed_out (5.732459ms)
✔ a grant from a later sign-in is never handed to a call made under the earlier one (5.902042ms)
✔ the purity gates admit src/net/** as written (fetch shape, PATHS, surface, audience, globals, imports, collisions) (3750.943083ms)
✔ the gates are not vacuous over these files: a tenth path, a second fetch, a storage read and surface "voice" are refused (229.529375ms)
✔ createNet() is structurally SessionPort + Transport (shell/ports.ts, frozen in S0) with no adapter (209.728625ms)
✔ no storage, no document, no cookie: never touched at runtime, never named in src/net (0.527916ms)
✔ the finder: one GET to the allowlisted path, the term percent-encoded, no body and no content type (0.308917ms)
✔ the finder refuses a one-character term before any request, and names the server's own minimum (0.037ms)
✔ Telegram start: the web body names this page's callback, the native body names none, and only Telegram's own URL is followed (0.414166ms)
✔ the landing signs in: body exactly {state, code}, the login projection reused verbatim, is_new_user carried (0.228584ms)
✔ a callback nobody here asked for is refused before any request — the whole defence against a delivered pair (0.102583ms)
✔ one login, one landing: the second delivery of the same callback is refused without spending a request (0.146125ms)
✔ the two carriers land the same callback: an object from the native shim, this page’s fragment on the web (0.382042ms)
✔ a fragment that is not exactly a callback is not one: no mark, a repeated key, a bad escape, a route (0.307667ms)
✔ the provider said no: error=access_denied is its own state and sends nothing (0.062ms)
✔ every completion failure the server can answer is a named state, and each one restarts the login (0.905291ms)
✔ a 2xx that is not a login does not sign anyone in (0.27825ms)
✔ conversation history is authenticated GET with no selector/body, refreshes once, and strips action authority (0.543416ms)
✔ every request of this suite went to an approved URL, and all approved URLs were exercised (0.041958ms)
✔ a fresh login over an active session clears its timeline and rejects a delayed previous history, even with identical display names (11.186542ms)
✔ only explicit confirmation for a server-owned current conversation sends erasure (3.905417ms)
✔ lost response freezes actions; manual retry preserves the same tuple and fresh turn has no deleted history (0.883334ms)
✔ inflight chat, retained receipt read and stale timeline callbacks cannot resurrect content (0.846541ms)
✔ all widget capabilities including detail-only entries are released, and late submission is ignored (11.694958ms)
✔ pending render observation cannot start after erasure cleared its entry (1.287542ms)
✔ privacy closes the real personal receiver, drops selections and ignores a late personal read (2.163ms)
✔ privacy explicitly cancels committed voice transcription; delayed transcript never submits a new turn (0.621166ms)
✔ logout/new login invalidates erasure continuation; late completion cannot clear the next session (0.330375ms)
✔ replacement session during synchronous voice cancellation cannot dispatch the old target (0.319041ms)
✔ replacement session during synchronous conversation freeze cannot dispatch the old target (0.25ms)
✔ replacement session during synchronous retry publication cannot dispatch the old target (0.226333ms)
✔ definite forbidden never claims completion or revives old controls (0.164792ms)
✔ definite unavailable never claims completion or revives old controls (0.269542ms)
✔ definite conflict never claims completion or revives old controls (0.165458ms)
✔ definite invalid_request never claims completion or revives old controls (0.135584ms)
✔ mismatched completion remains uncertain and cannot unlock the conversation (0.212166ms)
✔ initial state: the conversation is open, the primary route is shell.root, nothing is fullscreen (0.669416ms)
✔ pure transitions: only the five base routes are primary; one detail at a time; closing always works (0.196959ms)
✔ no route key or URL opens a fullscreen: the module has no key-based opener (0.42575ms)
✔ PROGRESS → OPEN → close: one history entry for the current address, popped once; the opener is kept for focus return (0.233667ms)
✔ Back closes the detail without popping another entry; Esc/Close pops the entry it pushed (0.088458ms)
✔ closeProgress closes only a PROGRESS detail for that item; navigate closes any detail (P-06: the conversation is one action away) (0.082917ms)
✔ presentDetail refuses without a source, without a timeline opener, and when the source refuses (0.281542ms)
✔ sign-out closes the detail and returns to the root route (0.117833ms)
✔ signed out, the primary route stays the root (SH-04); a route landed while signed out applies at sign-in (0.088458ms)
✔ the runtime: one widget port for the DOM, a real detail at SHEET density, and the fragment landed without a request (13.716ms)
✔ P-B4: a successful chat resolution reaches the existing H7/vault/renderer path without a second transport (1.310916ms)
✔ login restores only bounded booking terminal prose through the existing reader, without widget activation (0.676916ms)
✔ personal receiver survives normal detail redraw and is removed by frozen/expired result (0.170834ms)
✔ personal child expiring during preparation never mounts a receiver (0.059083ms)
✔ personal catalog receiver requires exact kind/source and live verified detail (0.078583ms)
✔ 1 V1/G8: a spoken turn and a typed turn with the same text produce byte-identical /ai/chat bodies (16.387708ms)
✔ 1b D2: no client-side resolution — escape words, ordinals and affirmations reach the chat verbatim (196.146541ms)
✔ 1c V1/G8 on THE conversation: spoken and typed turns through src/shell/conversation.ts give byte-identical DTO-valid /ai/chat bodies (no alias, ordinal or modality on the wire) (17.414333ms)
✔ 2 no readback: a spoken turn builds no readback or affirmation and never a voice surface (6.948833ms)
✔ 3 V6: a PII lock refuses arming with the neutral Cell and 0 getUserMedia calls (0.690083ms)
✔ 3b V6 at commit: a lock that arrives while listening drops the clip — 0 requests, tracks ended (0.99575ms)
✔ 4 V7: capture refuses to arm without a genuine, unspent GestureProof (0.162375ms)
✔ 4b V7: the machine ignores arm/send without a proof; the control mints proofs only from trusted clicks (1.751708ms)
✔ 4c V7 lint: getUserMedia appears once in the bundle, as navigator.mediaDevices.getUserMedia inside a GestureProof function (25.344208ms)
✔ 5 V11: every unavailability cause yields exactly the one Cell, and the composer stays first (8.342417ms)
✔ 6 encoder: the 44-byte header and the file equal the backend spec fixture for a known PCM input (18.622459ms)
✔ 6b encoder cross-check: the backend AiSpeechService parser accepts 1 s and 20 s and refuses 33 s (116.544292ms)
✔ 7 cap: at 20 s the state is held, capture stopped, 0 requests — and nothing is ever auto-sent (5.302291ms)
✔ 7b cancel from arming, listening or held (and Esc, hidden, route change, sign-out) makes 0 requests and stops every track (15.44575ms)
✔ 7c cancel while transcribing aborts the request and submits nothing; hidden does not abort a committed clip (2.341ms)
✔ 7d short clips, timeouts and failures: neutral notices, no retry, no chat turn (14.440375ms)
✔ 8 V8/A-9: listening and recording differ in non-motion glyph and label; the meter is three discrete steps (0.312708ms)
✔ 9 A-12: one polite live region, written on state or notice change only; no role="alert" anywhere (2.236709ms)
✔ 9b focus never falls out of the control: a hidden focused control hands focus to the next one (0.359542ms)
✔ 9c WCAG 2.5.3 label in name: every voice control’s accessible name begins with the words it shows, in every state (0.248333ms)
✔ 10 hygiene: the voice modules hold no console, storage, object URL, playback or network API (62.228875ms)
ℹ tests 147
ℹ suites 0
ℹ pass 147
ℹ fail 0
ℹ cancelled 0
ℹ skipped 0
ℹ todo 0
ℹ duration_ms 4573.208041
