✔ receipt restoration uses one bounded read and discards a late old-session result (9.021708ms)
✔ receipt forbidden does not create authority or block restored text chat (1.3885ms)
✔ receipt no_connection does not create authority or block restored text chat (1.046959ms)
✔ receipt server_error does not create authority or block restored text chat (0.372125ms)
✔ receipt tenant_unbound cannot publish unbound text or strand the composer (0.458167ms)
✔ receipt reader_rejects cannot publish unbound text or strand the composer (0.388791ms)
✔ receipt reader_throws cannot publish unbound text or strand the composer (0.278791ms)
✔ receipt sink_throws cannot publish unbound text or strand the composer (0.2395ms)
✔ an older server missing the additive history route remains usable with a visible limitation (0.361584ms)
✔ server continuation waits before send, restores text only, excludes unfinished work from context (0.9435ms)
✔ logout aborts restoration; an old session result never enters the next conversation (1.488458ms)
✔ history failure is visible; next send retries only the read and keeps the draft until context is restored (0.679334ms)
✔ submitUserTurn is the sole path: only it (and retry of its own turn) calls Transport.chat (3.2585ms)
✔ typed and spoken turns are byte-identical on the wire; the modality stays on the item (0.09025ms)
✔ the user text: NFC and trimmed, 1..2000 units, refused visibly and never truncated; one turn in flight (0.398458ms)
✔ D6: after the 3 500-unit reply fixture every history item is ≤ 2000, the pair is not split, and the next turns are accepted (0.470416ms)
✔ history: only sent user turns and real replies, the last 11 plus the new message (DTO 1..12) (1.010583ms)
✔ same-requestId retry only after 429 / 502 / network / abort / 503 — never after 409 or an unknown outcome (1.383209ms)
✔ 409 is terminal for its id; an older failed turn loses its same-id retry once the conversation moves on (0.291542ms)
✔ approval_required: the reply, then the approval_not_here notice; the next turn carries the reply and never the notice (0.314542ms)
✔ 402 / 403 / tenant_required / 400: a conversation notice, the composer state, and none of it in history (0.442958ms)
✔ sign-out empties the timeline and aborts the turn in flight; nothing crosses into the next session (0.229875ms)
✔ display cap: 200 items on screen, older ones dropped and disclosed, never silently (5.006166ms)
✔ subscribers see every state change, in order, and can unsubscribe (0.2415ms)
✔ over the real net client: the long reply and the approval shape end in DTO-valid next turns (fetch replaced) (17.332542ms)
✔ TURN-ID carries only the server conversation reference, preserves retry identity, and clears it on logout (0.4205ms)
✔ history erasure net: canonical path, exact body, current bearer and allowlisted original completion (11.770334ms)
✔ history erasure net: invalid UUIDs and getters are refused before authorization or fetch (0.316833ms)
✔ history erasure net: completion needs exact contract, canonical echoes and a real UTC timestamp (0.168916ms)
✔ history erasure net: malformed 2xx is unknown and never resends (0.60475ms)
✔ history erasure net: finite HTTP failures disclose no response content and never resend (0.939958ms)
✔ history erasure net: lost result stays unknown until an explicit same-request retry returns persisted completion (0.18975ms)
✔ history erasure net: timeout and caller abort after dispatch are unknown, with no retry (6.294708ms)
✔ history erasure net: signed-out, unavailable auth and pre-abort dispatch nothing (0.165458ms)
✔ history erasure net: one current-auth 401 refresh preserves the exact frozen request (0.287375ms)
✔ history erasure net: second 401 ends the session without a third dispatch (0.166375ms)
✔ history erasure net: revocation or lost refresh after 401 cannot dispatch again (0.138ms)
✔ history erasure ratchet: only the exact UUID-guarded encoded suffix is admitted (3901.572333ms)
✔ PATHS holds exactly the approved literals; one fetch call site; API_BASE is the one endpoint line (72.770458ms)
✔ typed methods only: the two widget methods are explicit; no generic request or token accessor (0.340875ms)
✔ widget transport sends only typed bodies and retains only authorized response members (8.84125ms)
✔ NS-1: `resolved_widget` survives projection in its envelope shape only; every other shape is null, never a rejection (2.448208ms)
✔ email start keeps {next_step} only — debug_code never survives (0.284417ms)
✔ email verify (one business): tokens + TOP-LEVEL tenant.name + user.name; every other key dropped (0.509709ms)
✔ email verify (select_business): businesses[].role dropped, slug echoed verbatim at re-verify (0.233708ms)
✔ password login: body keys exactly {tenantSlug, email, password}; tenant NESTED at user.tenant; null name → "" (0.328084ms)
✔ signInPassword refuses an empty business address before any request (V2-6) (0.127875ms)
✔ refresh: tokens + session only → grant; display stays what sign-in set (0.655208ms)
✔ malformed success bodies are unexpected_response, never a partial sign-in (0.317583ms)
✔ the password path never tells an existing account from a wrong password: /auth/login 401, 403 (either body) and 404 are one state (0.1ms)
✔ §1.4 sign-in failure table: every row maps to its named state; silent login outcomes = 0 (1.187167ms)
✔ row 9 client-side: the same field state before sending, 0 requests (IsEmail shape, 4..8 digits, MinLength 8) (0.058584ms)
✔ row 10: a sign-in request that times out is no_connection (27.825875ms)
✔ row 11: /ai/chat → 403 tenant_required is its own named failure (0.446375ms)
✔ /ai/chat request: exactly {surface, requestId, messages}, surface "web", Bearer, omit, no-store; no audience or tenant on the wire (0.251708ms)
✔ approval_required: action_status copies action.status only — never action.approval (V2-5) (0.201083ms)
✔ B4: /ai/chat retains one exact SH-19 authorized envelope and rejects an incomplete substitute (0.585709ms)
✔ /ai/chat taxonomy: 402, 403×3, 429, 400, 503 modelFailure, 409, 502/network, 5xx, unexpected — one named failure each (1.085333ms)
✔ /ai/chat timeout (80 s in production) is no_connection; a caller abort is aborted (33.200041ms)
✔ 401 → one refresh → one retry with the new bearer (0.550291ms)
✔ two or more parallel 401s produce exactly one /auth/refresh (single flight); every call retried with the new bearer (21.047875ms)
✔ a 401 that arrives after another call already refreshed reuses the new grant (no second refresh) (6.955ms)
✔ proactive refresh within 30 s of expiry: parallel calls share one refresh (12.743208ms)
✔ terminal refresh codes end the session with that reason, notify once, and send no retry (0.889708ms)
✔ refresh that cannot complete now keeps the session: 429 → rate_limited, network → no_connection (0.416792ms)
✔ refresh 400 validation, 401 without a code and a malformed 2xx each end the session (no silent loop) (0.572292ms)
✔ a 401 on the retry after a successful refresh ends the session (session_revoked); never a loop (0.243917ms)
✔ a lapsed refresh token ends the session as session_expired with 0 requests (0.102ms)
✔ aborting a turn while it waits on a shared refresh returns aborted at once; the refresh still lands (12.1865ms)
✔ /ai/transcribe: body exactly {audioBase64}; {transcript} kept; failures mapped (§1.9) (27.123583ms)
✔ never signed in: view reason null; chat and transcribe answer signed_out with 0 requests (0.128291ms)
✔ signOut: signed out locally at once, then /auth/logout with the bearer; later calls send nothing (0.316334ms)
✔ signOut never throws when logout fails, and a failing subscriber does not stop the others (11.909416ms)
✔ signOut with an expired access token refreshes once to revoke; the refreshed grant is never installed (0.4955ms)
✔ signOut after the refresh token lapsed sends nothing: there is no server session left to revoke (0.147334ms)
✔ signOut during an in-flight refresh: logout uses the refreshed bearer; the waiting turn ends signed_out (6.917625ms)
✔ a grant from a later sign-in is never handed to a call made under the earlier one (5.708292ms)
✔ the purity gates admit src/net/** as written (fetch shape, PATHS, surface, audience, globals, imports, collisions) (3483.370334ms)
✔ the gates are not vacuous over these files: a tenth path, a second fetch, a storage read and surface "voice" are refused (226.601709ms)
✔ createNet() is structurally SessionPort + Transport (shell/ports.ts, frozen in S0) with no adapter (162.258042ms)
✔ no storage, no document, no cookie: never touched at runtime, never named in src/net (0.516458ms)
✔ the finder: one GET to the allowlisted path, the term percent-encoded, no body and no content type (0.314583ms)
✔ the finder refuses a one-character term before any request, and names the server's own minimum (0.03625ms)
✔ Telegram start: the web body names this page's callback, the native body names none, and only Telegram's own URL is followed (0.413167ms)
✔ the landing signs in: body exactly {state, code}, the login projection reused verbatim, is_new_user carried (0.224333ms)
✔ a callback nobody here asked for is refused before any request — the whole defence against a delivered pair (0.102333ms)
✔ one login, one landing: the second delivery of the same callback is refused without spending a request (0.132292ms)
✔ the two carriers land the same callback: an object from the native shim, this page’s fragment on the web (0.381625ms)
✔ a fragment that is not exactly a callback is not one: no mark, a repeated key, a bad escape, a route (0.3245ms)
✔ the provider said no: error=access_denied is its own state and sends nothing (0.058958ms)
✔ every completion failure the server can answer is a named state, and each one restarts the login (0.89825ms)
✔ a 2xx that is not a login does not sign anyone in (0.343833ms)
✔ conversation history is authenticated GET with no selector/body, refreshes once, and strips action authority (0.495791ms)
✔ every request of this suite went to an approved URL, and all approved URLs were exercised (0.040708ms)
✔ a fresh login over an active session clears its timeline and rejects a delayed previous history, even with identical display names (11.929958ms)
✔ only explicit confirmation for a server-owned current conversation sends erasure (4.20975ms)
✔ lost response freezes actions; manual retry preserves the same tuple and fresh turn has no deleted history (1.516ms)
✔ inflight chat, retained receipt read and stale timeline callbacks cannot resurrect content (1.18ms)
✔ all widget capabilities including detail-only entries are released, and late submission is ignored (11.272958ms)
✔ pending render observation cannot start after erasure cleared its entry (1.240958ms)
✔ privacy explicitly cancels committed voice transcription; delayed transcript never submits a new turn (0.886833ms)
✔ logout/new login invalidates erasure continuation; late completion cannot clear the next session (0.66775ms)
✔ definite forbidden never claims completion or revives old controls (0.618167ms)
✔ definite unavailable never claims completion or revives old controls (0.437084ms)
✔ definite conflict never claims completion or revives old controls (0.265625ms)
✔ definite invalid_request never claims completion or revives old controls (0.171542ms)
✔ mismatched completion remains uncertain and cannot unlock the conversation (0.206333ms)
✔ initial state: the conversation is open, the primary route is shell.root, nothing is fullscreen (0.624833ms)
✔ pure transitions: only the five base routes are primary; one detail at a time; closing always works (0.192375ms)
✔ no route key or URL opens a fullscreen: the module has no key-based opener (0.407667ms)
✔ PROGRESS → OPEN → close: one history entry for the current address, popped once; the opener is kept for focus return (0.226834ms)
✔ Back closes the detail without popping another entry; Esc/Close pops the entry it pushed (0.329ms)
✔ closeProgress closes only a PROGRESS detail for that item; navigate closes any detail (P-06: the conversation is one action away) (0.111041ms)
✔ presentDetail refuses without a source, without a timeline opener, and when the source refuses (0.077833ms)
✔ sign-out closes the detail and returns to the root route (0.15ms)
✔ signed out, the primary route stays the root (SH-04); a route landed while signed out applies at sign-in (0.096083ms)
✔ the runtime: one widget port for the DOM, a real detail at SHEET density, and the fragment landed without a request (13.431958ms)
✔ P-B4: a successful chat resolution reaches the existing H7/vault/renderer path without a second transport (1.344833ms)
✔ login restores only bounded booking terminal prose through the existing reader, without widget activation (0.592208ms)
✔ personal receiver survives normal detail redraw and is removed by frozen/expired result (0.104667ms)
✔ personal child expiring during preparation never mounts a receiver (0.047ms)
✔ personal catalog receiver requires exact kind/source and live verified detail (0.065ms)
✔ 1 V1/G8: a spoken turn and a typed turn with the same text produce byte-identical /ai/chat bodies (18.154875ms)
✔ 1b D2: no client-side resolution — escape words, ordinals and affirmations reach the chat verbatim (198.3415ms)
✔ 1c V1/G8 on THE conversation: spoken and typed turns through src/shell/conversation.ts give byte-identical DTO-valid /ai/chat bodies (no alias, ordinal or modality on the wire) (16.185209ms)
✔ 2 no readback: a spoken turn builds no readback or affirmation and never a voice surface (6.696167ms)
✔ 3 V6: a PII lock refuses arming with the neutral Cell and 0 getUserMedia calls (0.938917ms)
✔ 3b V6 at commit: a lock that arrives while listening drops the clip — 0 requests, tracks ended (1.0035ms)
✔ 4 V7: capture refuses to arm without a genuine, unspent GestureProof (0.200916ms)
✔ 4b V7: the machine ignores arm/send without a proof; the control mints proofs only from trusted clicks (1.917834ms)
✔ 4c V7 lint: getUserMedia appears once in the bundle, as navigator.mediaDevices.getUserMedia inside a GestureProof function (24.72225ms)
✔ 5 V11: every unavailability cause yields exactly the one Cell, and the composer stays first (8.391333ms)
✔ 6 encoder: the 44-byte header and the file equal the backend spec fixture for a known PCM input (23.498666ms)
✔ 6b encoder cross-check: the backend AiSpeechService parser accepts 1 s and 20 s and refuses 33 s (104.401833ms)
✔ 7 cap: at 20 s the state is held, capture stopped, 0 requests — and nothing is ever auto-sent (4.934542ms)
✔ 7b cancel from arming, listening or held (and Esc, hidden, route change, sign-out) makes 0 requests and stops every track (15.607584ms)
✔ 7c cancel while transcribing aborts the request and submits nothing; hidden does not abort a committed clip (2.444ms)
✔ 7d short clips, timeouts and failures: neutral notices, no retry, no chat turn (14.733708ms)
✔ 8 V8/A-9: listening and recording differ in non-motion glyph and label; the meter is three discrete steps (0.292583ms)
✔ 9 A-12: one polite live region, written on state or notice change only; no role="alert" anywhere (2.066458ms)
✔ 9b focus never falls out of the control: a hidden focused control hands focus to the next one (0.304042ms)
✔ 9c WCAG 2.5.3 label in name: every voice control’s accessible name begins with the words it shows, in every state (0.248292ms)
✔ 10 hygiene: the voice modules hold no console, storage, object URL, playback or network API (60.836917ms)
ℹ tests 143
ℹ suites 0
ℹ pass 143
ℹ fail 0
ℹ cancelled 0
ℹ skipped 0
ℹ todo 0
ℹ duration_ms 4259.373542
