widgets-live: proof database maya_widget_gate_proof_bookingconfirmation_7c059206297f on 127.0.0.1:60954 (local)
[31m[Nest] 49771  - [39m10/06/2026, 11:59:42 PM [31m  ERROR[39m [38;5;3m[CrmAdapterFactory] [39m[31mYCLIENTS_PARTNER_TOKEN не задан: подключение YClients и Altegio будет отклоняться для ВСЕХ салонов. Внутренний календарь при этом работает.[39m
[31m[Nest] 49771  - [39m10/06/2026, 11:59:42 PM [31m  ERROR[39m [38;5;3m[CrmAdapterFactory] [39m[31mYCLIENTS_PARTNER_TOKEN не задан: подключение YClients и Altegio будет отклоняться для ВСЕХ салонов. Внутренний календарь при этом работает.[39m
FAIL test/widgets-live/chat-catalog-booking.live-spec.ts
  ● Natural booking catalog binding [HTTP] [PostgreSQL] [scripted model] [production carrier] › projects a known uncommon name inside a full resumed assistant transcript before serialization

    expect(received).toMatch(expected)

    Expected pattern: /^\[name removed\]@[a-f0-9]{32}_\d+: выберем/
    Received string:  "Борода завтра"

      528 |       conversation: { content: string }[];
      529 |     };
    > 530 |     expect(data.conversation[0].content).toMatch(
          |                                          ^
      531 |       /^\[name removed\]@[a-f0-9]{32}_\d+: выберем/,
      532 |     );
      533 |     expect(

      at Object.<anonymous> (widgets-live/chat-catalog-booking.live-spec.ts:530:42)

[31m[Nest] 49771  - [39m10/06/2026, 11:59:45 PM [31m  ERROR[39m [38;5;3m[CrmAdapterFactory] [39m[31mYCLIENTS_PARTNER_TOKEN не задан: подключение YClients и Altegio будет отклоняться для ВСЕХ салонов. Внутренний календарь при этом работает.[39m
[31m[Nest] 49771  - [39m10/06/2026, 11:59:45 PM [31m  ERROR[39m [38;5;3m[CrmAdapterFactory] [39m[31mYCLIENTS_PARTNER_TOKEN не задан: подключение YClients и Altegio будет отклоняться для ВСЕХ салонов. Внутренний календарь при этом работает.[39m
PASS test/widgets-live/provider-unknown.live-spec.ts

Test Suites: 1 failed, 1 passed, 2 total
Tests:       1 failed, 6 passed, 7 total
Snapshots:   0 total
Time:        4.184 s
Ran all test suites within paths "test/widgets-live/chat-catalog-booking.live-spec.ts", "test/widgets-live/provider-unknown.live-spec.ts".
Test results written to: ../../../../../../../../tmp/maya-booking-confirmation-http-react-20261006-r1/http-booking-jest.json
