widgets-live: proof database maya_widget_gate_proof_personalowner_495285c76759 on 127.0.0.1:54338 (local)
[31m[Nest] 55425  - [39m10/07/2026, 3:12:37 AM [31m  ERROR[39m [38;5;3m[CrmAdapterFactory] [39m[31mYCLIENTS_PARTNER_TOKEN не задан: подключение YClients и Altegio будет отклоняться для ВСЕХ салонов. Внутренний календарь при этом работает.[39m
[31m[Nest] 55425  - [39m10/07/2026, 3:12:37 AM [31m  ERROR[39m [38;5;3m[CrmAdapterFactory] [39m[31mYCLIENTS_PARTNER_TOKEN не задан: подключение YClients и Altegio будет отклоняться для ВСЕХ салонов. Внутренний календарь при этом работает.[39m
FAIL test/widgets-live/personal-owner-react.probe-spec.ts
  Owner personal booking HTTP/read/restart [SYNTHETIC IDENTITY / SERIALIZED SCRIPTED MODEL / OWN PROVIDER]
    ✕ current owner React form confirms canonical success, revokes safely, and never redispatches UNKNOWN after actual app/PG restart (775 ms)

  ● Owner personal booking HTTP/read/restart [SYNTHETIC IDENTITY / SERIALIZED SCRIPTED MODEL / OWN PROVIDER] › current owner React form confirms canonical success, revokes safely, and never redispatches UNKNOWN after actual app/PG restart

    expect(received).toBe(expected) // Object.is equality

    Expected: 201
    Received: 503

      486 |     catalogOverrides.set(s.tenant.id, { price: 0, price_min: 0, price_max: 0 });
      487 |     const zero = await personal(token, 'appointments/preview', s.dto);
    > 488 |     expect(zero.status).toBe(201);
          |                         ^
      489 |     const zeroBody = zero.body as {
      490 |       services: Array<{ price: number | null }>;
      491 |       factsHash: string;

      at factsHttp (widgets-live/personal-owner-react.probe-spec.ts:488:25)
      at Object.<anonymous> (widgets-live/personal-owner-react.probe-spec.ts:640:30)

Test Suites: 1 failed, 1 total
Tests:       1 failed, 1 total
Snapshots:   0 total
Time:        2.247 s, estimated 77 s
Ran all test suites within paths "test/widgets-live/personal-owner-react.probe-spec.ts".
Test results written to: ../../../../../../../../tmp/maya-booking-facts-react-20261007-r1/prepare-jest.json
