widgets-live: proof database maya_widget_gate_proof_personalowner_e1ae97c88bfc on 127.0.0.1:53570 (local)
[31m[Nest] 84511  - [39m10/07/2026, 1:00:45 AM [31m  ERROR[39m [38;5;3m[CrmAdapterFactory] [39m[31mYCLIENTS_PARTNER_TOKEN не задан: подключение YClients и Altegio будет отклоняться для ВСЕХ салонов. Внутренний календарь при этом работает.[39m
[31m[Nest] 84511  - [39m10/07/2026, 1:00:45 AM [31m  ERROR[39m [38;5;3m[CrmAdapterFactory] [39m[31mYCLIENTS_PARTNER_TOKEN не задан: подключение YClients и Altegio будет отклоняться для ВСЕХ салонов. Внутренний календарь при этом работает.[39m
[33m[Nest] 84511  - [39m10/07/2026, 1:00:46 AM [33m   WARN[39m [38;5;3m[AppointmentsService] [39m[33mnew_appointment inbox failed: R06 exact canonical Appointment/Client/branch required[39m
FAIL test/widgets-live/personal-owner-restart.probe-spec.ts
  Owner personal booking HTTP/read/restart [SYNTHETIC IDENTITY / SERIALIZED SCRIPTED MODEL / OWN PROVIDER]
    ✕ keeps actual owner authority; confirms only canonical success; restart reads and replay never redispatch UNKNOWN (998 ms)

  ● Owner personal booking HTTP/read/restart [SYNTHETIC IDENTITY / SERIALIZED SCRIPTED MODEL / OWN PROVIDER] › keeps actual owner authority; confirms only canonical success; restart reads and replay never redispatch UNKNOWN

    expect(received).toContain(expected) // indexOf

    Expected substring: "PRIVATE_OWNER_VISIT"
    Received string:    "Не удалось подтвердить ваши записи и время визита. Попробуйте повторить запрос позже."

      419 |     const body = r.body as Chat;
      420 |     if (expectPrivate) {
    > 421 |       expect(body.reply).toContain('PRIVATE_OWNER_VISIT');
          |                          ^
      422 |       expect(body.reply).toMatch(/12:00/);
      423 |     } else
      424 |       expect(body.reply).not.toMatch(

      at chat (widgets-live/personal-owner-restart.probe-spec.ts:421:26)
      at Object.<anonymous> (widgets-live/personal-owner-restart.probe-spec.ts:523:21)

Test Suites: 1 failed, 1 total
Tests:       1 failed, 1 total
Snapshots:   0 total
Time:        1.813 s, estimated 2 s
Ran all test suites within paths "test/widgets-live/personal-owner-restart.probe-spec.ts".
Test results written to: ../../../../../../../../tmp/maya-personal-owner-http-restart-20261007-r4/prepare-jest.json
