widgets-live: proof database maya_widget_gate_proof_personalowner_b450ec5678a5 on 127.0.0.1:59462 (local)
[31m[Nest] 7390  - [39m10/07/2026, 1:42:47 AM [31m  ERROR[39m [38;5;3m[CrmAdapterFactory] [39m[31mYCLIENTS_PARTNER_TOKEN не задан: подключение YClients и Altegio будет отклоняться для ВСЕХ салонов. Внутренний календарь при этом работает.[39m
[31m[Nest] 7390  - [39m10/07/2026, 1:42:47 AM [31m  ERROR[39m [38;5;3m[CrmAdapterFactory] [39m[31mYCLIENTS_PARTNER_TOKEN не задан: подключение YClients и Altegio будет отклоняться для ВСЕХ салонов. Внутренний календарь при этом работает.[39m
FAIL test/widgets-live/personal-owner-react.probe-spec.ts (75.546 s)
  Owner personal booking HTTP/read/restart [SYNTHETIC IDENTITY / SERIALIZED SCRIPTED MODEL / OWN PROVIDER]
    ✕ current owner React form confirms canonical success, revokes safely, and never redispatches UNKNOWN after actual app/PG restart (74785 ms)

  ● Owner personal booking HTTP/read/restart [SYNTHETIC IDENTITY / SERIALIZED SCRIPTED MODEL / OWN PROVIDER] › current owner React form confirms canonical success, revokes safely, and never redispatches UNKNOWN after actual app/PG restart

    Personal owner browser failed: Timed out: combined real chat response

      549 |           if (failure) reject(failure);
      550 |           else if (code !== 0)
    > 551 |             reject(new Error('Personal owner browser failed: ' + stderr));
          |                    ^
      552 |           else resolve();
      553 |         }, reject);
      554 |       });

      at widgets-live/personal-owner-react.probe-spec.ts:551:20

Test Suites: 1 failed, 1 total
Tests:       1 failed, 1 total
Snapshots:   0 total
Time:        75.565 s
Ran all test suites within paths "test/widgets-live/personal-owner-react.probe-spec.ts".
Test results written to: ../../../../../../../../tmp/maya-personal-owner-react-20261007-r4/resume-jest.json
