widgets-live: proof database maya_widget_gate_proof_unified on 127.0.0.1:57463 (local)
[31m[Nest] 91640  - [39m10/06/2026, 10:31:39 PM [31m  ERROR[39m [38;5;3m[CrmAdapterFactory] [39m[31mYCLIENTS_PARTNER_TOKEN не задан: подключение YClients и Altegio будет отклоняться для ВСЕХ салонов. Внутренний календарь при этом работает.[39m
[31m[Nest] 91640  - [39m10/06/2026, 10:31:39 PM [31m  ERROR[39m [38;5;3m[CrmAdapterFactory] [39m[31mYCLIENTS_PARTNER_TOKEN не задан: подключение YClients и Altegio будет отклоняться для ВСЕХ салонов. Внутренний календарь при этом работает.[39m
FAIL test/widgets-live/development-integration.browser-spec.ts (24.869 s)
  combined current React carrier [SCRIPTED SYNTHETIC]
    ✕ checks pricing, C9 evidence, restricted schedule denial, history, offline and revocation (20690 ms)

  ● combined current React carrier [SCRIPTED SYNTHETIC] › checks pricing, C9 evidence, restricted schedule denial, history, offline and revocation

    Combined browser exited 1: The expression evaluated to a falsy value:

      assert.ok(await page.waitFor('document.body.innerText.includes("Цена услуги") && document.body.innerText.includes("обновлена")'))

      140 |             else if (code !== 0)
      141 |               reject(
    > 142 |                 new Error(
          |                 ^
      143 |                   `Combined browser exited ${code}: ${stderr.slice(-2000)}`,
      144 |                 ),
      145 |               );

      at widgets-live/development-integration.browser-spec.ts:142:17

Test Suites: 1 failed, 1 total
Tests:       1 failed, 1 total
Snapshots:   0 total
Time:        24.889 s
Ran all test suites within paths "test/widgets-live/development-integration.browser-spec.ts".
Test results written to: ../../../../../../../../tmp/maya-unified-gate-20261006/combined-browser-1-jest.json
