widgets-live: proof database maya_widget_gate_proof_unified on 127.0.0.1:57463 (local)
[31m[Nest] 89093  - [39m10/06/2026, 10:26:52 PM [31m  ERROR[39m [38;5;3m[CrmAdapterFactory] [39m[31mYCLIENTS_PARTNER_TOKEN не задан: подключение YClients и Altegio будет отклоняться для ВСЕХ салонов. Внутренний календарь при этом работает.[39m
[31m[Nest] 89093  - [39m10/06/2026, 10:26:52 PM [31m  ERROR[39m [38;5;3m[CrmAdapterFactory] [39m[31mYCLIENTS_PARTNER_TOKEN не задан: подключение YClients и Altegio будет отклоняться для ВСЕХ салонов. Внутренний календарь при этом работает.[39m
FAIL test/widgets-live/development-integration.live-spec.ts
  combined owner conversation [HTTP] [PostgreSQL] [SCRIPTED SYNTHETIC]
    ✕ persists one conversation: general → C9 evidence → exact pricing approval → unavailable schedule editor (838 ms)

  ● combined owner conversation [HTTP] [PostgreSQL] [SCRIPTED SYNTHETIC] › persists one conversation: general → C9 evidence → exact pricing approval → unavailable schedule editor

    expect(received).toContain(expected) // indexOf

    Expected value: 400
    Received array: [403, 404]

      117 |       .get(`/api/orchestration/runs/${occupancy.coordination.run_id}`)
      118 |       .set('Authorization', `Bearer ${foreignToken}`);
    > 119 |     expect([403, 404]).toContain(foreignRead.status);
          |                        ^
      120 |     expect(f.businessWrites(occupancyMark)).toEqual([]);
      121 |     const pricingMark = f.http.recorder.mark();
      122 |     const price = await turn(INTEGRATION_PROMPTS.price);

      at Object.<anonymous> (widgets-live/development-integration.live-spec.ts:119:24)

Test Suites: 1 failed, 1 total
Tests:       1 failed, 1 total
Snapshots:   0 total
Time:        1.739 s, estimated 2 s
Ran all test suites within paths "test/widgets-live/development-integration.live-spec.ts".
Test results written to: ../../../../../../../../tmp/maya-unified-gate-20261006/combined-http-attempt3.json
