widgets-live: proof database maya_widget_gate_proof_c9occ_cabd6a6ae729 on 127.0.0.1:59490 (local)
[31m[Nest] 64025  - [39m10/08/2026, 11:17:46 AM [31m  ERROR[39m [38;5;3m[CrmAdapterFactory] [39m[31mYCLIENTS_PARTNER_TOKEN не задан: подключение YClients и Altegio будет отклоняться для ВСЕХ салонов. Внутренний календарь при этом работает.[39m
[31m[Nest] 64025  - [39m10/08/2026, 11:17:46 AM [31m  ERROR[39m [38;5;3m[CrmAdapterFactory] [39m[31mYCLIENTS_PARTNER_TOKEN не задан: подключение YClients и Altegio будет отклоняться для ВСЕХ салонов. Внутренний календарь при этом работает.[39m
FAIL ../../../../../../../../tmp/maya-goods-photo-20261008/goods-photo.probe-spec.ts
  Photo HTTP preparation [SYNTHETIC PARSER AND RECEIPT PORT]
    ✕ makes only explicit reads; reviews, rejects and corrects immutable owner proposals (128 ms)

  ● Photo HTTP preparation [SYNTHETIC PARSER AND RECEIPT PORT] › makes only explicit reads; reviews, rejects and corrects immutable owner proposals

    expect(received).toEqual(expected) // deep equality

    - Expected  - 22
    + Received  +  1

    - Array [
    -   "opened",
    -   "uploaded",
    -   "selected",
    -   "searched",
    -   "detail",
    -   "reviewed",
    -   "rejected",
    -   "corrected",
    -   "approved",
    -   "cancel-start",
    -   "cancel-inflight",
    -   "cancelled",
    -   "cancel-late",
    -   "unknown-uploaded",
    -   "unknown-selected",
    -   "unknown-searched",
    -   "unknown-detail",
    -   "unknown",
    -   "reload",
    -   "revoked",
    - ]
    + Array []



      at browserProof (../../../../../../../../../tmp/maya-goods-photo-20261008/goods-photo.probe-spec.ts:300:29)
      at Object.<anonymous> (../../../../../../../../../tmp/maya-goods-photo-20261008/goods-photo.probe-spec.ts:312:13)

Test Suites: 1 failed, 1 total
Tests:       1 failed, 1 total
Snapshots:   0 total
Time:        4.187 s
Ran all test suites within paths "/tmp/maya-goods-photo-20261008/goods-photo.probe-spec.ts".
Test results written to: ../../../../../../../../tmp/maya-goods-photo-20261008/browser-attempt1/browser-jest.json
