widgets-live: proof database maya_widget_gate_proof_reviewsperiod_a0ccf93dbba1 on 127.0.0.1:61603 (local)
[31m[Nest] 29673  - [39m10/09/2026, 5:20:55 PM [31m  ERROR[39m [38;5;3m[CrmAdapterFactory] [39m[31mYCLIENTS_PARTNER_TOKEN не задан: подключение YClients и Altegio будет отклоняться для ВСЕХ салонов. Внутренний календарь при этом работает.[39m
[31m[Nest] 29673  - [39m10/09/2026, 5:20:55 PM [31m  ERROR[39m [38;5;3m[CrmAdapterFactory] [39m[31mYCLIENTS_PARTNER_TOKEN не задан: подключение YClients и Altegio будет отклоняться для ВСЕХ салонов. Внутренний календарь при этом работает.[39m
FAIL test/widgets-live/reviews-period-read-restart.probe-spec.ts
  reviews exact calendar HTTP/auth/parser/C9 READ [SCRIPTED MODEL, SYNTHETIC CANONICAL FACTS]
    ✕ reads the exact calendar scope without private review text and preserves receipts across restart (2304 ms)

  ● reviews exact calendar HTTP/auth/parser/C9 READ [SCRIPTED MODEL, SYNTHETIC CANONICAL FACTS] › reads the exact calendar scope without private review text and preserves receipts across restart

    expect(received).toBe(expected) // Object.is equality

    Expected: "Отзывы бизнеса недоступны вашей роли."
    Received: "MAYA не входит в ваш текущий тариф, поэтому я не могу открыть данные бизнеса. Ассистент включён в тариф Business+ — после перехода все ответы по вашей CRM станут доступны сразу, ничего настраивать не нужно."

      1090 |         const roleResponse = await chat(await login(a, actor), EXACT);
      1091 |         expect(roleResponse.status).toBe(201);
    > 1092 |         expect(roleResponse.body.reply).toBe(SCRIPTED_DENIAL);
           |                                         ^
      1093 |         expect(roleResponse.body.tools_used ?? []).toEqual([]);
      1094 |         expect(registryReads).toHaveLength(n);
      1095 |         assertPrivateAbsent(roleResponse.body);

      at Object.<anonymous> (widgets-live/reviews-period-read-restart.probe-spec.ts:1092:41)

Test Suites: 1 failed, 1 total
Tests:       1 failed, 1 total
Snapshots:   0 total
Time:        3.195 s
Ran all test suites within paths "test/widgets-live/reviews-period-read-restart.probe-spec.ts".
Test results written to: ../../../../../../../../private/tmp/maya-reviews-period-http-20261009-r3/prepare-jest.json
